2022-09-18T02:47:39 U-Boot SPL 2022.07-rc3 (May 27 2022 - 12:50:42 +0000)
2022-09-18T02:47:39 PMUFW:	v1.1
2022-09-18T02:47:39 Loading new PMUFW cfg obj (2032 bytes)
2022-09-18T02:47:39 Silicon version:	3
2022-09-18T02:47:39 EL Level:	EL3
2022-09-18T02:47:39 Chip ID:	xck26
2022-09-18T02:47:39 Secure Boot:	not authenticated, not encrypted
2022-09-18T02:47:39 Multiboot:	64
2022-09-18T02:47:39 Trying to boot from SPI
2022-09-18T02:47:39 NOTICE:  BL31: v2.6(release):v2.6-879-gc3bdd3d3cf-dirty
2022-09-18T02:47:40 NOTICE:  BL31: Built : 09:30:50, May  9 2022�H�\"��՝}Յ���5R�
2022-09-18T02:47:40 
2022-09-18T02:47:40 U-Boot 2022.07-rc3 (May 27 2022 - 12:50:42 +0000)
2022-09-18T02:47:40 
2022-09-18T02:47:40 CPU:   ZynqMP
2022-09-18T02:47:40 Silicon: v3
2022-09-18T02:47:41 Detected name: zynqmp-sm-k26-xcl2gc-rev1 -sck-kv-g-rev1
2022-09-18T02:47:41 Model: ZynqMP SM-K26 Rev1/B/A
2022-09-18T02:47:41 Board: Xilinx ZynqMP
2022-09-18T02:47:41 DRAM:  4 GiB
2022-09-18T02:47:41 PMUFW:	v1.1
2022-09-18T02:47:41 Xilinx I2C FRU format at nvmem0:
2022-09-18T02:47:41  Manufacturer Name: XILINX
2022-09-18T02:47:41  Product Name: SM-K26-XCL2GC
2022-09-18T02:47:41  Serial No: XFL1OTRUW0NW
2022-09-18T02:47:41  Part Number: 5057-02  
2022-09-18T02:47:41  File ID: 0x0
2022-09-18T02:47:41  Revision Number: 1 
2022-09-18T02:47:41 Xilinx I2C FRU format at nvmem1:
2022-09-18T02:47:41  Manufacturer Name: XILINX
2022-09-18T02:47:41  Product Name: SCK-KV-G        
2022-09-18T02:47:41  Serial No: XFL1EMYMAA30
2022-09-18T02:47:41  Part Number: 5066-01  
2022-09-18T02:47:41  File ID: 0x0
2022-09-18T02:47:41  Revision Number: 1
2022-09-18T02:47:41 EL Level:	EL2
2022-09-18T02:47:41 Chip ID:	xck26
2022-09-18T02:47:41 Secure Boot:	not authenticated, not encrypted
2022-09-18T02:47:41 Core:  127 devices, 33 uclasses, devicetree: fit
2022-09-18T02:47:42 7[r[999;999H[6n8NAND:  0 MiB
2022-09-18T02:47:43 MMC:   mmc@ff160000: 0, mmc@ff170000: 1
2022-09-18T02:47:43 Loading Environment from nowhere... OK
2022-09-18T02:47:43 In:    serial
2022-09-18T02:47:43 Out:   serial
2022-09-18T02:47:43 Err:   serial
2022-09-18T02:47:43 Bootmode: QSPI_MODE
2022-09-18T02:47:43 Reset reason:	SOFT 
2022-09-18T02:47:43 Net:   PHY reset timed out
2022-09-18T02:47:43 
2022-09-18T02:47:43 ZYNQ GEM: ff0e0000, mdio bus ff0e0000, phyaddr 1, interface rgmii-id
2022-09-18T02:47:43 eth0: ethernet@ff0e0000
2022-09-18T02:47:43 
2022-09-18T02:47:43 Hit any key to stop autoboot:  
2022-09-18T02:47:43 end: 3.4.2 bootloader-interrupt (duration 00:00:06) [common]
2022-09-18T02:47:43 start: 3.4.3 bootloader-commands (timeout 00:14:39) [common]
2022-09-18T02:47:43 Setting prompt string to ['ZynqMP>']
2022-09-18T02:47:43 bootloader-commands: Wait for prompt ['ZynqMP>'] (timeout 00:14:39)
2022-09-18T02:47:43 2 
2022-09-18T02:47:43  0 
2022-09-18T02:47:43 ZynqMP> 
2022-09-18T02:47:43 Setting prompt string to ['ZynqMP>', 'Resetting CPU', 'Must RESET board to recover', 'TIMEOUT', 'Retry count exceeded', 'Retry time exceeded; starting again', 'ERROR: The remote end did not respond in time.', 'File not found', 'Bad Linux ARM64 Image magic!', 'Wrong Ramdisk Image Format', 'Ramdisk image is corrupt or invalid', 'ERROR: Failed to allocate', 'TFTP error: trying to overwrite reserved memory', 'Bad Linux RISCV Image magic!', 'Wrong Image Format for boot', 'ERROR: Did not find a cmdline Flattened Device Tree', 'ERROR: RD image overlaps OS image']
2022-09-18T02:47:43 ls mmc 1:1 /
2022-09-18T02:47:43 ZynqMP> ls mmc 1:1 /
2022-09-18T02:47:43 bootloader-commands: Wait for prompt ['ZynqMP>', 'Resetting CPU', 'Must RESET board to recover', 'TIMEOUT', 'Retry count exceeded', 'Retry time exceeded; starting again', 'ERROR: The remote end did not respond in time.', 'File not found', 'Bad Linux ARM64 Image magic!', 'Wrong Ramdisk Image Format', 'Ramdisk image is corrupt or invalid', 'ERROR: Failed to allocate', 'TFTP error: trying to overwrite reserved memory', 'Bad Linux RISCV Image magic!', 'Wrong Image Format for boot', 'ERROR: Did not find a cmdline Flattened Device Tree', 'ERROR: RD image overlaps OS image'] (timeout 00:14:39)
2022-09-18T02:47:43 ls mmc 1:2 /
2022-09-18T02:47:43 ls mmc 1:2 /
2022-09-18T02:47:43 bootloader-commands: Wait for prompt ['ZynqMP>', 'Resetting CPU', 'Must RESET board to recover', 'TIMEOUT', 'Retry count exceeded', 'Retry time exceeded; starting again', 'ERROR: The remote end did not respond in time.', 'File not found', 'Bad Linux ARM64 Image magic!', 'Wrong Ramdisk Image Format', 'Ramdisk image is corrupt or invalid', 'ERROR: Failed to allocate', 'TFTP error: trying to overwrite reserved memory', 'Bad Linux RISCV Image magic!', 'Wrong Image Format for boot', 'ERROR: Did not find a cmdline Flattened Device Tree', 'ERROR: RD image overlaps OS image'] (timeout 00:14:39)
2022-09-18T02:47:43 ls mmc 1:1 /
2022-09-18T02:47:43 ls mmc 1:1 /
2022-09-18T02:47:43 ls mmc 1:2 /
2022-09-18T02:47:44             EFI/
2022-09-18T02:47:44  34795536   Image
2022-09-18T02:47:44             dtb/
2022-09-18T02:47:44  25302261   ledge-initramfs.rootfs.cpio.gz
2022-09-18T02:47:44      5720   ubootefi.var
2022-09-18T02:47:44 
2022-09-18T02:47:44 3 file(s), 2 dir(s)
2022-09-18T02:47:44 
2022-09-18T02:47:44 ZynqMP> 
2022-09-18T02:47:44 efidebug boot order
2022-09-18T02:47:44 efidebug boot order
2022-09-18T02:47:44 bootloader-commands: Wait for prompt ['ZynqMP>', 'Resetting CPU', 'Must RESET board to recover', 'TIMEOUT', 'Retry count exceeded', 'Retry time exceeded; starting again', 'ERROR: The remote end did not respond in time.', 'File not found', 'Bad Linux ARM64 Image magic!', 'Wrong Ramdisk Image Format', 'Ramdisk image is corrupt or invalid', 'ERROR: Failed to allocate', 'TFTP error: trying to overwrite reserved memory', 'Bad Linux RISCV Image magic!', 'Wrong Image Format for boot', 'ERROR: Did not find a cmdline Flattened Device Tree', 'ERROR: RD image overlaps OS image'] (timeout 00:14:38)
2022-09-18T02:47:44             EFI/
2022-09-18T02:47:44  34795536   Image
2022-09-18T02:47:44             dtb/
2022-09-18T02:47:44  25302261   ledge-initramfs.rootfs.cpio.gz
2022-09-18T02:47:44      5efidebug boot order720   ubootefi.var
2022-09-18T02:47:44 
2022-09-18T02:47:44 3 file(s), 2 dir(s)
2022-09-18T02:47:44 
2022-09-18T02:47:44 ZynqMP> ls mmc 1:2 /
2022-09-18T02:47:44 <DIR>       4096 .
2022-09-18T02:47:44 <DIR>       4096 ..
2022-09-18T02:47:44 <DIR>      163
2022-09-18T02:47:44 printenv -e BootNext
2022-09-18T02:47:44 printenv -e BootNext
2022-09-18T02:47:44 bootloader-commands: Wait for prompt ['ZynqMP>', 'Resetting CPU', 'Must RESET board to recover', 'TIMEOUT', 'Retry count exceeded', 'Retry time exceeded; starting again', 'ERROR: The remote end did not respond in time.', 'File not found', 'Bad Linux ARM64 Image magic!', 'Wrong Ramdisk Image Format', 'Ramdisk image is corrupt or invalid', 'ERROR: Failed to allocate', 'TFTP error: trying to overwrite reserved memory', 'Bad Linux RISCV Image magic!', 'Wrong Image Format for boot', 'ERROR: Did not find a cmdline Flattened Device Tree', 'ERROR: RD image overlaps OS image'] (timeout 00:14:38)
2022-09-18T02:47:44 84 lost+found
2022-09-18T02:47:44 <DIR>       4096 bin
2022-09-18T02:47:44 <DIR>       4096 boot
2022-09-18T02:47:44 <DIR>       4096 dev
2022-09-18T02:47:44 <DIR>       4096 etc
2022-09-18T02:47:44 <DIR>       4096 home
2022-09-18T02:47:44 <DIR>       4096 lib
2022-09-18T02:47:44 <DIR>       4096 media
2022-09-18T02:47:44 <DIR>       4096 mnt
2022-09-18T02:47:44 <DIR>       4096 opt
2022-09-18T02:47:44 <DIR>       4096 proc
2022-09-18T02:47:44 <DIR>       4096 run
2022-09-18T02:47:44 <DIR>       4096 sbin
2022-09-18T02:47:44 <DIR>       4096 srv
2022-09-18T02:47:44 <DIR>       4096 sys
2022-09-18T02:47:44 <DIR>       4096 tmpprintenv -e BootNext
2022-09-18T02:47:44 <DIR>       4096 usr
2022-09-18T02:47:44 <DIR>       4096 var
2022-09-18T02:47:44 <DIR>       4096 pts
2022-09-18T02:47:44 <DIR>       4096 efivars
2022-09-18T02:47:44 ZynqMP> 
2022-09-18T02:47:44 <DIR>       4096 .
2022-09-18T02:47:44 <DIR>       4096 ..
2022-09-18T02:47:44 <DIR>      16384 lost+found
2022-09-18T02:47:44 
2022-09-18T02:47:44 efidebug boot dump
2022-09-18T02:47:44 efidebug boot dump
2022-09-18T02:47:44 bootloader-commands: Wait for prompt ['ZynqMP>', 'Resetting CPU', 'Must RESET board to recover', 'TIMEOUT', 'Retry count exceeded', 'Retry time exceeded; starting again', 'ERROR: The remote end did not respond in time.', 'File not found', 'Bad Linux ARM64 Image magic!', 'Wrong Ramdisk Image Format', 'Ramdisk image is corrupt or invalid', 'ERROR: Failed to allocate', 'TFTP error: trying to overwrite reserved memory', 'Bad Linux RISCV Image magic!', 'Wrong Image Format for boot', 'ERROR: Did not find a cmdline Flattened Device Tree', 'ERROR: RD image overlaps OS image'] (timeout 00:14:38)
2022-09-18T02:47:44 <DIR>       4096 bin
2022-09-18T02:47:44 <DIR>       4096 boot
2022-09-18T02:47:44 <DIR>       4096 dev
2022-09-18T02:47:44 <DIR>       4096 etc
2022-09-18T02:47:44 <DIR>       4096 home
2022-09-18T02:47:44 <DIR>       4096 lib
2022-09-18T02:47:44 <DIR>       4096 media
2022-09-18T02:47:44 <DIR>       4096 mnt
2022-09-18T02:47:44 <DIR>       4096 opt
2022-09-18T02:47:44 <DIR>       4096 proc
2022-09-18T02:47:44 <DIR>       4096 run
2022-09-18T02:47:44 <DIR>       4096 sbin
2022-09-18T02:47:44 <DIR>       4096 srvefidebug boot dump
2022-09-18T02:47:44 <DIR>       4096 sys
2022-09-18T02:47:44 <DIR>       4096 tmp
2022-09-18T02:47:44 <DIR>       4096 usr
2022-09-18T02:47:44 <DIR>       4096 var
2022-09-18T02:47:44 <DIR>       4096 pts
2022-09-18T02:47:44 <DIR>       4096 efivars
2022-09-18T02:47:44 ZynqMP> efidebug boot order
2022-09-18T02:47:44 
2022-09-18T02:47:44 setenv -e -rt -bs BootNext
2022-09-18T02:47:45 setenv -e -rt -bs BootNext
2022-09-18T02:47:45 bootloader-commands: Wait for prompt ['ZynqMP>', 'Resetting CPU', 'Must RESET board to recover', 'TIMEOUT', 'Retry count exceeded', 'Retry time exceeded; starting again', 'ERROR: The remote end did not respond in time.', 'File not found', 'Bad Linux ARM64 Image magic!', 'Wrong Ramdisk Image Format', 'Ramdisk image is corrupt or invalid', 'ERROR: Failed to allocate', 'TFTP error: trying to overwrite reserved memory', 'Bad Linux RISCV Image magic!', 'Wrong Image Format for boot', 'ERROR: Did not find a cmdline Flattened Device Tree', 'ERROR: RD image overlaps OS image'] (timeout 00:14:37)
2022-09-18T02:47:45 tpm_tis_spi_probe: missing reset GPIO
2022-09-18T02:47:45 setenv -e -rt -bs BootNext
2022-09-18T02:47:45  1: Boot0001: BootLedge
2022-09-18T02:47:45 ZynqMP> 
2022-09-18T02:47:45 efidebug boot rm -b 1
2022-09-18T02:47:45 ZynqMP> printenv -e BootNextefidebug boot rm -b 1
2022-09-18T02:47:45 bootloader-commands: Wait for prompt ['ZynqMP>', 'Resetting CPU', 'Must RESET board to recover', 'TIMEOUT', 'Retry count exceeded', 'Retry time exceeded; starting again', 'ERROR: The remote end did not respond in time.', 'File not found', 'Bad Linux ARM64 Image magic!', 'Wrong Ramdisk Image Format', 'Ramdisk image is corrupt or invalid', 'ERROR: Failed to allocate', 'TFTP error: trying to overwrite reserved memory', 'Bad Linux RISCV Image magic!', 'Wrong Image Format for boot', 'ERROR: Did not find a cmdline Flattened Device Tree', 'ERROR: RD image overlaps OS image'] (timeout 00:14:36)
2022-09-18T02:47:45 efidebug boot add -b 1 BootLedge mmc 1:1 efi/boot/bootaa64.efi -i mmc 1:1 ledge-initramfs.rootfs.cpio.gz -s 'console=ttyPS1,115200 console=tty0 root=UUID=6091b3a4-ce08-3020-93a6-f755a22ef03b rootwait panic=60'
2022-09-18T02:47:46 efidebug boot add -b 1 BootLedge mmc 1:1 efi/boot/bootaa64.efi -i mmc 1:1 ledge-initramfs.rootfs.cpio.gz -s 'console=ttyPS1,115200 console=tty0 root=UUID=6091b3a4-ce08-3020-93a6-f755a22ef03b rootwait panic=60'
2022-09-18T02:47:46 bootloader-commands: Wait for prompt ['ZynqMP>', 'Resetting CPU', 'Must RESET board to recover', 'TIMEOUT', 'Retry count exceeded', 'Retry time exceeded; starting again', 'ERROR: The remote end did not respond in time.', 'File not found', 'Bad Linux ARM64 Image magic!', 'Wrong Ramdisk Image Format', 'Ramdisk image is corrupt or invalid', 'ERROR: Failed to allocate', 'TFTP error: trying to overwrite reserved memory', 'Bad Linux RISCV Image magic!', 'Wrong Image Format for boot', 'ERROR: Did not find a cmdline Flattened Device Tree', 'ERROR: RD image overlaps OS image'] (timeout 00:14:36)
2022-09-18T02:47:46 
2022-09-18T02:47:46 Error: \"BootNext\" not defined
2022-09-18T02:47:46 ZynqMP> 
2022-09-18T02:47:46 Error: \"BootNext\" not defined
2022-09-18T02:47:46 ZynqMP> efidebug boot dump
2022-09-18T02:47:46 Boot0001:
2022-09-18T02:47:46 attributes: A-- (0x00000001)
2022-09-18T02:47:46   label: BootLedge
2022-09-18T02:47:46   file_path: /HD(1,GPT,00112233-1234-1111-2222-000123456789,0x28,0x40000)/efi\boot\bootaa64.efi
2022-09-18T02:47:46   initrd_path: /HD(1,GPT,00112233-1234-1111-2222-000123456789,0x28,0x40000)/ledge-initramfs.rootfs.cpio.gz
2022-09-18T02:47:46   data:
2022-09-18T02:47:46     00000000: 63 00 6f 00 6e 00 73 00 6f 00 6c 00 65 00 3d 00  c.o.n.s.o.l.e.=.
2022-09-18T02:47:46     00000010: 74 00 74 00 79 00 50 00 53 00 31 00 2c 00 31 00  t.t.y.P.S.1.,.1.
2022-09-18T02:47:46     00000020: 31 00 35 efidebug boot rm -b 100 32 00 30 00 30 00 20 00 63 00 6f 00  1.5.2.0.0. .c.o.
2022-09-18T02:47:46     00000030: 6e 00 73 00 6f 00 6c 00 65 00 3d 00 74 00 74 00  n.s.o.l.e.=.t.t.
2022-09-18T02:47:46     00000040: 79 00 30 00 20 00 72 00 6f 00 6f 00 74 00 3d 00  y.0. .r.o.o.t.=.
2022-09-18T02:47:46     00000050: 55 00 55 00 49 00 44 00 3d 00 36 00 30 00 39 00  U.U.I.D.=.6.0.9.
2022-09-18T02:47:46     00000060: 31 00 62 00 33 00 61 00 34 00 2d 00 63 00 65 00  1.b.3.a.4.-.c.e.
2022-09-18T02:47:46     00000070: 30 00 38 00 2d 00 33 00 30 00 32 00 30 00 2d 00  0.8.-.3.0.2.0.-.
2022-09-18T02:47:46     00000080: 39 00 33 00 61 00 36 00 2d 00 66 00 37 00 35 00  9.3.a.6.-.f.7.5.
2022-09-18T02:47:46     0000009
2022-09-18T02:47:46 0: 35 00 61 00 32 00 32 00 65 00 66 00 30 00 33 00  5.a.2.2.e.f.0.3.
2022-09-18T02:47:46     000000a0: 62 00 20 00 72 00 6f 00 6f 00 74 00 77 00 61 00  b. .r.o.o.t.w.a.
2022-09-18T02:47:46     000000b0: 69 00 74 00 20 00 70 00 61 00 6e 00 69 00 63 00  i.t. .p.a.n.i.c.
2022-09-18T02:47:46     000000c0: 3d 00 36 00 30 00 00 00                          =.6.0...
2022-09-18T02:47:46 ZynqMP> t -bs Boo
2022-09-18T02:47:46 Unknown command 't' - try 'help'
2022-09-18T02:47:46 ZynqMP> efidebug boot rm -b 1
2022-09-18T02:47:46 ZynqMP> 
2022-09-18T02:47:46 ZynqMP> efidebug boot add -b 1 BootLedge mmc 1:1 efi/boot/bootaa64.efi -i mmc 1:1 ledge-initramfs.rootfs.cpio.gz -s 'console=ttyPS1,115200 console=tty0 root=UUID=6091b3a4-ce08-3020-93a6-f755a22ef03b rootwait panic=60'
2022-09-18T02:47:46 efidebug boot order 1
2022-09-18T02:47:46 efidebug boot add -b 1 BootLedge mmc 1:efidebug boot order 1
2022-09-18T02:47:46 bootloader-commands: Wait for prompt ['ZynqMP>', 'Resetting CPU', 'Must RESET board to recover', 'TIMEOUT', 'Retry count exceeded', 'Retry time exceeded; starting again', 'ERROR: The remote end did not respond in time.', 'File not found', 'Bad Linux ARM64 Image magic!', 'Wrong Ramdisk Image Format', 'Ramdisk image is corrupt or invalid', 'ERROR: Failed to allocate', 'TFTP error: trying to overwrite reserved memory', 'Bad Linux RISCV Image magic!', 'Wrong Image Format for boot', 'ERROR: Did not find a cmdline Flattened Device Tree', 'ERROR: RD image overlaps OS image'] (timeout 00:14:36)
2022-09-18T02:47:46 echo "Starting kernel"; bootefi bootmgr
2022-09-18T02:47:46 echo \"Starting kernel\"; bootefi bootmgr
2022-09-18T02:47:46 Setting prompt string to ['Starting kernel']
2022-09-18T02:47:46 bootloader-commands: Wait for prompt ['Starting kernel'] (timeout 00:14:36)
2022-09-18T02:47:46 1 efi/boot/bootaa64.efi -i mmc 1:1 ledge-initramfs.rootfs.cpio.gz -s 'console=ttyPS1,115200 console=tty0 root=UUID=6091b3a4-ce08-3020-93a6-f755a22ef03b rootwait panic=60'
2022-09-18T02:47:46 efidebug boot order 1
2022-09-18T02:47:46 ZynqMP> 
2022-09-18T02:47:46 ZynqMP> efidebug boot order 1
2022-09-18T02:47:46 echo \"Starting kernel\"; bootefi bootmgrZynqMP> 
2022-09-18T02:47:46 ZynqMP> 
2022-09-18T02:47:46 end: 3.4.3 bootloader-commands (duration 00:00:03) [common]
2022-09-18T02:47:46 end: 3.4 uboot-commands (duration 00:00:24) [common]
2022-09-18T02:47:46 end: 3 uboot-action (duration 00:00:24) [common]
2022-09-18T02:47:46 start: 4 minimal-boot (timeout 00:15:00) [common]
2022-09-18T02:47:46 start: 4.1 connect-device (timeout 00:15:00) [common]
2022-09-18T02:47:46 Already connected
2022-09-18T02:47:46 end: 4.1 connect-device (duration 00:00:00) [common]
2022-09-18T02:47:46 start: 4.2 auto-login-action (timeout 00:15:00) [common]
2022-09-18T02:47:46 Setting prompt string to ['Linux version [0-9]']
2022-09-18T02:47:46 auto-login-action: Wait for prompt ['Linux version [0-9]'] (timeout 00:15:00)
2022-09-18T02:47:46 echo \"Starting kernel\"; bootefi bootmgr
2022-09-18T02:47:46 Starting kernel
2022-09-18T02:47:50 Booting: BootLedge
2022-09-18T02:47:50 EFI stub: Booting Linux Kernel...
2022-09-18T02:47:50 EFI stub: EFI_RNG_PROTOCOL unavailable
2022-09-18T02:47:50 EFI stub: UEFI Secure Boot is enabled.
2022-09-18T02:47:50 EFI stub: Using DTB from configuration table
2022-09-18T02:47:52 EFI stub: Loaded initrd from LINUX_EFI_INITRD_MEDIA_GUID device path
2022-09-18T02:47:52 EFI stub: Exiting boot services...
2022-09-18T02:47:54 [    0.000000] Booting Linux on physical CPU 0x0000000000 [0x410fd034]
2022-09-18T02:47:54 start: 4.2.1 login-action (timeout 00:14:52) [common]
2022-09-18T02:47:54 Setting prompt string to ['-+\\[ cut here \\]-+\\s+(.*\\s+-+\\[ end trace (\\w*) \\]-+)', '(Unhandled fault.*)\\r\\n', 'Kernel panic - (.*) end Kernel panic', 'Stack:\\s+(.*\\s+-+\\[ end trace (\\w*) \\]-+)', '^[^\\n]+WARNING:.*?$', '^[^\\n]+Oops(?: -|:).*?$', '^[^\\n]+BUG:.*?$']
2022-09-18T02:47:54 Using line separator: #'\n'#
2022-09-18T02:47:54 Waiting for the login prompt
2022-09-18T02:47:54 Parsing kernel messages
2022-09-18T02:47:54 ['-+\\[ cut here \\]-+\\s+(.*\\s+-+\\[ end trace (\\w*) \\]-+)', '(Unhandled fault.*)\\r\\n', 'Kernel panic - (.*) end Kernel panic', 'Stack:\\s+(.*\\s+-+\\[ end trace (\\w*) \\]-+)', '^[^\\n]+WARNING:.*?$', '^[^\\n]+Oops(?: -|:).*?$', '^[^\\n]+BUG:.*?$', 'ledge-qemuarm64:', 'login:', 'Login incorrect']
2022-09-18T02:47:54 [login-action] Waiting for messages, (timeout 00:14:52)
2022-09-18T02:47:54 [    0.000000] Linux version 5.15.34 (oe-user@oe-host) (aarch64-linaro-linux-gcc (GCC) 10.2.1 20201103, GNU ld (GNU Binutils) 2.36.1.20210209) #1 SMP PREEMPT Fri May 6 05:56:02 UTC 2022
2022-09-18T02:47:54 [    0.000000] Machine model: ZynqMP SM-K26 Rev1/B/A
2022-09-18T02:47:54 [    0.000000] efi: EFI v2.90 by Das U-Boot
2022-09-18T02:47:54 [    0.000000] efi: ESRT=0x778d8040 TPMFinalLog=0x778dc040 RTPROP=0x778da040 SMBIOS=0x778d6000 TPMEventLog=0x778cf040 MEMRESERVE=0x778cd040 
2022-09-18T02:47:54 [    0.000000] esrt: Reserving ESRT space from 0x00000000778d8040 to 0x00000000778d80a0.
2022-09-18T02:47:54 [    0.000000] NUMA: No NUMA configuration found
2022-09-18T02:47:54 [    0.000000] NUMA: Faking a node at [mem 0x0000000000000000-0x000000087fffffff]
2022-09-18T02:47:54 [    0.000000] NUMA: NODE_DATA [mem 0x87f7cdc00-0x87f7cffff]
2022-09-18T02:47:54 [    0.000000] Zone ranges:
2022-09-18T02:47:54 [    0.000000]   DMA      [mem 0x0000000000000000-0x00000000ffffffff]
2022-09-18T02:47:54 [    0.000000]   DMA32    empty
2022-09-18T02:47:54 [    0.000000]   Normal   [mem 0x0000000100000000-0x000000087fffffff]
2022-09-18T02:47:54 [    0.000000] Movable zone start for each node
2022-09-18T02:47:54 [    0.000000] Early memory node ranges
2022-09-18T02:47:54 [    0.000000]   node   0: [mem 0x0000000000000000-0x00000000778d5fff]
2022-09-18T02:47:54 [    0.000000]   node   0: [mem 0x00000000778d6000-0x00000000778d6fff]
2022-09-18T02:47:54 [    0.000000]   node   0: [mem 0x00000000778d7000-0x00000000778d9fff]
2022-09-18T02:47:54 [    0.000000]   node   0: [mem 0x00000000778da000-0x00000000778dafff]
2022-09-18T02:47:54 [    0.000000]   node   0: [mem 0x00000000778db000-0x00000000778dbfff]
2022-09-18T02:47:54 [    0.000000]   node   0: [mem 0x00000000778dc000-0x00000000778ecfff]
2022-09-18T02:47:54 [    0.000000]   node   0: [mem 0x00000000778ed000-0x00000000778fffff]
2022-09-18T02:47:54 [    0.000000]   node   0: [mem 0x0000000077900000-0x0000000077901fff]
2022-09-18T02:47:54 [    0.000000]   node   0: [mem 0x0000000077902000-0x0000000077902fff]
2022-09-18T02:47:54 [    0.000000]   node   0: [mem 0x0000000077903000-0x0000000077906fff]
2022-09-18T02:47:54 [    0.000000]   node   0: [mem 0x0000000077907000-0x000000007f98ffff]
2022-09-18T02:47:54 [    0.000000]   node   0: [mem 0x000000007f990000-0x000000007f99ffff]
2022-09-18T02:47:54 [    0.000000]   node   0: [mem 0x000000007f9a0000-0x000000007fffffff]
2022-09-18T02:47:54 [    0.000000]   node   0: [mem 0x0000000800000000-0x000000087fffffff]
2022-09-18T02:47:54 [    0.000000] Initmem setup node 0 [mem 0x0000000000000000-0x000000087fffffff]
2022-09-18T02:47:54 [    0.000000] cma: Reserved 64 MiB at 0x000000007b800000
2022-09-18T02:47:54 [    0.000000] psci: probing for conduit method from DT.
2022-09-18T02:47:54 [    0.000000] psci: PSCIv1.1 detected in firmware.
2022-09-18T02:47:54 [    0.000000] psci: Using standard PSCI v0.2 function IDs
2022-09-18T02:47:54 [    0.000000] psci: MIGRATE_INFO_TYPE not supported.
2022-09-18T02:47:54 [    0.000000] psci: SMC Calling Convention v1.2
2022-09-18T02:47:54 [    0.000000] percpu: Embedded 20 pages/cpu s42712 r8192 d31016 u81920
2022-09-18T02:47:54 [    0.000000] Detected VIPT I-cache on CPU0
2022-09-18T02:47:54 [    0.000000] CPU features: kernel page table isolation forced ON by KASLR
2022-09-18T02:47:54 [    0.000000] CPU features: detected: Kernel page table isolation (KPTI)
2022-09-18T02:47:54 [    0.000000] CPU features: detected: ARM erratum 845719
2022-09-18T02:47:54 [    0.000000] Built 1 zonelists, mobility grouping on.  Total pages: 1032192
2022-09-18T02:47:54 [    0.000000] Policy zone: Normal
2022-09-18T02:47:54 [    0.000000] Kernel command line: console=ttyPS1,115200 console=tty0 root=UUID=6091b3a4-ce08-3020-93a6-f755a22ef03b rootwait panic=60
2022-09-18T02:47:54 [    0.000000] Dentry cache hash table entries: 524288 (order: 10, 4194304 bytes, linear)
2022-09-18T02:47:54 [    0.000000] Inode-cache hash table entries: 262144 (order: 9, 2097152 bytes, linear)
2022-09-18T02:47:54 [    0.000000] mem auto-init: stack:off, heap alloc:off, heap free:off
2022-09-18T02:47:54 [    0.000000] software IO TLB: mapped [mem 0x000000006f5c0000-0x00000000735c0000] (64MB)
2022-09-18T02:47:54 [    0.000000] Memory: 3922328K/4194304K available (17536K kernel code, 3002K rwdata, 8136K rodata, 5184K init, 747K bss, 206440K reserved, 65536K cma-reserved)
2022-09-18T02:47:54 [    0.000000] SLUB: HWalign=64, Order=0-3, MinObjects=0, CPUs=4, Nodes=1
2022-09-18T02:47:54 [    0.000000] rcu: Preemptible hierarchical RCU implementation.
2022-09-18T02:47:54 [    0.000000] rcu: 	RCU event tracing is enabled.
2022-09-18T02:47:54 [    0.000000] rcu: 	RCU restricting CPUs from NR_CPUS=256 to nr_cpu_ids=4.
2022-09-18T02:47:54 [    0.000000] 	Trampoline variant of Tasks RCU enabled.
2022-09-18T02:47:54 [    0.000000] 	Tracing variant of Tasks RCU enabled.
2022-09-18T02:47:54 [    0.000000] rcu: RCU calculated value of scheduler-enlistment delay is 25 jiffies.
2022-09-18T02:47:54 [    0.000000] rcu: Adjusting geometry for rcu_fanout_leaf=16, nr_cpu_ids=4
2022-09-18T02:47:54 [    0.000000] NR_IRQS: 64, nr_irqs: 64, preallocated irqs: 0
2022-09-18T02:47:54 [    0.000000] GIC: Adjusting CPU interface base to 0x00000000f902f000
2022-09-18T02:47:54 [    0.000000] Root IRQ handler: gic_handle_irq
2022-09-18T02:47:54 [    0.000000] GIC: Using split EOI/Deactivate mode
2022-09-18T02:47:54 [    0.000000] random: get_random_bytes called from start_kernel+0x478/0x670 with crng_init=0
2022-09-18T02:47:54 [    0.000000] arch_timer: cp15 timer(s) running at 99.99MHz (phys).
2022-09-18T02:47:54 [    0.000000] clocksource: arch_sys_counter: mask: 0xffffffffffffff max_cycles: 0x171015c90f, max_idle_ns: 440795203080 ns
2022-09-18T02:47:54 [    0.000000] sched_clock: 56 bits at 99MHz, resolution 10ns, wraps every 4398046511101ns
2022-09-18T02:47:54 [    0.000437] Console: colour dummy device 80x25
2022-09-18T02:47:54 [    0.000872] printk: console [tty0] enabled
2022-09-18T02:47:54 [    0.000942] Calibrating delay loop (skipped), value calculated using timer frequency.. 199.99 BogoMIPS (lpj=399996)
2022-09-18T02:47:54 [    0.000963] pid_max: default: 32768 minimum: 301
2022-09-18T02:47:54 [    0.001016] LSM: Security Framework initializing
2022-09-18T02:47:54 [    0.001052] SELinux:  Initializing.
2022-09-18T02:47:54 [    0.001148] Mount-cache hash table entries: 8192 (order: 4, 65536 bytes, linear)
2022-09-18T02:47:54 [    0.001174] Mountpoint-cache hash table entries: 8192 (order: 4, 65536 bytes, linear)
2022-09-18T02:47:54 [    0.002479] rcu: Hierarchical SRCU implementation.
2022-09-18T02:47:54 [    0.003549] Remapping and enabling EFI services.
2022-09-18T02:47:54 [    0.003722] smp: Bringing up secondary CPUs ...
2022-09-18T02:47:54 [    0.004139] Detected VIPT I-cache on CPU1
2022-09-18T02:47:54 [    0.004184] CPU1: Booted secondary processor 0x0000000001 [0x410fd034]
2022-09-18T02:47:54 [    0.004569] Detected VIPT I-cache on CPU2
2022-09-18T02:47:54 [    0.004592] CPU2: Booted secondary processor 0x0000000002 [0x410fd034]
2022-09-18T02:47:54 [    0.004954] Detected VIPT I-cache on CPU3
2022-09-18T02:47:54 [    0.004976] CPU3: Booted secondary processor 0x0000000003 [0x410fd034]
2022-09-18T02:47:54 [    0.005025] smp: Brought up 1 node, 4 CPUs
2022-09-18T02:47:54 [    0.005073] SMP: Total of 4 processors activated.
2022-09-18T02:47:54 [    0.005083] CPU features: detected: 32-bit EL0 Support
2022-09-18T02:47:54 [    0.005092] CPU features: detected: 32-bit EL1 Support
2022-09-18T02:47:55 [    0.005102] CPU features: detected: CRC32 instructions
2022-09-18T02:47:55 [    0.011688] CPU: All CPU(s) started at EL2
2022-09-18T02:47:55 [    0.011717] alternatives: patching kernel code
2022-09-18T02:47:55 [    0.013045] devtmpfs: initialized
2022-09-18T02:47:55 [    0.017796] Registered cp15_barrier emulation handler
2022-09-18T02:47:55 [    0.017813] Registered setend emulation handler
2022-09-18T02:47:55 [    0.017827] KASLR disabled due to lack of seed
2022-09-18T02:47:55 [    0.017959] clocksource: jiffies: mask: 0xffffffff max_cycles: 0xffffffff, max_idle_ns: 7645041785100000 ns
2022-09-18T02:47:55 [    0.017984] futex hash table entries: 1024 (order: 4, 65536 bytes, linear)
2022-09-18T02:47:55 [    0.020430] pinctrl core: initialized pinctrl subsystem
2022-09-18T02:47:55 [    0.021210] SMBIOS 3.0 present.
2022-09-18T02:47:55 [    0.021232] DMI: Unknown Unknown Product/Unknown Product, BIOS 2022.07-rc3 07/01/2022
2022-09-18T02:47:55 [    0.021580] NET: Registered PF_NETLINK/PF_ROUTE protocol family
2022-09-18T02:47:55 [    0.022648] DMA: preallocated 512 KiB GFP_KERNEL pool for atomic allocations
2022-09-18T02:47:55 [    0.022749] DMA: preallocated 512 KiB GFP_KERNEL|GFP_DMA pool for atomic allocations
2022-09-18T02:47:55 [    0.022892] DMA: preallocated 512 KiB GFP_KERNEL|GFP_DMA32 pool for atomic allocations
2022-09-18T02:47:55 [    0.022961] audit: initializing netlink subsys (disabled)
2022-09-18T02:47:55 [    0.023070] audit: type=2000 audit(0.020:1): state=initialized audit_enabled=0 res=1
2022-09-18T02:47:55 [    0.023885] thermal_sys: Registered thermal governor 'step_wise'
2022-09-18T02:47:55 [    0.023890] thermal_sys: Registered thermal governor 'power_allocator'
2022-09-18T02:47:55 [    0.023998] cpuidle: using governor menu
2022-09-18T02:47:55 [    0.024082] NET: Registered PF_QIPCRTR protocol family
2022-09-18T02:47:55 [    0.024226] hw-breakpoint: found 6 breakpoint and 4 watchpoint registers.
2022-09-18T02:47:55 [    0.024301] ASID allocator initialised with 32768 entries
2022-09-18T02:47:55 [    0.025095] Serial: AMBA PL011 UART driver
2022-09-18T02:47:55 [    0.047487] HugeTLB registered 1.00 GiB page size, pre-allocated 0 pages
2022-09-18T02:47:55 [    0.047516] HugeTLB registered 32.0 MiB page size, pre-allocated 0 pages
2022-09-18T02:47:55 [    0.047528] HugeTLB registered 2.00 MiB page size, pre-allocated 0 pages
2022-09-18T02:47:55 [    0.047539] HugeTLB registered 64.0 KiB page size, pre-allocated 0 pages
2022-09-18T02:47:55 [    0.048573] cryptd: max_cpu_qlen set to 1000
2022-09-18T02:47:55 [    0.051215] ACPI: Interpreter disabled.
2022-09-18T02:47:55 [    0.052294] iommu: Default domain type: Translated 
2022-09-18T02:47:55 [    0.052307] iommu: DMA domain TLB invalidation policy: strict mode 
2022-09-18T02:47:55 [    0.052522] vgaarb: loaded
2022-09-18T02:47:55 [    0.052756] SCSI subsystem initialized
2022-09-18T02:47:55 [    0.053013] usbcore: registered new interface driver usbfs
2022-09-18T02:47:55 [    0.053051] usbcore: registered new interface driver hub
2022-09-18T02:47:55 [    0.053080] usbcore: registered new device driver usb
2022-09-18T02:47:55 [    0.053397] mc: Linux media interface: v0.10
2022-09-18T02:47:55 [    0.053423] videodev: Linux video capture interface: v2.00
2022-09-18T02:47:55 [    0.053456] pps_core: LinuxPPS API ver. 1 registered
2022-09-18T02:47:55 [    0.053466] pps_core: Software ver. 5.3.6 - Copyright 2005-2007 Rodolfo Giometti <giometti@linux.it>
2022-09-18T02:47:55 [    0.053487] PTP clock support registered
2022-09-18T02:47:55 [    0.053582] EDAC MC: Ver: 3.0.0
2022-09-18T02:47:55 [    0.054165] Registered efivars operations
2022-09-18T02:47:55 [    0.054423] zynqmp-ipi-mbox mailbox@ff990400: Registered ZynqMP IPI mbox with TX/RX channels.
2022-09-18T02:47:55 [    0.054853] FPGA manager framework
2022-09-18T02:47:55 [    0.054917] Advanced Linux Sound Architecture Driver Initialized.
2022-09-18T02:47:55 [    0.055378] Bluetooth: Core ver 2.22
2022-09-18T02:47:55 [    0.055406] NET: Registered PF_BLUETOOTH protocol family
2022-09-18T02:47:55 [    0.055417] Bluetooth: HCI device and connection manager initialized
2022-09-18T02:47:55 [    0.055431] Bluetooth: HCI socket layer initialized
2022-09-18T02:47:55 [    0.055442] Bluetooth: L2CAP socket layer initialized
2022-09-18T02:47:55 [    0.055460] Bluetooth: SCO socket layer initialized
2022-09-18T02:47:55 [    0.055856] clocksource: Switched to clocksource arch_sys_counter
2022-09-18T02:47:55 [    0.055978] VFS: Disk quotas dquot_6.6.0
2022-09-18T02:47:55 [    0.056023] VFS: Dquot-cache hash table entries: 512 (order 0, 4096 bytes)
2022-09-18T02:47:55 [    0.056246] pnp: PnP ACPI: disabled
2022-09-18T02:47:55 [    0.061105] NET: Registered PF_INET protocol family
2022-09-18T02:47:55 [    0.061239] IP idents hash table entries: 65536 (order: 7, 524288 bytes, linear)
2022-09-18T02:47:55 [    0.062632] tcp_listen_portaddr_hash hash table entries: 2048 (order: 3, 32768 bytes, linear)
2022-09-18T02:47:55 [    0.062709] TCP established hash table entries: 32768 (order: 6, 262144 bytes, linear)
2022-09-18T02:47:55 [    0.062906] TCP bind hash table entries: 32768 (order: 7, 524288 bytes, linear)
2022-09-18T02:47:55 [    0.063274] TCP: Hash tables configured (established 32768 bind 32768)
2022-09-18T02:47:55 [    0.063361] UDP hash table entries: 2048 (order: 4, 65536 bytes, linear)
2022-09-18T02:47:55 [    0.063438] UDP-Lite hash table entries: 2048 (order: 4, 65536 bytes, linear)
2022-09-18T02:47:55 [    0.063606] NET: Registered PF_UNIX/PF_LOCAL protocol family
2022-09-18T02:47:55 [    0.063904] RPC: Registered named UNIX socket transport module.
2022-09-18T02:47:55 [    0.063917] RPC: Registered udp transport module.
2022-09-18T02:47:55 [    0.063926] RPC: Registered tcp transport module.
2022-09-18T02:47:55 [    0.063935] RPC: Registered tcp NFSv4.1 backchannel transport module.
2022-09-18T02:47:55 [    0.064592] PCI: CLS 0 bytes, default 64
2022-09-18T02:47:55 [    0.064782] Unpacking initramfs...
2022-09-18T02:47:55 [    0.076100] armv8-pmu pmu: hw perfevents: no interrupt-affinity property, guessing.
2022-09-18T02:47:55 [    0.076307] hw perfevents: enabled with armv8_pmuv3 PMU driver, 7 counters available
2022-09-18T02:47:55 [    0.076632] kvm [1]: IPA Size Limit: 40 bits
2022-09-18T02:47:55 [    0.077934] kvm [1]: vgic interrupt IRQ9
2022-09-18T02:47:55 [    0.078041] kvm [1]: Hyp mode initialized successfully
2022-09-18T02:47:55 [    0.081338] Initialise system trusted keyrings
2022-09-18T02:47:55 [    0.081451] workingset: timestamp_bits=42 max_order=20 bucket_order=0
2022-09-18T02:47:55 [    0.087154] squashfs: version 4.0 (2009/01/31) Phillip Lougher
2022-09-18T02:47:55 [    0.087657] NFS: Registering the id_resolver key type
2022-09-18T02:47:55 [    0.087688] Key type id_resolver registered
2022-09-18T02:47:55 [    0.087697] Key type id_legacy registered
2022-09-18T02:47:55 [    0.087768] nfs4filelayout_init: NFSv4 File Layout Driver Registering...
2022-09-18T02:47:55 [    0.087781] nfs4flexfilelayout_init: NFSv4 Flexfile Layout Driver Registering...
2022-09-18T02:47:55 [    0.088010] 9p: Installing v9fs 9p2000 file system support
2022-09-18T02:47:55 [    0.121385] NET: Registered PF_ALG protocol family
2022-09-18T02:47:55 [    0.121433] Key type asymmetric registered
2022-09-18T02:47:55 [    0.121443] Asymmetric key parser 'x509' registered
2022-09-18T02:47:55 [    0.121544] Block layer SCSI generic (bsg) driver version 0.4 loaded (major 244)
2022-09-18T02:47:55 [    0.121636] io scheduler mq-deadline registered
2022-09-18T02:47:55 [    0.121648] io scheduler kyber registered
2022-09-18T02:47:55 [    0.128381] EINJ: ACPI disabled.
2022-09-18T02:47:55 [    0.137299] Serial: 8250/16550 driver, 4 ports, IRQ sharing enabled
2022-09-18T02:47:55 [    0.139265] msm_serial: driver initialized
2022-09-18T02:47:55 [    0.140293] cacheinfo: Unable to detect cache hierarchy for CPU 0
2022-09-18T02:47:55 [    0.144866] loop: module loaded
2022-09-18T02:47:55 [    0.145787] megasas: 07.717.02.00-rc1
2022-09-18T02:47:55 [    0.151139] thunder_xcv, ver 1.0
2022-09-18T02:47:55 [    0.151195] thunder_bgx, ver 1.0
2022-09-18T02:47:55 [    0.151229] nicpf, ver 1.0
2022-09-18T02:47:55 [    0.152201] hclge is initializing
2022-09-18T02:47:55 [    0.152225] hns3: Hisilicon Ethernet Network Driver for Hip08 Family - version
2022-09-18T02:47:55 [    0.152238] hns3: Copyright (c) 2017 Huawei Corporation.
2022-09-18T02:47:55 [    0.152284] e1000: Intel(R) PRO/1000 Network Driver
2022-09-18T02:47:55 [    0.152294] e1000: Copyright (c) 1999-2006 Intel Corporation.
2022-09-18T02:47:55 [    0.152334] e1000e: Intel(R) PRO/1000 Network Driver
2022-09-18T02:47:55 [    0.152343] e1000e: Copyright(c) 1999 - 2015 Intel Corporation.
2022-09-18T02:47:55 [    0.152383] igb: Intel(R) Gigabit Ethernet Network Driver
2022-09-18T02:47:55 [    0.152394] igb: Copyright (c) 2007-2014 Intel Corporation.
2022-09-18T02:47:55 [    0.152425] igbvf: Intel(R) Gigabit Virtual Function Network Driver
2022-09-18T02:47:55 [    0.152435] igbvf: Copyright (c) 2009 - 2012 Intel Corporation.
2022-09-18T02:47:55 [    0.152534] sky2: driver version 1.30
2022-09-18T02:47:55 [    0.153117] VFIO - User Level meta-driver version: 0.3
2022-09-18T02:47:55 [    0.154367] ehci_hcd: USB 2.0 'Enhanced' Host Controller (EHCI) Driver
2022-09-18T02:47:55 [    0.154391] ehci-pci: EHCI PCI platform driver
2022-09-18T02:47:55 [    0.154423] ehci-platform: EHCI generic platform driver
2022-09-18T02:47:55 [    0.154519] ohci_hcd: USB 1.1 'Open' Host Controller (OHCI) Driver
2022-09-18T02:47:55 [    0.154536] ohci-pci: OHCI PCI platform driver
2022-09-18T02:47:55 [    0.154567] ohci-platform: OHCI generic platform driver
2022-09-18T02:47:55 [    0.154957] usbcore: registered new interface driver uas
2022-09-18T02:47:55 [    0.154997] usbcore: registered new interface driver usb-storage
2022-09-18T02:47:55 [    0.155067] usbcore: registered new interface driver usbserial_generic
2022-09-18T02:47:55 [    0.155091] usbserial: USB Serial support registered for generic
2022-09-18T02:47:55 [    0.156829] i2c_dev: i2c /dev entries driver
2022-09-18T02:47:55 [    0.160067] sdhci: Secure Digital Host Controller Interface driver
2022-09-18T02:47:55 [    0.160086] sdhci: Copyright(c) Pierre Ossman
2022-09-18T02:47:55 [    0.160494] Synopsys Designware Multimedia Card Interface Driver
2022-09-18T02:47:55 [    0.161136] sdhci-pltfm: SDHCI platform and OF driver helper
2022-09-18T02:47:55 [    0.162366] ledtrig-cpu: registered to indicate activity on CPUs
2022-09-18T02:47:55 [    0.163234] SMCCC: SOC_ID: ARCH_SOC_ID not implemented, skipping ....
2022-09-18T02:47:55 [    0.163295] zynqmp_firmware_probe Platform Management API v1.1
2022-09-18T02:47:55 [    0.163309] zynqmp_firmware_probe Trustzone version v1.0
2022-09-18T02:47:55 [    0.195552] usbcore: registered new interface driver usbhid
2022-09-18T02:47:55 [    0.195580] usbhid: USB HID core driver
2022-09-18T02:47:55 [    0.198593] usbcore: registered new interface driver snd-usb-audio
2022-09-18T02:47:55 [    0.199299] NET: Registered PF_PACKET protocol family
2022-09-18T02:47:55 [    0.199570] 9pnet: Installing 9P2000 support
2022-09-18T02:47:55 [    0.199621] Key type dns_resolver registered
2022-09-18T02:47:55 [    0.200195] registered taskstats version 1
2022-09-18T02:47:55 [    0.200211] Loading compiled-in X.509 certificates
2022-09-18T02:47:55 [    1.107651] Freeing initrd memory: 24708K
2022-09-18T02:47:55 [    1.116857] Loaded X.509 cert 'Build time autogenerated kernel key: 9397255a5113921745af46953c49bc895ac535aa'
2022-09-18T02:47:55 [    1.128936] ff010000.serial: ttyPS1 at MMIO 0xff010000 (irq = 50, base_baud = 6249999) is a xuartps
2022-09-18T02:47:55 [    2.437880] printk: console [ttyPS1] enabled
2022-09-18T02:47:55 [    2.446330] mdio_bus ff0e0000.ethernet-ffffffff: mdio has invalid PHY address
2022-09-18T02:47:55 [    2.453480] mdio_bus ff0e0000.ethernet-ffffffff: scan phy mdio at address 0
2022-09-18T02:47:55 [    2.460533] mdio_bus ff0e0000.ethernet-ffffffff: scan phy mdio at address 1
2022-09-18T02:47:55 [    2.467573] mdio_bus ff0e0000.ethernet-ffffffff: scan phy mdio at address 2
2022-09-18T02:47:55 [    2.474613] mdio_bus ff0e0000.ethernet-ffffffff: scan phy mdio at address 3
2022-09-18T02:47:55 [    2.481656] mdio_bus ff0e0000.ethernet-ffffffff: scan phy mdio at address 4
2022-09-18T02:47:55 [    2.488701] mdio_bus ff0e0000.ethernet-ffffffff: scan phy mdio at address 5
2022-09-18T02:47:55 [    2.495741] mdio_bus ff0e0000.ethernet-ffffffff: scan phy mdio at address 6
2022-09-18T02:47:55 [    2.502780] mdio_bus ff0e0000.ethernet-ffffffff: scan phy mdio at address 7
2022-09-18T02:47:55 [    2.509819] mdio_bus ff0e0000.ethernet-ffffffff: scan phy mdio at address 8
2022-09-18T02:47:55 [    2.516863] mdio_bus ff0e0000.ethernet-ffffffff: scan phy mdio at address 9
2022-09-18T02:47:55 [    2.523905] mdio_bus ff0e0000.ethernet-ffffffff: scan phy mdio at address 10
2022-09-18T02:47:55 [    2.531033] mdio_bus ff0e0000.ethernet-ffffffff: scan phy mdio at address 11
2022-09-18T02:47:55 [    2.538159] mdio_bus ff0e0000.ethernet-ffffffff: scan phy mdio at address 12
2022-09-18T02:47:55 [    2.545286] mdio_bus ff0e0000.ethernet-ffffffff: scan phy mdio at address 13
2022-09-18T02:47:55 [    2.552414] mdio_bus ff0e0000.ethernet-ffffffff: scan phy mdio at address 14
2022-09-18T02:47:55 [    2.559547] mdio_bus ff0e0000.ethernet-ffffffff: scan phy mdio at address 15
2022-09-18T02:47:55 [    2.566673] mdio_bus ff0e0000.ethernet-ffffffff: scan phy mdio at address 16
2022-09-18T02:47:55 [    2.573799] mdio_bus ff0e0000.ethernet-ffffffff: scan phy mdio at address 17
2022-09-18T02:47:55 [    2.580927] mdio_bus ff0e0000.ethernet-ffffffff: scan phy mdio at address 18
2022-09-18T02:47:55 [    2.588055] mdio_bus ff0e0000.ethernet-ffffffff: scan phy mdio at address 19
2022-09-18T02:47:55 [    2.595188] mdio_bus ff0e0000.ethernet-ffffffff: scan phy mdio at address 20
2022-09-18T02:47:55 [    2.602314] mdio_bus ff0e0000.ethernet-ffffffff: scan phy mdio at address 21
2022-09-18T02:47:55 [    2.609440] mdio_bus ff0e0000.ethernet-ffffffff: scan phy mdio at address 22
2022-09-18T02:47:55 [    2.616566] mdio_bus ff0e0000.ethernet-ffffffff: scan phy mdio at address 23
2022-09-18T02:47:55 [    2.623693] mdio_bus ff0e0000.ethernet-ffffffff: scan phy mdio at address 24
2022-09-18T02:47:55 [    2.630818] mdio_bus ff0e0000.ethernet-ffffffff: scan phy mdio at address 25
2022-09-18T02:47:55 [    2.637946] mdio_bus ff0e0000.ethernet-ffffffff: scan phy mdio at address 26
2022-09-18T02:47:55 [    2.645074] mdio_bus ff0e0000.ethernet-ffffffff: scan phy mdio at address 27
2022-09-18T02:47:55 [    2.652207] mdio_bus ff0e0000.ethernet-ffffffff: scan phy mdio at address 28
2022-09-18T02:47:56 [    2.659333] mdio_bus ff0e0000.ethernet-ffffffff: scan phy mdio at address 29
2022-09-18T02:47:56 [    2.666461] mdio_bus ff0e0000.ethernet-ffffffff: scan phy mdio at address 30
2022-09-18T02:47:56 [    2.673586] mdio_bus ff0e0000.ethernet-ffffffff: scan phy mdio at address 31
2022-09-18T02:47:56 [    2.681054] macb ff0e0000.ethernet eth0: Cadence GEM rev 0x50070106 at 0xff0e0000 irq 37 (00:0a:35:0e:88:50)
2022-09-18T02:47:56 [    2.696366] clk: couldn't set sdio0_ref clk rate to 187498123 (-16), current rate: 199999998
2022-09-18T02:47:56 [    2.697531] clk: couldn't set sdio1_ref clk rate to 187498123 (-16), current rate: 199999998
2022-09-18T02:47:56 [    2.700274] cfg80211: Loading compiled-in X.509 certificates for regulatory database
2022-09-18T02:47:56 [    2.701024] cfg80211: Loaded X.509 cert 'sforshee: 00b28ddf47aef9cea7'
2022-09-18T02:47:56 [    2.701242] zynqmp_pll_disable() clock disable failed for dpll_int, ret = -13
2022-09-18T02:47:56 [    2.702874] ALSA device list:
2022-09-18T02:47:56 [    2.702879]   No soundcards found.
2022-09-18T02:47:56 [    2.703056] platform regulatory.0: Direct firmware load for regulatory.db failed with error -2
2022-09-18T02:47:56 [    2.703066] cfg80211: failed to load regulatory.db
2022-09-18T02:47:56 [    2.705345] clk: couldn't set sdio0_ref clk rate to 187498123 (-16), current rate: 199999998
2022-09-18T02:47:56 [    2.713745] clk: couldn't set sdio1_ref clk rate to 187498123 (-16), current rate: 199999998
2022-09-18T02:47:56 [    2.804696] mmc0: SDHCI controller on ff160000.mmc [ff160000.mmc] using ADMA 64-bit
2022-09-18T02:47:56 [    2.805370] mmc1: SDHCI controller on ff170000.mmc [ff170000.mmc] using ADMA 64-bit
2022-09-18T02:47:56 [    2.821491] Freeing unused kernel memory: 5184K
2022-09-18T02:47:56 [    2.826180] Run /init as init process
2022-09-18T02:47:56 [    2.853437] mmc1: new SDHC card at address 0001
2022-09-18T02:47:56 [    2.858710] mmcblk1: mmc1:0001 SD16G 14.6 GiB 
2022-09-18T02:47:56 [    2.876825] GPT:Primary header thinks Alt. header is not at the end of the disk.
2022-09-18T02:47:56 [    2.884283] GPT:4456521 != 30547967
2022-09-18T02:47:56 [    2.887799] GPT:Alternate GPT header not at the end of the disk.
2022-09-18T02:47:56 [    2.893844] GPT:4456521 != 30547967
2022-09-18T02:47:56 [    2.897354] GPT: Use GNU Parted to correct GPT errors.
2022-09-18T02:47:56 [    2.898758] mmc0: new HS200 MMC card at address 0001
2022-09-18T02:47:56 [    2.902531]  mmcblk1: p1 p2
2022-09-18T02:47:56 [    2.907988] mmcblk0: mmc0:0001 S0J56X 14.8 GiB 
2022-09-18T02:47:56 [    2.916349] mmcblk0boot0: mmc0:0001 S0J56X 31.5 MiB 
2022-09-18T02:47:56 [    2.922450] mmcblk0boot1: mmc0:0001 S0J56X 31.5 MiB 
2022-09-18T02:47:56 [    2.928783] mmcblk0rpmb: mmc0:0001 S0J56X 4.00 MiB, chardev (235:0)
2022-09-18T02:47:56 [    2.930155] tpm_tis_core: module verification failed: signature and/or required key missing - tainting kernel
2022-09-18T02:47:56 [    3.258416] random: fast init done
2022-09-18T02:47:57 [    3.735954] EXT4-fs (mmcblk1p2): recovery complete
2022-09-18T02:47:57 [    3.743353] EXT4-fs (mmcblk1p2): mounted filesystem with ordered data mode. Opts: (null). Quota mode: none.
2022-09-18T02:47:58 [    5.415902] SELinux:  Class mctp_socket not defined in policy.
2022-09-18T02:47:58 [    5.421819] SELinux:  Class anon_inode not defined in policy.
2022-09-18T02:47:58 [    5.427570] SELinux: the above unknown classes and permissions will be allowed
2022-09-18T02:47:58 [    5.443297] SELinux:  policy capability network_peer_controls=1
2022-09-18T02:47:58 [    5.449336] SELinux:  policy capability open_perms=1
2022-09-18T02:47:58 [    5.454307] SELinux:  policy capability extended_socket_class=1
2022-09-18T02:47:58 [    5.460244] SELinux:  policy capability always_check_network=0
2022-09-18T02:47:58 [    5.466085] SELinux:  policy capability cgroup_seclabel=1
2022-09-18T02:47:58 [    5.471503] SELinux:  policy capability nnp_nosuid_transition=1
2022-09-18T02:47:58 [    5.477427] SELinux:  policy capability genfs_seclabel_symlinks=0
2022-09-18T02:47:58 [    5.483532] SELinux:  policy capability ioctl_skip_cloexec=0
2022-09-18T02:47:58 [    5.536187] audit: type=1403 audit(5.532:2): auid=4294967295 ses=4294967295 lsm=selinux res=1
2022-09-18T02:47:58 [    5.570012] systemd[1]: Successfully loaded SELinux policy in 629.615ms.
2022-09-18T02:47:59 [    5.872312] systemd[1]: System time before build time, advancing clock.
2022-09-18T02:47:59 [    6.120856] audit: type=1400 audit(1616485768.244:3): avc:  denied  { integrity } for  pid=1 comm=\"systemd\" lockdown_reason=\"unsigned module loading\" scontext=system_u:system_r:init_t:s0-s15:c0.c1023 tcontext=system_u:system_r:init_t:s0-s15:c0.c1023 tclass=lockdown permissive=1
2022-09-18T02:47:59 [    6.147603] NET: Registered PF_INET6 protocol family
2022-09-18T02:47:59 [    6.210061] Segment Routing with IPv6
2022-09-18T02:47:59 [    6.213794] In-situ OAM (IOAM) with IPv6
2022-09-18T02:47:59 [    6.269591] systemd[1]: Relabelled /dev, /dev/shm, /run, /sys/fs/cgroup in 36.323ms.
2022-09-18T02:47:59 [    6.349777] systemd[1]: systemd 247.6+ running in system mode. (+PAM +AUDIT +SELINUX +IMA -APPARMOR -SMACK +SYSVINIT +UTMP -LIBCRYPTSETUP -GCRYPT -GNUTLS +ACL +XZ -LZ4 -ZSTD -SECCOMP +BLKID -ELFUTILS +KMOD -IDN2 -IDN -PCRE2 default-hierarchy=hybrid)
2022-09-18T02:47:59 [    6.372803] systemd[1]: Detected architecture arm64.
2022-09-18T02:47:59 [    6.434368] systemd[1]: Set hostname to <ledge-qemuarm64>.
2022-09-18T02:47:59 [    6.554499] audit: type=1400 audit(1616485768.676:4): avc:  denied  { read } for  pid=249 comm=\"systemd-gpt-aut\" name=\"mmcblk1\" dev=\"devtmpfs\" ino=143 scontext=system_u:system_r:systemd_generator_t:s0-s15:c0.c1023 tcontext=system_u:object_r:removable_device_t:s0 tclass=blk_file permissive=1
2022-09-18T02:47:59 [    6.580306] audit: type=1400 audit(1616485768.676:5): avc:  denied  { open } for  pid=249 comm=\"systemd-gpt-aut\" path=\"/dev/mmcblk1\" dev=\"devtmpfs\" ino=143 scontext=system_u:system_r:systemd_generator_t:s0-s15:c0.c1023 tcontext=system_u:object_r:removable_device_t:s0 tclass=blk_file permissive=1
2022-09-18T02:47:59 [    6.606562] audit: type=1400 audit(1616485768.676:6): avc:  denied  { getattr } for  pid=249 comm=\"systemd-gpt-aut\" path=\"/dev/mmcblk1\" dev=\"devtmpfs\" ino=143 scontext=system_u:system_r:systemd_generator_t:s0-s15:c0.c1023 tcontext=system_u:object_r:removable_device_t:s0 tclass=blk_file permissive=1
2022-09-18T02:47:59 [    6.633009] audit: type=1400 audit(1616485768.736:7): avc:  denied  { ioctl } for  pid=249 comm=\"systemd-gpt-aut\" path=\"/dev/mmcblk1\" dev=\"devtmpfs\" ino=143 ioctlcmd=0x1272 scontext=system_u:system_r:systemd_generator_t:s0-s15:c0.c1023 tcontext=system_u:object_r:removable_device_t:s0 tclass=blk_file permissive=1
2022-09-18T02:48:00 [    6.684313] systemd-sysv-generator[254]: SysV service '/etc/init.d/conntrack-failover' lacks a native systemd unit file. Automatically generating a unit file for compatibility. Please update package to include a native systemd unit file, in order to make it more safe and robust.
2022-09-18T02:48:00 [    6.722987] systemd-sysv-generator[254]: SysV service '/etc/init.d/conntrackd' lacks a native systemd unit file. Automatically generating a unit file for compatibility. Please update package to include a native systemd unit file, in order to make it more safe and robust.
2022-09-18T02:48:01 [    8.490200] systemd[1]: Queued start job for default target Multi-User System.
2022-09-18T02:48:01 [    8.498438] random: systemd: uninitialized urandom read (16 bytes read)
2022-09-18T02:48:01 [    8.542729] systemd[1]: Created slice system-getty.slice.
2022-09-18T02:48:01 [    8.549189] random: systemd: uninitialized urandom read (16 bytes read)
2022-09-18T02:48:01 [    8.557990] systemd[1]: Created slice system-modprobe.slice.
2022-09-18T02:48:01 [    8.563899] random: systemd: uninitialized urandom read (16 bytes read)
2022-09-18T02:48:01 [    8.572448] systemd[1]: Created slice system-serial\x2dgetty.slice.
2022-09-18T02:48:01 [    8.580786] systemd[1]: Created slice User and Session Slice.
2022-09-18T02:48:01 [    8.587344] systemd[1]: Started Dispatch Password Requests to Console Directory Watch.
2022-09-18T02:48:01 [    8.595891] systemd[1]: Started Forward Password Requests to Wall Directory Watch.
2022-09-18T02:48:01 [    8.603967] systemd[1]: Reached target Remote File Systems.
2022-09-18T02:48:01 [    8.609721] systemd[1]: Reached target Slices.
2022-09-18T02:48:01 [    8.614390] systemd[1]: Reached target System Time Set.
2022-09-18T02:48:01 [    8.619792] systemd[1]: Reached target System Time Synchronized.
2022-09-18T02:48:01 [    8.657032] systemd[1]: Listening on RPCbind Server Activation Socket.
2022-09-18T02:48:02 [    8.664153] systemd[1]: Reached target RPC Port Mapper.
2022-09-18T02:48:02 [    8.675800] systemd[1]: Listening on Syslog Socket.
2022-09-18T02:48:02 [    8.681880] systemd[1]: Listening on initctl Compatibility Named Pipe.
2022-09-18T02:48:02 [    8.690818] systemd[1]: Listening on Journal Audit Socket.
2022-09-18T02:48:02 [    8.697196] systemd[1]: Listening on Journal Socket (/dev/log).
2022-09-18T02:48:02 [    8.704672] systemd[1]: Listening on Journal Socket.
2022-09-18T02:48:02 [    8.711182] systemd[1]: Listening on Network Service Netlink Socket.
2022-09-18T02:48:02 [    8.721238] systemd[1]: Listening on udev Control Socket.
2022-09-18T02:48:02 [    8.728574] systemd[1]: Listening on udev Kernel Socket.
2022-09-18T02:48:02 [    8.736451] systemd[1]: Listening on User Database Manager Socket.
2022-09-18T02:48:02 [    8.747772] systemd[1]: Mounting Huge Pages File System...
2022-09-18T02:48:02 [    8.758514] systemd[1]: Mounting POSIX Message Queue File System...
2022-09-18T02:48:02 [    8.769696] systemd[1]: Mounting Kernel Debug File System...
2022-09-18T02:48:02 [    8.776074] systemd[1]: Condition check resulted in Kernel Trace File System being skipped.
2022-09-18T02:48:02 [    8.789489] systemd[1]: Starting Create list of static device nodes for the current kernel...
2022-09-18T02:48:02 [    8.802591] systemd[1]: Starting Load Kernel Module configfs...
2022-09-18T02:48:02 [    8.812634] systemd[1]: Starting Load Kernel Module drm...
2022-09-18T02:48:02 [    8.822402] systemd[1]: Starting Load Kernel Module fuse...
2022-09-18T02:48:02 [    8.832952] systemd[1]: Starting RPC Bind...
2022-09-18T02:48:02 [    8.842117] systemd[1]: Starting SELinux autorelabel service loading...
2022-09-18T02:48:02 [    8.853620] systemd[1]: Starting SELinux init for /dev service loading...
2022-09-18T02:48:02 [    8.861069] systemd[1]: Condition check resulted in File System Check on Root Device being skipped.
2022-09-18T02:48:02 [    8.876774] systemd[1]: Starting Journal Service...
2022-09-18T02:48:02 [    8.906270] audit: type=1400 audit(1616485771.028:8): avc:  denied  { integrity } for  pid=266 comm=\"modprobe\" lockdown_reason=\"unsigned module loading\" scontext=system_u:system_r:kmod_t:s0-s15:c0.c1023 tcontext=system_u:system_r:kmod_t:s0-s15:c0.c1023 tclass=lockdown permissive=1
2022-09-18T02:48:02 [    8.932016] fuse: init (API version 7.34)
2022-09-18T02:48:02 [    9.022537] systemd[1]: Starting Load Kernel Modules...
2022-09-18T02:48:02 [    9.032674] systemd[1]: Starting Remount Root and Kernel File Systems...
2022-09-18T02:48:02 [    9.044372] systemd[1]: Starting Coldplug All udev Devices...
2022-09-18T02:48:02 [    9.055245] systemd[1]: Starting Create compressed swap in memory using zram...
2022-09-18T02:48:02 [    9.070830] systemd[1]: Mounted Huge Pages File System.
2022-09-18T02:48:02 [    9.076733] systemd[1]: Mounted POSIX Message Queue File System.
2022-09-18T02:48:02 [    9.083235] systemd[1]: Mounted Kernel Debug File System.
2022-09-18T02:48:02 [    9.091926] systemd[1]: Finished Create list of static device nodes for the current kernel.
2022-09-18T02:48:02 [    9.101686] systemd[1]: modprobe@configfs.service: Succeeded.
2022-09-18T02:48:02 [    9.109138] systemd[1]: Finished Load Kernel Module configfs.
2022-09-18T02:48:02 [    9.115958] systemd[1]: modprobe@drm.service: Succeeded.
2022-09-18T02:48:02 [    9.123188] systemd[1]: Finished Load Kernel Module drm.
2022-09-18T02:48:02 [    9.129553] systemd[1]: modprobe@fuse.service: Succeeded.
2022-09-18T02:48:02 [    9.136499] systemd[1]: Finished Load Kernel Module fuse.
2022-09-18T02:48:02 [    9.149059] systemd[1]: Mounting FUSE Control File System...
2022-09-18T02:48:02 [    9.160459] systemd[1]: Mounting Kernel Configuration File System...
2022-09-18T02:48:02 [    9.171383] systemd[1]: Mounted FUSE Control File System.
2022-09-18T02:48:02 [    9.172836] EXT4-fs (mmcblk1p2): re-mounted. Opts: (null). Quota mode: none.
2022-09-18T02:48:02 [    9.191719] systemd[1]: Finished Remount Root and Kernel File Systems.
2022-09-18T02:48:02 [    9.198876] audit: type=1130 audit(1616485771.324:9): pid=1 uid=0 auid=4294967295 ses=4294967295 subj=system_u:system_r:init_t:s0-s15:c0.c1023 msg='unit=systemd-remount-fs comm=\"systemd\" exe=\"/lib/systemd/systemd\" hostname=? addr=? terminal=? res=success'
2022-09-18T02:48:02 [    9.202502] systemd[1]: Finished Load Kernel Modules.
2022-09-18T02:48:02 [    9.227469] audit: type=1130 audit(1616485771.352:10): pid=1 uid=0 auid=4294967295 ses=4294967295 subj=system_u:system_r:init_t:s0-s15:c0.c1023 msg='unit=systemd-modules-load comm=\"systemd\" exe=\"/lib/systemd/systemd\" hostname=? addr=? terminal=? res=success'
2022-09-18T02:48:02 [    9.228386] systemd[1]: Mounted Kernel Configuration File System.
2022-09-18T02:48:02 [    9.258372] systemd[1]: Started Journal Service.
2022-09-18T02:48:02 [    9.263616] audit: type=1130 audit(1616485771.388:11): pid=1 uid=0 auid=4294967295 ses=4294967295 subj=system_u:system_r:init_t:s0-s15:c0.c1023 msg='unit=systemd-journald comm=\"systemd\" exe=\"/lib/systemd/systemd\" hostname=? addr=? terminal=? res=success'
2022-09-18T02:48:02 [    9.559359] systemd-journald[270]: Received client request to flush runtime journal.
2022-09-18T02:48:12 
2022-09-18T02:48:12 Reference-Platform-Build-X11 3.0+linaro ledge-qemuarm64 ttyPS1
2022-09-18T02:48:12 
2022-09-18T02:48:12 Matched prompt #8: login:
2022-09-18T02:48:12 {'case': 'kernel-messages', 'definition': 'lava', 'duration': '18.02', 'extra': {'extra': [{'success': 'login:'}]}, 'level': '4.2.1', 'namespace': 'common', 'result': 'pass'}
2022-09-18T02:48:12 Sending username ledge
2022-09-18T02:48:12 ledge
2022-09-18T02:48:12 ledge-qemuarm64 login: ledge
2022-09-18T02:48:12 Setting prompt string to ['ledge-qemuarm64:']
2022-09-18T02:48:12 Waiting for password prompt
2022-09-18T02:48:12 login-action: Wait for prompt ['ledge-qemuarm64:', 'Password:', 'Login timed out'] (timeout 00:14:34)
2022-09-18T02:48:12 ledge
2022-09-18T02:48:12 ledge
2022-09-18T02:48:13 Matched prompt #1: Password:
2022-09-18T02:48:13 Sending password ledge
2022-09-18T02:48:13 ledge
2022-09-18T02:48:13 Password: ledge
2022-09-18T02:48:13 Setting prompt string to ['ledge-qemuarm64:']
2022-09-18T02:48:13 login-action: Wait for prompt ['ledge-qemuarm64:', 'Login incorrect', 'Login timed out'] (timeout 00:14:33)
2022-09-18T02:48:13 ledge
2022-09-18T02:48:13 
2022-09-18T02:48:14 Setting prompt string to ['ledge-qemuarm64:']
2022-09-18T02:48:14 end: 4.2.1 login-action (duration 00:00:20) [common]
2022-09-18T02:48:14 {'case': 'login-action', 'definition': 'lava', 'duration': '20.15', 'extra': {'success': 'login:'}, 'level': '4.2.1', 'namespace': 'common', 'result': 'pass'}
2022-09-18T02:48:14 end: 4.2 auto-login-action (duration 00:00:28) [common]
2022-09-18T02:48:14 end: 4 minimal-boot (duration 00:00:28) [common]
2022-09-18T02:48:14 start: 5 finalize (timeout 00:20:00) [common]
2022-09-18T02:48:14 start: 5.1 power-off (timeout 00:00:10) [common]
2022-09-18T02:48:14 Calling: 'nice' '/usr/local/bin/relayctl' 'relay3' '1' 'off'
2022-09-18T02:48:14 Returned 0 in 0 seconds
2022-09-18T02:48:14 Calling: 'nice' '/usr/local/bin/relayctl' 'relay3' '2' 'off'
2022-09-18T02:48:14 Returned 0 in 0 seconds
2022-09-18T02:48:14 end: 5.1 power-off (duration 00:00:00) [common]
2022-09-18T02:48:14 {'case': 'power-off', 'definition': 'lava', 'duration': '0.30', 'extra': {'status': 'success'}, 'level': '5.1', 'namespace': 'common', 'result': 'pass'}
2022-09-18T02:48:14 start: 5.2 read-feedback (timeout 00:20:00) [common]
2022-09-18T02:48:14 Listened to connection for namespace 'common' for up to 1s
2022-09-18T02:48:15 Finalising connection for namespace 'common'
2022-09-18T02:48:15 Disconnecting from telnet: Finalise
2022-09-18T02:48:15 ]
2022-09-18T02:48:15 quit
2022-09-18T02:48:16 7[r[999;999H[6n8ledge-qemuarm64:~$ quit
2022-09-18T02:48:16 end: 5.2 read-feedback (duration 00:00:01) [common]
2022-09-18T02:48:16 end: 5 finalize (duration 00:00:02) [common]
2022-09-18T02:48:16 Cleaning after the job
2022-09-18T02:48:16 Cleaning up download directory: /var/lib/lava/dispatcher/tmp/234/downloads/common
2022-09-18T02:48:16 Root tmp directory removed at /var/lib/lava/dispatcher/tmp/234
2022-09-18T02:48:16 Job finished correctly
2022-09-18T02:48:16 {'case': 'job', 'definition': 'lava', 'result': 'pass'}
