2022-09-19T23:33:59 U-Boot SPL 2022.07-rc3 (May 27 2022 - 12:50:42 +0000)
2022-09-19T23:33:59 PMUFW:	v1.1
2022-09-19T23:33:59 Loading new PMUFW cfg obj (2032 bytes)
2022-09-19T23:33:59 Silicon version:	3
2022-09-19T23:33:59 EL Level:	EL3
2022-09-19T23:33:59 Chip ID:	xck26
2022-09-19T23:33:59 Secure Boot:	not authenticated, not encrypted
2022-09-19T23:33:59 Multiboot:	64
2022-09-19T23:33:59 Trying to boot from SPI
2022-09-19T23:33:59 NOTICE:  BL31: v2.6(release):v2.6-879-gc3bdd3d3cf-dirty
2022-09-19T23:34:00 NOTICE:  BL31: Built : 09:30:50, May  9 2022�H�\"��՝}Յ���6R�
2022-09-19T23:34:00 
2022-09-19T23:34:00 U-Boot 2022.07-rc3 (May 27 2022 - 12:50:42 +0000)
2022-09-19T23:34:00 
2022-09-19T23:34:00 CPU:   ZynqMP
2022-09-19T23:34:00 Silicon: v3
2022-09-19T23:34:00 Detected name: zynqmp-sm-k26-xcl2gc-rev1 -sck-kv-g-rev1
2022-09-19T23:34:00 Model: ZynqMP SM-K26 Rev1/B/A
2022-09-19T23:34:00 Board: Xilinx ZynqMP
2022-09-19T23:34:01 DRAM:  4 GiB
2022-09-19T23:34:01 PMUFW:	v1.1
2022-09-19T23:34:01 Xilinx I2C FRU format at nvmem0:
2022-09-19T23:34:01  Manufacturer Name: XILINX
2022-09-19T23:34:01  Product Name: SM-K26-XCL2GC
2022-09-19T23:34:01  Serial No: XFL1OTRUW0NW
2022-09-19T23:34:01  Part Number: 5057-02  
2022-09-19T23:34:01  File ID: 0x0
2022-09-19T23:34:01  Revision Number: 1 
2022-09-19T23:34:01 Xilinx I2C FRU format at nvmem1:
2022-09-19T23:34:01  Manufacturer Name: XILINX
2022-09-19T23:34:01  Product Name: SCK-KV-G        
2022-09-19T23:34:01  Serial No: XFL1EMYMAA30
2022-09-19T23:34:01  Part Number: 5066-01  
2022-09-19T23:34:01  File ID: 0x0
2022-09-19T23:34:01  Revision Number: 1
2022-09-19T23:34:01 EL Level:	EL2
2022-09-19T23:34:01 Chip ID:	xck26
2022-09-19T23:34:01 Secure Boot:	not authenticated, not encrypted
2022-09-19T23:34:01 Core:  127 devices, 33 uclasses, devicetree: fit
2022-09-19T23:34:01 7[r[999;999H[6n8NAND:  0 MiB
2022-09-19T23:34:02 MMC:   mmc@ff160000: 0, mmc@ff170000: 1
2022-09-19T23:34:02 Loading Environment from nowhere... OK
2022-09-19T23:34:02 In:    serial
2022-09-19T23:34:02 Out:   serial
2022-09-19T23:34:02 Err:   serial
2022-09-19T23:34:02 Bootmode: QSPI_MODE
2022-09-19T23:34:02 Reset reason:	SOFT 
2022-09-19T23:34:03 Net:   PHY reset timed out
2022-09-19T23:34:03 
2022-09-19T23:34:03 ZYNQ GEM: ff0e0000, mdio bus ff0e0000, phyaddr 1, interface rgmii-id
2022-09-19T23:34:03 eth0: ethernet@ff0e0000
2022-09-19T23:34:03 
2022-09-19T23:34:03 Hit any key to stop autoboot:
2022-09-19T23:34:03 end: 2.4.2 bootloader-interrupt (duration 00:00:06) [common]
2022-09-19T23:34:03 start: 2.4.3 bootloader-commands (timeout 00:14:39) [common]
2022-09-19T23:34:03 Setting prompt string to ['ZynqMP>']
2022-09-19T23:34:03 bootloader-commands: Wait for prompt ['ZynqMP>'] (timeout 00:14:39)
2022-09-19T23:34:03   2 
2022-09-19T23:34:03  0 
2022-09-19T23:34:03 ZynqMP> 
2022-09-19T23:34:03 Setting prompt string to ['ZynqMP>', 'Resetting CPU', 'Must RESET board to recover', 'TIMEOUT', 'Retry count exceeded', 'Retry time exceeded; starting again', 'ERROR: The remote end did not respond in time.', 'File not found', 'Bad Linux ARM64 Image magic!', 'Wrong Ramdisk Image Format', 'Ramdisk image is corrupt or invalid', 'ERROR: Failed to allocate', 'TFTP error: trying to overwrite reserved memory', 'Bad Linux RISCV Image magic!', 'Wrong Image Format for boot', 'ERROR: Did not find a cmdline Flattened Device Tree', 'ERROR: RD image overlaps OS image']
2022-09-19T23:34:03 ls mmc 1:1 /
2022-09-19T23:34:03 ZynqMP> ls mmc 1:1 /
2022-09-19T23:34:03 bootloader-commands: Wait for prompt ['ZynqMP>', 'Resetting CPU', 'Must RESET board to recover', 'TIMEOUT', 'Retry count exceeded', 'Retry time exceeded; starting again', 'ERROR: The remote end did not respond in time.', 'File not found', 'Bad Linux ARM64 Image magic!', 'Wrong Ramdisk Image Format', 'Ramdisk image is corrupt or invalid', 'ERROR: Failed to allocate', 'TFTP error: trying to overwrite reserved memory', 'Bad Linux RISCV Image magic!', 'Wrong Image Format for boot', 'ERROR: Did not find a cmdline Flattened Device Tree', 'ERROR: RD image overlaps OS image'] (timeout 00:14:39)
2022-09-19T23:34:03 ls mmc 1:2 /
2022-09-19T23:34:03 ls mmc 1:2 /
2022-09-19T23:34:03 bootloader-commands: Wait for prompt ['ZynqMP>', 'Resetting CPU', 'Must RESET board to recover', 'TIMEOUT', 'Retry count exceeded', 'Retry time exceeded; starting again', 'ERROR: The remote end did not respond in time.', 'File not found', 'Bad Linux ARM64 Image magic!', 'Wrong Ramdisk Image Format', 'Ramdisk image is corrupt or invalid', 'ERROR: Failed to allocate', 'TFTP error: trying to overwrite reserved memory', 'Bad Linux RISCV Image magic!', 'Wrong Image Format for boot', 'ERROR: Did not find a cmdline Flattened Device Tree', 'ERROR: RD image overlaps OS image'] (timeout 00:14:39)
2022-09-19T23:34:03 ls mmc 1:1 /
2022-09-19T23:34:03 ls mmc 1:1 /
2022-09-19T23:34:03 ls mmc 1:2 /
2022-09-19T23:34:04             EFI/
2022-09-19T23:34:04  34795536   Image
2022-09-19T23:34:04             dtb/
2022-09-19T23:34:04  25302315   ledge-initramfs.rootfs.cpio.gz
2022-09-19T23:34:04 
2022-09-19T23:34:04 2 file(s), 2 dir(s)
2022-09-19T23:34:04 
2022-09-19T23:34:04 ZynqMP> 
2022-09-19T23:34:04 efidebug boot order
2022-09-19T23:34:04 efidebug boot order
2022-09-19T23:34:04 bootloader-commands: Wait for prompt ['ZynqMP>', 'Resetting CPU', 'Must RESET board to recover', 'TIMEOUT', 'Retry count exceeded', 'Retry time exceeded; starting again', 'ERROR: The remote end did not respond in time.', 'File not found', 'Bad Linux ARM64 Image magic!', 'Wrong Ramdisk Image Format', 'Ramdisk image is corrupt or invalid', 'ERROR: Failed to allocate', 'TFTP error: trying to overwrite reserved memory', 'Bad Linux RISCV Image magic!', 'Wrong Image Format for boot', 'ERROR: Did not find a cmdline Flattened Device Tree', 'ERROR: RD image overlaps OS image'] (timeout 00:14:38)
2022-09-19T23:34:04             EFI/
2022-09-19T23:34:04  34795536   Image
2022-09-19T23:34:04             dtb/
2022-09-19T23:34:04  25302315   ledge-initramfs.rootfs.cpio.gz
2022-09-19T23:34:04 
2022-09-19T23:34:04 2 file(s), 2 dir(s)
2022-09-19T23:34:04 
2022-09-19T23:34:04 ZynqMP> ls mmc 1:2 /
2022-09-19T23:34:04 efidebug boot order<DIR>       4096 .
2022-09-19T23:34:04 <DIR>       4096 ..
2022-09-19T23:34:04 <DIR>      16384 lost+found
2022-09-19T23:34:04               25 .autorelabel
2022-09-19T23:34:04 <DIR>       4096 bin
2022-09-19T23:34:04 <DIR>       4096 boot
2022-09-19T23:34:04 <DIR>       4096 dev
2022-09-19T23:34:04 <DIR>       4096 etc
2022-09-19T23:34:04 
2022-09-19T23:34:04 printenv -e BootNext
2022-09-19T23:34:04 printenv -e BootNext
2022-09-19T23:34:04 bootloader-commands: Wait for prompt ['ZynqMP>', 'Resetting CPU', 'Must RESET board to recover', 'TIMEOUT', 'Retry count exceeded', 'Retry time exceeded; starting again', 'ERROR: The remote end did not respond in time.', 'File not found', 'Bad Linux ARM64 Image magic!', 'Wrong Ramdisk Image Format', 'Ramdisk image is corrupt or invalid', 'ERROR: Failed to allocate', 'TFTP error: trying to overwrite reserved memory', 'Bad Linux RISCV Image magic!', 'Wrong Image Format for boot', 'ERROR: Did not find a cmdline Flattened Device Tree', 'ERROR: RD image overlaps OS image'] (timeout 00:14:38)
2022-09-19T23:34:04 <DIR>       4096 home
2022-09-19T23:34:04 <DIR>       4096 lib
2022-09-19T23:34:04 <DIR>       4096 media
2022-09-19T23:34:04 <DIR>       4096 mnt
2022-09-19T23:34:04 <DIR>       4096 opt
2022-09-19T23:34:04 <DIR>       4096 proc
2022-09-19T23:34:04 <DIR>       4096 run
2022-09-19T23:34:04 <DIR>       4096 sbin
2022-09-19T23:34:04 <DIR>       4096 srv
2022-09-19T23:34:04 <DIR>       4096 sys
2022-09-19T23:34:04 <DIR>       4096 tmp
2022-09-19T23:34:04 <DIR>       4096 usr
2022-09-19T23:34:04 <DIR>       4096 var
2022-09-19T23:34:04 printenv -e BootNextZynqMP> 
2022-09-19T23:34:04 <DIR>       4096 .
2022-09-19T23:34:04 <DIR>       4096 ..
2022-09-19T23:34:04 <DIR>      16384 lost+found
2022-09-19T23:34:04               25 .autorelabel
2022-09-19T23:34:04 <DIR>       4096 bin
2022-09-19T23:34:04 <DIR>       4096 boot
2022-09-19T23:34:04 <DIR>       4096 dev
2022-09-19T23:34:04 <DIR>       4096 etc
2022-09-19T23:34:04 <DIR>       
2022-09-19T23:34:04 4096 home
2022-09-19T23:34:04 <DIR>       4096 lib
2022-09-19T23:34:04 efidebug boot dump
2022-09-19T23:34:04 efidebug boot dump
2022-09-19T23:34:04 bootloader-commands: Wait for prompt ['ZynqMP>', 'Resetting CPU', 'Must RESET board to recover', 'TIMEOUT', 'Retry count exceeded', 'Retry time exceeded; starting again', 'ERROR: The remote end did not respond in time.', 'File not found', 'Bad Linux ARM64 Image magic!', 'Wrong Ramdisk Image Format', 'Ramdisk image is corrupt or invalid', 'ERROR: Failed to allocate', 'TFTP error: trying to overwrite reserved memory', 'Bad Linux RISCV Image magic!', 'Wrong Image Format for boot', 'ERROR: Did not find a cmdline Flattened Device Tree', 'ERROR: RD image overlaps OS image'] (timeout 00:14:38)
2022-09-19T23:34:04 <DIR>       4096 media
2022-09-19T23:34:04 <DIR>       4096 mnt
2022-09-19T23:34:04 <DIR>       4096 opt
2022-09-19T23:34:04 <DIR>       4096 proc
2022-09-19T23:34:04 <DIR>       4096 run
2022-09-19T23:34:04 <DIR>       4096 sbin
2022-09-19T23:34:04 <DIR>       4096 srv
2022-09-19T23:34:04 <DIR>       4096 sys
2022-09-19T23:34:04 <DIR>       4096 tmp
2022-09-19T23:34:04 <DIR>       4096 usr
2022-09-19T23:34:04 <DIR>       4096 var
2022-09-19T23:34:04 ZynqMP> efidebug boot order
2022-09-19T23:34:04 efidebug boot dump** Unable to read file ubootefi.var **
2022-09-19T23:34:04 Failed to load EFI variables
2022-09-19T23:34:04 tpm_tis_spi_probe: missing reset GPIO
2022-09-19T23:34:04 
2022-09-19T23:34:04 setenv -e -rt -bs BootNext
2022-09-19T23:34:04 setenv -e -rt -bs BootNext
2022-09-19T23:34:04 bootloader-commands: Wait for prompt ['ZynqMP>', 'Resetting CPU', 'Must RESET board to recover', 'TIMEOUT', 'Retry count exceeded', 'Retry time exceeded; starting again', 'ERROR: The remote end did not respond in time.', 'File not found', 'Bad Linux ARM64 Image magic!', 'Wrong Ramdisk Image Format', 'Ramdisk image is corrupt or invalid', 'ERROR: Failed to allocate', 'TFTP error: trying to overwrite reserved memory', 'Bad Linux RISCV Image magic!', 'Wrong Image Format for boot', 'ERROR: Did not find a cmdline Flattened Device Tree', 'ERROR: RD image overlaps OS image'] (timeout 00:14:37)
2022-09-19T23:34:04 setenv -e -rt -bs BootNext
2022-09-19T23:34:05 BootOrder not defined
2022-09-19T23:34:05 ZynqMP> 
2022-09-19T23:34:05 ZynqMP> printenv -e BootNext
2022-09-19T23:34:05 efidebug boot rm -b 1
2022-09-19T23:34:05 efidebug boot rm -b 1
2022-09-19T23:34:05 bootloader-commands: Wait for prompt ['ZynqMP>', 'Resetting CPU', 'Must RESET board to recover', 'TIMEOUT', 'Retry count exceeded', 'Retry time exceeded; starting again', 'ERROR: The remote end did not respond in time.', 'File not found', 'Bad Linux ARM64 Image magic!', 'Wrong Ramdisk Image Format', 'Ramdisk image is corrupt or invalid', 'ERROR: Failed to allocate', 'TFTP error: trying to overwrite reserved memory', 'Bad Linux RISCV Image magic!', 'Wrong Image Format for boot', 'ERROR: Did not find a cmdline Flattened Device Tree', 'ERROR: RD image overlaps OS image'] (timeout 00:14:37)
2022-09-19T23:34:05 efidebug boot add -b 1 BootLedge mmc 1:1 efi/boot/bootaa64.efi -i mmc 1:1 ledge-initramfs.rootfs.cpio.gz -s 'console=ttyPS1,115200 console=tty0 root=UUID=6091b3a4-ce08-3020-93a6-f755a22ef03b rootwait panic=60'
2022-09-19T23:34:05 efidebug boot add -b 1 BootLedge mmc 1:1 efi/boot/bootaa64.efi -i mmc 1:1 ledge-initramfs.rootfs.cpio.gz -s 'console=ttyPS1,115200 console=tty0 root=UUID=6091b3a4-ce08-3020-93a6-f755a22ef03b rootwait panic=60'
2022-09-19T23:34:05 bootloader-commands: Wait for prompt ['ZynqMP>', 'Resetting CPU', 'Must RESET board to recover', 'TIMEOUT', 'Retry count exceeded', 'Retry time exceeded; starting again', 'ERROR: The remote end did not respond in time.', 'File not found', 'Bad Linux ARM64 Image magic!', 'Wrong Ramdisk Image Format', 'Ramdisk image is corrupt or invalid', 'ERROR: Failed to allocate', 'TFTP error: trying to overwrite reserved memory', 'Bad Linux RISCV Image magic!', 'Wrong Image Format for boot', 'ERROR: Did not find a cmdline Flattened Device Tree', 'ERROR: RD image overlaps OS image'] (timeout 00:14:36)
2022-09-19T23:34:05 Error: \"BootNext\" not defined
2022-09-19T23:34:05 ZynqMP> 
2022-09-19T23:34:05 Error: \"BootNext\" not defined
2022-09-19T23:34:05 ZynqMP> efidebug boot dump
2022-09-19T23:34:05 ZynqMP> 
2022-09-19T23:34:05 ZynqMP> setenv -e -rt -bs Boo
2022-09-19T23:34:05 ## Failed to set EFI variable (not found)
2022-09-19T23:34:05 ZynqMP> efidebug boot rm -b 1
2022-09-19T23:34:05 efidebug boot rm -b 1
2022-09-19T23:34:05 ZynqMP> 
2022-09-19T23:34:05 ZynqMP> efidebug boot add -b 1 BootLedge mmc 1:1 efi/boot/bootaa64.efi -i mmc 1:1 ledge-initramfs.rootfs.cpio.gz -s 'console=ttyPS1,115200 console=tty0 root=UUID=6091b3a4-ce08-3020-93a6-f755a22ef03b rootwait panic=60'
2022-09-19T23:34:05 efidebug boot order 1
2022-09-19T23:34:05 efidebug boot order 1
2022-09-19T23:34:05 bootloader-commands: Wait for prompt ['ZynqMP>', 'Resetting CPU', 'Must RESET board to recover', 'TIMEOUT', 'Retry count exceeded', 'Retry time exceeded; starting again', 'ERROR: The remote end did not respond in time.', 'File not found', 'Bad Linux ARM64 Image magic!', 'Wrong Ramdisk Image Format', 'Ramdisk image is corrupt or invalid', 'ERROR: Failed to allocate', 'TFTP error: trying to overwrite reserved memory', 'Bad Linux RISCV Image magic!', 'Wrong Image Format for boot', 'ERROR: Did not find a cmdline Flattened Device Tree', 'ERROR: RD image overlaps OS image'] (timeout 00:14:36)
2022-09-19T23:34:05 echo "Starting kernel"; bootefi bootmgr
2022-09-19T23:34:06 echo \"Starting kernel\"; bootefi bootmgr
2022-09-19T23:34:06 Setting prompt string to ['Starting kernel']
2022-09-19T23:34:06 bootloader-commands: Wait for prompt ['Starting kernel'] (timeout 00:14:36)
2022-09-19T23:34:06 efidebug boot add -b 1 BootLedge mmc 1:1 efi/boot/bootaa64.efi -i mmc 1:1 ledge-initramfs.rootfs.cpio.gz -s 'console=ttyPS1,115200 console=tty0 root=UUID=6091b3a4-ce08-3020-93a6-f755a22ef03b rootwait panic=60'
2022-09-19T23:34:06 efidebug boot order 1
2022-09-19T23:34:06 echo \"Starting kernel\"; bootefi bootmgr
2022-09-19T23:34:06 end: 2.4.3 bootloader-commands (duration 00:00:03) [common]
2022-09-19T23:34:06 end: 2.4 uboot-commands (duration 00:00:24) [common]
2022-09-19T23:34:06 end: 2 uboot-action (duration 00:00:24) [common]
2022-09-19T23:34:06 start: 3 minimal-boot (timeout 00:15:00) [common]
2022-09-19T23:34:06 start: 3.1 connect-device (timeout 00:15:00) [common]
2022-09-19T23:34:06 Already connected
2022-09-19T23:34:06 end: 3.1 connect-device (duration 00:00:00) [common]
2022-09-19T23:34:06 start: 3.2 auto-login-action (timeout 00:15:00) [common]
2022-09-19T23:34:06 Setting prompt string to ['Linux version [0-9]']
2022-09-19T23:34:06 auto-login-action: Wait for prompt ['Linux version [0-9]'] (timeout 00:15:00)
2022-09-19T23:34:06 ZynqMP> 
2022-09-19T23:34:06 ZynqMP> efidebug boot order 1
2022-09-19T23:34:06 ZynqMP> 
2022-09-19T23:34:06 ZynqMP> echo \"Starting kernel\"; bootefi bootmgr
2022-09-19T23:34:06 Starting kernel
2022-09-19T23:34:10 Booting: BootLedge
2022-09-19T23:34:10 EFI stub: Booting Linux Kernel...
2022-09-19T23:34:10 EFI stub: EFI_RNG_PROTOCOL unavailable
2022-09-19T23:34:10 EFI stub: UEFI Secure Boot is enabled.
2022-09-19T23:34:10 EFI stub: Using DTB from configuration table
2022-09-19T23:34:12 EFI stub: Loaded initrd from LINUX_EFI_INITRD_MEDIA_GUID device path
2022-09-19T23:34:12 EFI stub: Exiting boot services...
2022-09-19T23:34:14 [    0.000000] Booting Linux on physical CPU 0x0000000000 [0x410fd034]
2022-09-19T23:34:14 start: 3.2.1 login-action (timeout 00:14:52) [common]
2022-09-19T23:34:14 Setting prompt string to ['-+\\[ cut here \\]-+\\s+(.*\\s+-+\\[ end trace (\\w*) \\]-+)', '(Unhandled fault.*)\\r\\n', 'Kernel panic - (.*) end Kernel panic', 'Stack:\\s+(.*\\s+-+\\[ end trace (\\w*) \\]-+)', '^[^\\n]+WARNING:.*?$', '^[^\\n]+Oops(?: -|:).*?$', '^[^\\n]+BUG:.*?$']
2022-09-19T23:34:14 Using line separator: #'\n'#
2022-09-19T23:34:14 Waiting for the login prompt
2022-09-19T23:34:14 Parsing kernel messages
2022-09-19T23:34:14 ['-+\\[ cut here \\]-+\\s+(.*\\s+-+\\[ end trace (\\w*) \\]-+)', '(Unhandled fault.*)\\r\\n', 'Kernel panic - (.*) end Kernel panic', 'Stack:\\s+(.*\\s+-+\\[ end trace (\\w*) \\]-+)', '^[^\\n]+WARNING:.*?$', '^[^\\n]+Oops(?: -|:).*?$', '^[^\\n]+BUG:.*?$', 'ledge-qemuarm64:', 'login:', 'Login incorrect']
2022-09-19T23:34:14 [login-action] Waiting for messages, (timeout 00:14:52)
2022-09-19T23:34:14 [    0.000000] Linux version 5.15.34 (oe-user@oe-host) (aarch64-linaro-linux-gcc (GCC) 10.2.1 20201103, GNU ld (GNU Binutils) 2.36.1.20210209) #1 SMP PREEMPT Fri May 6 05:56:02 UTC 2022
2022-09-19T23:34:14 [    0.000000] Machine model: ZynqMP SM-K26 Rev1/B/A
2022-09-19T23:34:14 [    0.000000] efi: EFI v2.90 by Das U-Boot
2022-09-19T23:34:14 [    0.000000] efi: ESRT=0x778d8040 TPMFinalLog=0x778dc040 RTPROP=0x778da040 SMBIOS=0x778d6000 TPMEventLog=0x778cf040 MEMRESERVE=0x778cd040 
2022-09-19T23:34:14 [    0.000000] esrt: Reserving ESRT space from 0x00000000778d8040 to 0x00000000778d80a0.
2022-09-19T23:34:14 [    0.000000] NUMA: No NUMA configuration found
2022-09-19T23:34:14 [    0.000000] NUMA: Faking a node at [mem 0x0000000000000000-0x000000087fffffff]
2022-09-19T23:34:14 [    0.000000] NUMA: NODE_DATA [mem 0x87f7cdc00-0x87f7cffff]
2022-09-19T23:34:14 [    0.000000] Zone ranges:
2022-09-19T23:34:14 [    0.000000]   DMA      [mem 0x0000000000000000-0x00000000ffffffff]
2022-09-19T23:34:14 [    0.000000]   DMA32    empty
2022-09-19T23:34:14 [    0.000000]   Normal   [mem 0x0000000100000000-0x000000087fffffff]
2022-09-19T23:34:14 [    0.000000] Movable zone start for each node
2022-09-19T23:34:14 [    0.000000] Early memory node ranges
2022-09-19T23:34:14 [    0.000000]   node   0: [mem 0x0000000000000000-0x00000000778d5fff]
2022-09-19T23:34:14 [    0.000000]   node   0: [mem 0x00000000778d6000-0x00000000778d6fff]
2022-09-19T23:34:14 [    0.000000]   node   0: [mem 0x00000000778d7000-0x00000000778d9fff]
2022-09-19T23:34:14 [    0.000000]   node   0: [mem 0x00000000778da000-0x00000000778dafff]
2022-09-19T23:34:14 [    0.000000]   node   0: [mem 0x00000000778db000-0x00000000778dbfff]
2022-09-19T23:34:14 [    0.000000]   node   0: [mem 0x00000000778dc000-0x00000000778ecfff]
2022-09-19T23:34:14 [    0.000000]   node   0: [mem 0x00000000778ed000-0x00000000778fffff]
2022-09-19T23:34:14 [    0.000000]   node   0: [mem 0x0000000077900000-0x0000000077901fff]
2022-09-19T23:34:14 [    0.000000]   node   0: [mem 0x0000000077902000-0x0000000077902fff]
2022-09-19T23:34:14 [    0.000000]   node   0: [mem 0x0000000077903000-0x0000000077906fff]
2022-09-19T23:34:14 [    0.000000]   node   0: [mem 0x0000000077907000-0x000000007f98ffff]
2022-09-19T23:34:14 [    0.000000]   node   0: [mem 0x000000007f990000-0x000000007f99ffff]
2022-09-19T23:34:14 [    0.000000]   node   0: [mem 0x000000007f9a0000-0x000000007fffffff]
2022-09-19T23:34:14 [    0.000000]   node   0: [mem 0x0000000800000000-0x000000087fffffff]
2022-09-19T23:34:14 [    0.000000] Initmem setup node 0 [mem 0x0000000000000000-0x000000087fffffff]
2022-09-19T23:34:14 [    0.000000] cma: Reserved 64 MiB at 0x000000007b800000
2022-09-19T23:34:14 [    0.000000] psci: probing for conduit method from DT.
2022-09-19T23:34:14 [    0.000000] psci: PSCIv1.1 detected in firmware.
2022-09-19T23:34:14 [    0.000000] psci: Using standard PSCI v0.2 function IDs
2022-09-19T23:34:14 [    0.000000] psci: MIGRATE_INFO_TYPE not supported.
2022-09-19T23:34:14 [    0.000000] psci: SMC Calling Convention v1.2
2022-09-19T23:34:14 [    0.000000] percpu: Embedded 20 pages/cpu s42712 r8192 d31016 u81920
2022-09-19T23:34:14 [    0.000000] Detected VIPT I-cache on CPU0
2022-09-19T23:34:14 [    0.000000] CPU features: kernel page table isolation forced ON by KASLR
2022-09-19T23:34:14 [    0.000000] CPU features: detected: Kernel page table isolation (KPTI)
2022-09-19T23:34:14 [    0.000000] CPU features: detected: ARM erratum 845719
2022-09-19T23:34:14 [    0.000000] Built 1 zonelists, mobility grouping on.  Total pages: 1032192
2022-09-19T23:34:14 [    0.000000] Policy zone: Normal
2022-09-19T23:34:14 [    0.000000] Kernel command line: console=ttyPS1,115200 console=tty0 root=UUID=6091b3a4-ce08-3020-93a6-f755a22ef03b rootwait panic=60
2022-09-19T23:34:14 [    0.000000] Dentry cache hash table entries: 524288 (order: 10, 4194304 bytes, linear)
2022-09-19T23:34:14 [    0.000000] Inode-cache hash table entries: 262144 (order: 9, 2097152 bytes, linear)
2022-09-19T23:34:14 [    0.000000] mem auto-init: stack:off, heap alloc:off, heap free:off
2022-09-19T23:34:14 [    0.000000] software IO TLB: mapped [mem 0x000000006f5c0000-0x00000000735c0000] (64MB)
2022-09-19T23:34:14 [    0.000000] Memory: 3922328K/4194304K available (17536K kernel code, 3002K rwdata, 8136K rodata, 5184K init, 747K bss, 206440K reserved, 65536K cma-reserved)
2022-09-19T23:34:14 [    0.000000] SLUB: HWalign=64, Order=0-3, MinObjects=0, CPUs=4, Nodes=1
2022-09-19T23:34:14 [    0.000000] rcu: Preemptible hierarchical RCU implementation.
2022-09-19T23:34:14 [    0.000000] rcu: 	RCU event tracing is enabled.
2022-09-19T23:34:14 [    0.000000] rcu: 	RCU restricting CPUs from NR_CPUS=256 to nr_cpu_ids=4.
2022-09-19T23:34:14 [    0.000000] 	Trampoline variant of Tasks RCU enabled.
2022-09-19T23:34:14 [    0.000000] 	Tracing variant of Tasks RCU enabled.
2022-09-19T23:34:14 [    0.000000] rcu: RCU calculated value of scheduler-enlistment delay is 25 jiffies.
2022-09-19T23:34:14 [    0.000000] rcu: Adjusting geometry for rcu_fanout_leaf=16, nr_cpu_ids=4
2022-09-19T23:34:14 [    0.000000] NR_IRQS: 64, nr_irqs: 64, preallocated irqs: 0
2022-09-19T23:34:14 [    0.000000] GIC: Adjusting CPU interface base to 0x00000000f902f000
2022-09-19T23:34:14 [    0.000000] Root IRQ handler: gic_handle_irq
2022-09-19T23:34:14 [    0.000000] GIC: Using split EOI/Deactivate mode
2022-09-19T23:34:14 [    0.000000] random: get_random_bytes called from start_kernel+0x478/0x670 with crng_init=0
2022-09-19T23:34:14 [    0.000000] arch_timer: cp15 timer(s) running at 99.99MHz (phys).
2022-09-19T23:34:14 [    0.000000] clocksource: arch_sys_counter: mask: 0xffffffffffffff max_cycles: 0x171015c90f, max_idle_ns: 440795203080 ns
2022-09-19T23:34:14 [    0.000000] sched_clock: 56 bits at 99MHz, resolution 10ns, wraps every 4398046511101ns
2022-09-19T23:34:14 [    0.000436] Console: colour dummy device 80x25
2022-09-19T23:34:14 [    0.000872] printk: console [tty0] enabled
2022-09-19T23:34:14 [    0.000944] Calibrating delay loop (skipped), value calculated using timer frequency.. 199.99 BogoMIPS (lpj=399996)
2022-09-19T23:34:14 [    0.000965] pid_max: default: 32768 minimum: 301
2022-09-19T23:34:14 [    0.001018] LSM: Security Framework initializing
2022-09-19T23:34:14 [    0.001053] SELinux:  Initializing.
2022-09-19T23:34:14 [    0.001149] Mount-cache hash table entries: 8192 (order: 4, 65536 bytes, linear)
2022-09-19T23:34:14 [    0.001175] Mountpoint-cache hash table entries: 8192 (order: 4, 65536 bytes, linear)
2022-09-19T23:34:14 [    0.002475] rcu: Hierarchical SRCU implementation.
2022-09-19T23:34:14 [    0.003539] Remapping and enabling EFI services.
2022-09-19T23:34:14 [    0.003712] smp: Bringing up secondary CPUs ...
2022-09-19T23:34:14 [    0.004131] Detected VIPT I-cache on CPU1
2022-09-19T23:34:14 [    0.004177] CPU1: Booted secondary processor 0x0000000001 [0x410fd034]
2022-09-19T23:34:14 [    0.004561] Detected VIPT I-cache on CPU2
2022-09-19T23:34:14 [    0.004584] CPU2: Booted secondary processor 0x0000000002 [0x410fd034]
2022-09-19T23:34:14 [    0.004944] Detected VIPT I-cache on CPU3
2022-09-19T23:34:14 [    0.004967] CPU3: Booted secondary processor 0x0000000003 [0x410fd034]
2022-09-19T23:34:14 [    0.005015] smp: Brought up 1 node, 4 CPUs
2022-09-19T23:34:14 [    0.005063] SMP: Total of 4 processors activated.
2022-09-19T23:34:14 [    0.005073] CPU features: detected: 32-bit EL0 Support
2022-09-19T23:34:14 [    0.005081] CPU features: detected: 32-bit EL1 Support
2022-09-19T23:34:14 [    0.005091] CPU features: detected: CRC32 instructions
2022-09-19T23:34:14 [    0.011673] CPU: All CPU(s) started at EL2
2022-09-19T23:34:14 [    0.011702] alternatives: patching kernel code
2022-09-19T23:34:14 [    0.013020] devtmpfs: initialized
2022-09-19T23:34:14 [    0.017785] Registered cp15_barrier emulation handler
2022-09-19T23:34:14 [    0.017802] Registered setend emulation handler
2022-09-19T23:34:14 [    0.017815] KASLR disabled due to lack of seed
2022-09-19T23:34:14 [    0.017948] clocksource: jiffies: mask: 0xffffffff max_cycles: 0xffffffff, max_idle_ns: 7645041785100000 ns
2022-09-19T23:34:14 [    0.017973] futex hash table entries: 1024 (order: 4, 65536 bytes, linear)
2022-09-19T23:34:14 [    0.020426] pinctrl core: initialized pinctrl subsystem
2022-09-19T23:34:14 [    0.021201] SMBIOS 3.0 present.
2022-09-19T23:34:14 [    0.021223] DMI: Unknown Unknown Product/Unknown Product, BIOS 2022.07-rc3 07/01/2022
2022-09-19T23:34:14 [    0.021573] NET: Registered PF_NETLINK/PF_ROUTE protocol family
2022-09-19T23:34:14 [    0.022646] DMA: preallocated 512 KiB GFP_KERNEL pool for atomic allocations
2022-09-19T23:34:14 [    0.022746] DMA: preallocated 512 KiB GFP_KERNEL|GFP_DMA pool for atomic allocations
2022-09-19T23:34:14 [    0.022890] DMA: preallocated 512 KiB GFP_KERNEL|GFP_DMA32 pool for atomic allocations
2022-09-19T23:34:14 [    0.022959] audit: initializing netlink subsys (disabled)
2022-09-19T23:34:14 [    0.023067] audit: type=2000 audit(0.020:1): state=initialized audit_enabled=0 res=1
2022-09-19T23:34:14 [    0.023873] thermal_sys: Registered thermal governor 'step_wise'
2022-09-19T23:34:14 [    0.023877] thermal_sys: Registered thermal governor 'power_allocator'
2022-09-19T23:34:14 [    0.023984] cpuidle: using governor menu
2022-09-19T23:34:14 [    0.024068] NET: Registered PF_QIPCRTR protocol family
2022-09-19T23:34:14 [    0.024212] hw-breakpoint: found 6 breakpoint and 4 watchpoint registers.
2022-09-19T23:34:14 [    0.024289] ASID allocator initialised with 32768 entries
2022-09-19T23:34:14 [    0.025082] Serial: AMBA PL011 UART driver
2022-09-19T23:34:14 [    0.047484] HugeTLB registered 1.00 GiB page size, pre-allocated 0 pages
2022-09-19T23:34:14 [    0.047513] HugeTLB registered 32.0 MiB page size, pre-allocated 0 pages
2022-09-19T23:34:14 [    0.047525] HugeTLB registered 2.00 MiB page size, pre-allocated 0 pages
2022-09-19T23:34:14 [    0.047536] HugeTLB registered 64.0 KiB page size, pre-allocated 0 pages
2022-09-19T23:34:14 [    0.048586] cryptd: max_cpu_qlen set to 1000
2022-09-19T23:34:14 [    0.051197] ACPI: Interpreter disabled.
2022-09-19T23:34:14 [    0.052275] iommu: Default domain type: Translated 
2022-09-19T23:34:14 [    0.052287] iommu: DMA domain TLB invalidation policy: strict mode 
2022-09-19T23:34:14 [    0.052499] vgaarb: loaded
2022-09-19T23:34:14 [    0.052751] SCSI subsystem initialized
2022-09-19T23:34:14 [    0.053008] usbcore: registered new interface driver usbfs
2022-09-19T23:34:14 [    0.053046] usbcore: registered new interface driver hub
2022-09-19T23:34:14 [    0.053075] usbcore: registered new device driver usb
2022-09-19T23:34:14 [    0.053393] mc: Linux media interface: v0.10
2022-09-19T23:34:14 [    0.053419] videodev: Linux video capture interface: v2.00
2022-09-19T23:34:15 [    0.053451] pps_core: LinuxPPS API ver. 1 registered
2022-09-19T23:34:15 [    0.053461] pps_core: Software ver. 5.3.6 - Copyright 2005-2007 Rodolfo Giometti <giometti@linux.it>
2022-09-19T23:34:15 [    0.053481] PTP clock support registered
2022-09-19T23:34:15 [    0.053575] EDAC MC: Ver: 3.0.0
2022-09-19T23:34:15 [    0.054158] Registered efivars operations
2022-09-19T23:34:15 [    0.054416] zynqmp-ipi-mbox mailbox@ff990400: Registered ZynqMP IPI mbox with TX/RX channels.
2022-09-19T23:34:15 [    0.054852] FPGA manager framework
2022-09-19T23:34:15 [    0.054915] Advanced Linux Sound Architecture Driver Initialized.
2022-09-19T23:34:15 [    0.055376] Bluetooth: Core ver 2.22
2022-09-19T23:34:15 [    0.055404] NET: Registered PF_BLUETOOTH protocol family
2022-09-19T23:34:15 [    0.055415] Bluetooth: HCI device and connection manager initialized
2022-09-19T23:34:15 [    0.055429] Bluetooth: HCI socket layer initialized
2022-09-19T23:34:15 [    0.055440] Bluetooth: L2CAP socket layer initialized
2022-09-19T23:34:15 [    0.055458] Bluetooth: SCO socket layer initialized
2022-09-19T23:34:15 [    0.055841] clocksource: Switched to clocksource arch_sys_counter
2022-09-19T23:34:15 [    0.055965] VFS: Disk quotas dquot_6.6.0
2022-09-19T23:34:15 [    0.056009] VFS: Dquot-cache hash table entries: 512 (order 0, 4096 bytes)
2022-09-19T23:34:15 [    0.056232] pnp: PnP ACPI: disabled
2022-09-19T23:34:15 [    0.060997] NET: Registered PF_INET protocol family
2022-09-19T23:34:15 [    0.061129] IP idents hash table entries: 65536 (order: 7, 524288 bytes, linear)
2022-09-19T23:34:15 [    0.062541] tcp_listen_portaddr_hash hash table entries: 2048 (order: 3, 32768 bytes, linear)
2022-09-19T23:34:15 [    0.062594] TCP established hash table entries: 32768 (order: 6, 262144 bytes, linear)
2022-09-19T23:34:15 [    0.062794] TCP bind hash table entries: 32768 (order: 7, 524288 bytes, linear)
2022-09-19T23:34:15 [    0.063161] TCP: Hash tables configured (established 32768 bind 32768)
2022-09-19T23:34:15 [    0.063246] UDP hash table entries: 2048 (order: 4, 65536 bytes, linear)
2022-09-19T23:34:15 [    0.063324] UDP-Lite hash table entries: 2048 (order: 4, 65536 bytes, linear)
2022-09-19T23:34:15 [    0.063491] NET: Registered PF_UNIX/PF_LOCAL protocol family
2022-09-19T23:34:15 [    0.063782] RPC: Registered named UNIX socket transport module.
2022-09-19T23:34:15 [    0.063795] RPC: Registered udp transport module.
2022-09-19T23:34:15 [    0.063804] RPC: Registered tcp transport module.
2022-09-19T23:34:15 [    0.063812] RPC: Registered tcp NFSv4.1 backchannel transport module.
2022-09-19T23:34:15 [    0.064479] PCI: CLS 0 bytes, default 64
2022-09-19T23:34:15 [    0.064667] Unpacking initramfs...
2022-09-19T23:34:15 [    0.076099] armv8-pmu pmu: hw perfevents: no interrupt-affinity property, guessing.
2022-09-19T23:34:15 [    0.076318] hw perfevents: enabled with armv8_pmuv3 PMU driver, 7 counters available
2022-09-19T23:34:15 [    0.076639] kvm [1]: IPA Size Limit: 40 bits
2022-09-19T23:34:15 [    0.077900] kvm [1]: vgic interrupt IRQ9
2022-09-19T23:34:15 [    0.078011] kvm [1]: Hyp mode initialized successfully
2022-09-19T23:34:15 [    0.081298] Initialise system trusted keyrings
2022-09-19T23:34:15 [    0.081406] workingset: timestamp_bits=42 max_order=20 bucket_order=0
2022-09-19T23:34:15 [    0.087152] squashfs: version 4.0 (2009/01/31) Phillip Lougher
2022-09-19T23:34:15 [    0.087657] NFS: Registering the id_resolver key type
2022-09-19T23:34:15 [    0.087687] Key type id_resolver registered
2022-09-19T23:34:15 [    0.087696] Key type id_legacy registered
2022-09-19T23:34:15 [    0.087765] nfs4filelayout_init: NFSv4 File Layout Driver Registering...
2022-09-19T23:34:15 [    0.087778] nfs4flexfilelayout_init: NFSv4 Flexfile Layout Driver Registering...
2022-09-19T23:34:15 [    0.088010] 9p: Installing v9fs 9p2000 file system support
2022-09-19T23:34:15 [    0.120956] NET: Registered PF_ALG protocol family
2022-09-19T23:34:15 [    0.120999] Key type asymmetric registered
2022-09-19T23:34:15 [    0.121008] Asymmetric key parser 'x509' registered
2022-09-19T23:34:15 [    0.121104] Block layer SCSI generic (bsg) driver version 0.4 loaded (major 244)
2022-09-19T23:34:15 [    0.121208] io scheduler mq-deadline registered
2022-09-19T23:34:15 [    0.121220] io scheduler kyber registered
2022-09-19T23:34:15 [    0.128007] EINJ: ACPI disabled.
2022-09-19T23:34:15 [    0.136887] Serial: 8250/16550 driver, 4 ports, IRQ sharing enabled
2022-09-19T23:34:15 [    0.138843] msm_serial: driver initialized
2022-09-19T23:34:15 [    0.139872] cacheinfo: Unable to detect cache hierarchy for CPU 0
2022-09-19T23:34:15 [    0.144409] loop: module loaded
2022-09-19T23:34:15 [    0.145329] megasas: 07.717.02.00-rc1
2022-09-19T23:34:15 [    0.150683] thunder_xcv, ver 1.0
2022-09-19T23:34:15 [    0.150734] thunder_bgx, ver 1.0
2022-09-19T23:34:15 [    0.150767] nicpf, ver 1.0
2022-09-19T23:34:15 [    0.151719] hclge is initializing
2022-09-19T23:34:15 [    0.151743] hns3: Hisilicon Ethernet Network Driver for Hip08 Family - version
2022-09-19T23:34:15 [    0.151756] hns3: Copyright (c) 2017 Huawei Corporation.
2022-09-19T23:34:15 [    0.151801] e1000: Intel(R) PRO/1000 Network Driver
2022-09-19T23:34:15 [    0.151812] e1000: Copyright (c) 1999-2006 Intel Corporation.
2022-09-19T23:34:15 [    0.151875] e1000e: Intel(R) PRO/1000 Network Driver
2022-09-19T23:34:15 [    0.151884] e1000e: Copyright(c) 1999 - 2015 Intel Corporation.
2022-09-19T23:34:15 [    0.151925] igb: Intel(R) Gigabit Ethernet Network Driver
2022-09-19T23:34:15 [    0.151935] igb: Copyright (c) 2007-2014 Intel Corporation.
2022-09-19T23:34:15 [    0.151966] igbvf: Intel(R) Gigabit Virtual Function Network Driver
2022-09-19T23:34:15 [    0.151977] igbvf: Copyright (c) 2009 - 2012 Intel Corporation.
2022-09-19T23:34:15 [    0.152078] sky2: driver version 1.30
2022-09-19T23:34:15 [    0.152659] VFIO - User Level meta-driver version: 0.3
2022-09-19T23:34:15 [    0.153891] ehci_hcd: USB 2.0 'Enhanced' Host Controller (EHCI) Driver
2022-09-19T23:34:15 [    0.153930] ehci-pci: EHCI PCI platform driver
2022-09-19T23:34:15 [    0.153967] ehci-platform: EHCI generic platform driver
2022-09-19T23:34:15 [    0.154064] ohci_hcd: USB 1.1 'Open' Host Controller (OHCI) Driver
2022-09-19T23:34:15 [    0.154082] ohci-pci: OHCI PCI platform driver
2022-09-19T23:34:15 [    0.154114] ohci-platform: OHCI generic platform driver
2022-09-19T23:34:15 [    0.154506] usbcore: registered new interface driver uas
2022-09-19T23:34:15 [    0.154547] usbcore: registered new interface driver usb-storage
2022-09-19T23:34:15 [    0.154611] usbcore: registered new interface driver usbserial_generic
2022-09-19T23:34:15 [    0.154634] usbserial: USB Serial support registered for generic
2022-09-19T23:34:15 [    0.156370] i2c_dev: i2c /dev entries driver
2022-09-19T23:34:15 [    0.159611] sdhci: Secure Digital Host Controller Interface driver
2022-09-19T23:34:15 [    0.159628] sdhci: Copyright(c) Pierre Ossman
2022-09-19T23:34:15 [    0.160064] Synopsys Designware Multimedia Card Interface Driver
2022-09-19T23:34:15 [    0.160708] sdhci-pltfm: SDHCI platform and OF driver helper
2022-09-19T23:34:15 [    0.161946] ledtrig-cpu: registered to indicate activity on CPUs
2022-09-19T23:34:15 [    0.162828] SMCCC: SOC_ID: ARCH_SOC_ID not implemented, skipping ....
2022-09-19T23:34:15 [    0.162890] zynqmp_firmware_probe Platform Management API v1.1
2022-09-19T23:34:15 [    0.162904] zynqmp_firmware_probe Trustzone version v1.0
2022-09-19T23:34:15 [    0.195072] usbcore: registered new interface driver usbhid
2022-09-19T23:34:15 [    0.195100] usbhid: USB HID core driver
2022-09-19T23:34:15 [    0.198103] usbcore: registered new interface driver snd-usb-audio
2022-09-19T23:34:15 [    0.198815] NET: Registered PF_PACKET protocol family
2022-09-19T23:34:15 [    0.199144] 9pnet: Installing 9P2000 support
2022-09-19T23:34:15 [    0.199196] Key type dns_resolver registered
2022-09-19T23:34:15 [    0.199749] registered taskstats version 1
2022-09-19T23:34:15 [    0.199766] Loading compiled-in X.509 certificates
2022-09-19T23:34:15 [    1.107511] Freeing initrd memory: 24708K
2022-09-19T23:34:15 [    1.116669] Loaded X.509 cert 'Build time autogenerated kernel key: 9397255a5113921745af46953c49bc895ac535aa'
2022-09-19T23:34:15 [    1.128763] ff010000.serial: ttyPS1 at MMIO 0xff010000 (irq = 50, base_baud = 6249999) is a xuartps
2022-09-19T23:34:15 [    2.437937] printk: console [ttyPS1] enabled
2022-09-19T23:34:15 [    2.446327] mdio_bus ff0e0000.ethernet-ffffffff: mdio has invalid PHY address
2022-09-19T23:34:15 [    2.453478] mdio_bus ff0e0000.ethernet-ffffffff: scan phy mdio at address 0
2022-09-19T23:34:15 [    2.460531] mdio_bus ff0e0000.ethernet-ffffffff: scan phy mdio at address 1
2022-09-19T23:34:15 [    2.467573] mdio_bus ff0e0000.ethernet-ffffffff: scan phy mdio at address 2
2022-09-19T23:34:15 [    2.474614] mdio_bus ff0e0000.ethernet-ffffffff: scan phy mdio at address 3
2022-09-19T23:34:15 [    2.481663] mdio_bus ff0e0000.ethernet-ffffffff: scan phy mdio at address 4
2022-09-19T23:34:15 [    2.488709] mdio_bus ff0e0000.ethernet-ffffffff: scan phy mdio at address 5
2022-09-19T23:34:15 [    2.495748] mdio_bus ff0e0000.ethernet-ffffffff: scan phy mdio at address 6
2022-09-19T23:34:15 [    2.502787] mdio_bus ff0e0000.ethernet-ffffffff: scan phy mdio at address 7
2022-09-19T23:34:15 [    2.509827] mdio_bus ff0e0000.ethernet-ffffffff: scan phy mdio at address 8
2022-09-19T23:34:15 [    2.516871] mdio_bus ff0e0000.ethernet-ffffffff: scan phy mdio at address 9
2022-09-19T23:34:15 [    2.523918] mdio_bus ff0e0000.ethernet-ffffffff: scan phy mdio at address 10
2022-09-19T23:34:15 [    2.531050] mdio_bus ff0e0000.ethernet-ffffffff: scan phy mdio at address 11
2022-09-19T23:34:15 [    2.538176] mdio_bus ff0e0000.ethernet-ffffffff: scan phy mdio at address 12
2022-09-19T23:34:15 [    2.545302] mdio_bus ff0e0000.ethernet-ffffffff: scan phy mdio at address 13
2022-09-19T23:34:15 [    2.552430] mdio_bus ff0e0000.ethernet-ffffffff: scan phy mdio at address 14
2022-09-19T23:34:15 [    2.559563] mdio_bus ff0e0000.ethernet-ffffffff: scan phy mdio at address 15
2022-09-19T23:34:15 [    2.566690] mdio_bus ff0e0000.ethernet-ffffffff: scan phy mdio at address 16
2022-09-19T23:34:15 [    2.573816] mdio_bus ff0e0000.ethernet-ffffffff: scan phy mdio at address 17
2022-09-19T23:34:15 [    2.580945] mdio_bus ff0e0000.ethernet-ffffffff: scan phy mdio at address 18
2022-09-19T23:34:15 [    2.588079] mdio_bus ff0e0000.ethernet-ffffffff: scan phy mdio at address 19
2022-09-19T23:34:15 [    2.595212] mdio_bus ff0e0000.ethernet-ffffffff: scan phy mdio at address 20
2022-09-19T23:34:15 [    2.602339] mdio_bus ff0e0000.ethernet-ffffffff: scan phy mdio at address 21
2022-09-19T23:34:15 [    2.609465] mdio_bus ff0e0000.ethernet-ffffffff: scan phy mdio at address 22
2022-09-19T23:34:15 [    2.616592] mdio_bus ff0e0000.ethernet-ffffffff: scan phy mdio at address 23
2022-09-19T23:34:15 [    2.623718] mdio_bus ff0e0000.ethernet-ffffffff: scan phy mdio at address 24
2022-09-19T23:34:15 [    2.630843] mdio_bus ff0e0000.ethernet-ffffffff: scan phy mdio at address 25
2022-09-19T23:34:15 [    2.637971] mdio_bus ff0e0000.ethernet-ffffffff: scan phy mdio at address 26
2022-09-19T23:34:15 [    2.645100] mdio_bus ff0e0000.ethernet-ffffffff: scan phy mdio at address 27
2022-09-19T23:34:15 [    2.652232] mdio_bus ff0e0000.ethernet-ffffffff: scan phy mdio at address 28
2022-09-19T23:34:15 [    2.659359] mdio_bus ff0e0000.ethernet-ffffffff: scan phy mdio at address 29
2022-09-19T23:34:15 [    2.666486] mdio_bus ff0e0000.ethernet-ffffffff: scan phy mdio at address 30
2022-09-19T23:34:15 [    2.673620] mdio_bus ff0e0000.ethernet-ffffffff: scan phy mdio at address 31
2022-09-19T23:34:15 [    2.681089] macb ff0e0000.ethernet eth0: Cadence GEM rev 0x50070106 at 0xff0e0000 irq 37 (00:0a:35:0e:88:50)
2022-09-19T23:34:15 [    2.696406] clk: couldn't set sdio0_ref clk rate to 187498123 (-16), current rate: 199999998
2022-09-19T23:34:15 [    2.697586] clk: couldn't set sdio1_ref clk rate to 187498123 (-16), current rate: 199999998
2022-09-19T23:34:15 [    2.700461] cfg80211: Loading compiled-in X.509 certificates for regulatory database
2022-09-19T23:34:15 [    2.701206] cfg80211: Loaded X.509 cert 'sforshee: 00b28ddf47aef9cea7'
2022-09-19T23:34:15 [    2.701424] zynqmp_pll_disable() clock disable failed for dpll_int, ret = -13
2022-09-19T23:34:15 [    2.703056] ALSA device list:
2022-09-19T23:34:15 [    2.703061]   No soundcards found.
2022-09-19T23:34:15 [    2.703238] platform regulatory.0: Direct firmware load for regulatory.db failed with error -2
2022-09-19T23:34:15 [    2.703248] cfg80211: failed to load regulatory.db
2022-09-19T23:34:15 [    2.705367] clk: couldn't set sdio0_ref clk rate to 187498123 (-16), current rate: 199999998
2022-09-19T23:34:15 [    2.713788] clk: couldn't set sdio1_ref clk rate to 187498123 (-16), current rate: 199999998
2022-09-19T23:34:15 [    2.805158] mmc0: SDHCI controller on ff160000.mmc [ff160000.mmc] using ADMA 64-bit
2022-09-19T23:34:15 [    2.805623] mmc1: SDHCI controller on ff170000.mmc [ff170000.mmc] using ADMA 64-bit
2022-09-19T23:34:15 [    2.823274] Freeing unused kernel memory: 5184K
2022-09-19T23:34:15 [    2.827960] Run /init as init process
2022-09-19T23:34:15 [    2.854183] mmc1: new SDHC card at address 0001
2022-09-19T23:34:15 [    2.859546] mmcblk1: mmc1:0001 SD16G 14.6 GiB 
2022-09-19T23:34:16 [    2.877291] GPT:Primary header thinks Alt. header is not at the end of the disk.
2022-09-19T23:34:16 [    2.884735] GPT:4456521 != 30547967
2022-09-19T23:34:16 [    2.888249] GPT:Alternate GPT header not at the end of the disk.
2022-09-19T23:34:16 [    2.894286] GPT:4456521 != 30547967
2022-09-19T23:34:16 [    2.894297] GPT: Use GNU Parted to correct GPT errors.
2022-09-19T23:34:16 [    2.894321]  mmcblk1: p1 p2
2022-09-19T23:34:16 [    2.898327] mmc0: new HS200 MMC card at address 0001
2022-09-19T23:34:16 [    2.911197] mmcblk0: mmc0:0001 S0J56X 14.8 GiB 
2022-09-19T23:34:16 [    2.917357] mmcblk0boot0: mmc0:0001 S0J56X 31.5 MiB 
2022-09-19T23:34:16 [    2.923679] mmcblk0boot1: mmc0:0001 S0J56X 31.5 MiB 
2022-09-19T23:34:16 [    2.924515] tpm_tis_core: module verification failed: signature and/or required key missing - tainting kernel
2022-09-19T23:34:16 [    2.929595] mmcblk0rpmb: mmc0:0001 S0J56X 4.00 MiB, chardev (235:0)
2022-09-19T23:34:16 [    3.311939] EXT4-fs (mmcblk1p2): mounted filesystem with ordered data mode. Opts: (null). Quota mode: none.
2022-09-19T23:34:16 [    3.345342] random: fast init done
2022-09-19T23:34:18 [    5.054479] SELinux:  Class mctp_socket not defined in policy.
2022-09-19T23:34:18 [    5.060419] SELinux:  Class anon_inode not defined in policy.
2022-09-19T23:34:18 [    5.066173] SELinux: the above unknown classes and permissions will be allowed
2022-09-19T23:34:18 [    5.081880] SELinux:  policy capability network_peer_controls=1
2022-09-19T23:34:18 [    5.087942] SELinux:  policy capability open_perms=1
2022-09-19T23:34:18 [    5.092910] SELinux:  policy capability extended_socket_class=1
2022-09-19T23:34:18 [    5.098846] SELinux:  policy capability always_check_network=0
2022-09-19T23:34:18 [    5.104680] SELinux:  policy capability cgroup_seclabel=1
2022-09-19T23:34:18 [    5.110106] SELinux:  policy capability nnp_nosuid_transition=1
2022-09-19T23:34:18 [    5.116030] SELinux:  policy capability genfs_seclabel_symlinks=0
2022-09-19T23:34:18 [    5.122134] SELinux:  policy capability ioctl_skip_cloexec=0
2022-09-19T23:34:18 [    5.180010] audit: type=1403 audit(5.176:2): auid=4294967295 ses=4294967295 lsm=selinux res=1
2022-09-19T23:34:18 [    5.208324] systemd[1]: Successfully loaded SELinux policy in 628.039ms.
2022-09-19T23:34:18 [    5.507279] systemd[1]: System time before build time, advancing clock.
2022-09-19T23:34:18 [    5.622395] audit: type=1400 audit(1616485768.112:3): avc:  denied  { module_load } for  pid=1 comm=\"systemd\" path=\"/lib/modules/5.15.34/kernel/net/ipv6/ipv6.ko\" dev=\"mmcblk1p2\" ino=2289 scontext=system_u:system_r:kernel_t:s15:c0.c1023 tcontext=system_u:object_r:unlabeled_t:s0 tclass=system permissive=1
2022-09-19T23:34:18 [    5.750725] audit: type=1400 audit(1616485768.240:4): avc:  denied  { integrity } for  pid=1 comm=\"systemd\" lockdown_reason=\"unsigned module loading\" scontext=system_u:system_r:kernel_t:s15:c0.c1023 tcontext=system_u:system_r:kernel_t:s15:c0.c1023 tclass=lockdown permissive=1
2022-09-19T23:34:18 [    5.777334] NET: Registered PF_INET6 protocol family
2022-09-19T23:34:18 [    5.835781] Segment Routing with IPv6
2022-09-19T23:34:18 [    5.839513] In-situ OAM (IOAM) with IPv6
2022-09-19T23:34:19 [    5.891243] systemd[1]: Relabelled /dev, /dev/shm, /run, /sys/fs/cgroup in 36.014ms.
2022-09-19T23:34:19 [    6.010235] systemd[1]: systemd 247.6+ running in system mode. (+PAM +AUDIT +SELINUX +IMA -APPARMOR -SMACK +SYSVINIT +UTMP -LIBCRYPTSETUP -GCRYPT -GNUTLS +ACL +XZ -LZ4 -ZSTD -SECCOMP +BLKID -ELFUTILS +KMOD -IDN2 -IDN -PCRE2 default-hierarchy=hybrid)
2022-09-19T23:34:19 [    6.033128] systemd[1]: Detected architecture arm64.
2022-09-19T23:34:19 [    6.081206] systemd[1]: Set hostname to <ledge-qemuarm64>.
2022-09-19T23:34:19 [    6.131234] random: systemd: uninitialized urandom read (16 bytes read)
2022-09-19T23:34:19 [    6.138018] systemd[1]: Initializing machine ID from random generator.
2022-09-19T23:34:19 [    6.225463] audit: type=1400 audit(1616485768.716:5): avc:  denied  { bpf } for  pid=1 comm=\"systemd\" capability=39  scontext=system_u:system_r:kernel_t:s15:c0.c1023 tcontext=system_u:system_r:kernel_t:s15:c0.c1023 tclass=capability2 permissive=1
2022-09-19T23:34:19 [    6.247359] audit: type=1400 audit(1616485768.716:6): avc:  denied  { perfmon } for  pid=1 comm=\"systemd\" capability=38  scontext=system_u:system_r:kernel_t:s15:c0.c1023 tcontext=system_u:system_r:kernel_t:s15:c0.c1023 tclass=capability2 permissive=1
2022-09-19T23:34:19 [    6.387271] systemd-sysv-generator[253]: SysV service '/etc/init.d/conntrack-failover' lacks a native systemd unit file. Automatically generating a unit file for compatibility. Please update package to include a native systemd unit file, in order to make it more safe and robust.
2022-09-19T23:34:19 [    6.412323] systemd-sysv-generator[253]: SysV service '/etc/init.d/conntrackd' lacks a native systemd unit file. Automatically generating a unit file for compatibility. Please update package to include a native systemd unit file, in order to make it more safe and robust.
2022-09-19T23:34:21 [    8.175777] systemd[1]: Queued start job for default target Multi-User System.
2022-09-19T23:34:21 [    8.184098] random: systemd: uninitialized urandom read (16 bytes read)
2022-09-19T23:34:21 [    8.227815] systemd[1]: Created slice system-getty.slice.
2022-09-19T23:34:21 [    8.234220] random: systemd: uninitialized urandom read (16 bytes read)
2022-09-19T23:34:21 [    8.243084] systemd[1]: Created slice system-modprobe.slice.
2022-09-19T23:34:21 [    8.248955] random: systemd: uninitialized urandom read (16 bytes read)
2022-09-19T23:34:21 [    8.257560] systemd[1]: Created slice system-serial\x2dgetty.slice.
2022-09-19T23:34:21 [    8.265953] systemd[1]: Created slice User and Session Slice.
2022-09-19T23:34:21 [    8.272524] systemd[1]: Started Dispatch Password Requests to Console Directory Watch.
2022-09-19T23:34:21 [    8.281046] systemd[1]: Started Forward Password Requests to Wall Directory Watch.
2022-09-19T23:34:21 [    8.289088] systemd[1]: Reached target Remote File Systems.
2022-09-19T23:34:21 [    8.294845] systemd[1]: Reached target Slices.
2022-09-19T23:34:21 [    8.299537] systemd[1]: Reached target System Time Set.
2022-09-19T23:34:21 [    8.304918] systemd[1]: Reached target System Time Synchronized.
2022-09-19T23:34:21 [    8.339426] systemd[1]: Listening on RPCbind Server Activation Socket.
2022-09-19T23:34:21 [    8.346555] systemd[1]: Reached target RPC Port Mapper.
2022-09-19T23:34:21 [    8.359055] systemd[1]: Listening on Syslog Socket.
2022-09-19T23:34:21 [    8.365317] systemd[1]: Listening on initctl Compatibility Named Pipe.
2022-09-19T23:34:21 [    8.373692] audit: type=1400 audit(1616485770.864:7): avc:  denied  { audit_read } for  pid=1 comm=\"systemd\" capability=37  scontext=system_u:system_r:kernel_t:s15:c0.c1023 tcontext=system_u:system_r:kernel_t:s15:c0.c1023 tclass=capability2 permissive=1
2022-09-19T23:34:21 [    8.373716] systemd[1]: Listening on Journal Audit Socket.
2022-09-19T23:34:21 [    8.402549] systemd[1]: Listening on Journal Socket (/dev/log).
2022-09-19T23:34:21 [    8.409579] systemd[1]: Listening on Journal Socket.
2022-09-19T23:34:21 [    8.415507] systemd[1]: Listening on Network Service Netlink Socket.
2022-09-19T23:34:21 [    8.424342] systemd[1]: Listening on udev Control Socket.
2022-09-19T23:34:21 [    8.430692] systemd[1]: Listening on udev Kernel Socket.
2022-09-19T23:34:21 [    8.437376] systemd[1]: Listening on User Database Manager Socket.
2022-09-19T23:34:21 [    8.448935] systemd[1]: Mounting Huge Pages File System...
2022-09-19T23:34:21 [    8.459591] systemd[1]: Mounting POSIX Message Queue File System...
2022-09-19T23:34:21 [    8.471081] systemd[1]: Mounting Kernel Debug File System...
2022-09-19T23:34:21 [    8.477430] systemd[1]: Condition check resulted in Kernel Trace File System being skipped.
2022-09-19T23:34:21 [    8.491150] systemd[1]: Starting Create list of static device nodes for the current kernel...
2022-09-19T23:34:21 [    8.504318] systemd[1]: Starting Load Kernel Module configfs...
2022-09-19T23:34:21 [    8.514346] systemd[1]: Starting Load Kernel Module drm...
2022-09-19T23:34:21 [    8.524102] systemd[1]: Starting Load Kernel Module fuse...
2022-09-19T23:34:21 [    8.562867] systemd[1]: Starting RPC Bind...
2022-09-19T23:34:21 [    8.574895] systemd[1]: Starting SELinux autorelabel service loading...
2022-09-19T23:34:21 [    8.586267] systemd[1]: Starting SELinux init for /dev service loading...
2022-09-19T23:34:21 [    8.593693] systemd[1]: Condition check resulted in File System Check on Root Device being skipped.
2022-09-19T23:34:21 [    8.609307] systemd[1]: Starting Journal Service...
2022-09-19T23:34:21 [    8.701512] systemd[1]: Starting Load Kernel Modules...
2022-09-19T23:34:21 [    8.709720] fuse: init (API version 7.34)
2022-09-19T23:34:21 [    8.711936] systemd[1]: Starting Remount Root and Kernel File Systems...
2022-09-19T23:34:21 [    8.725830] systemd[1]: Starting Coldplug All udev Devices...
2022-09-19T23:34:21 [    8.736615] systemd[1]: Starting Create compressed swap in memory using zram...
2022-09-19T23:34:21 [    8.751364] systemd[1]: Mounted Huge Pages File System.
2022-09-19T23:34:21 [    8.757366] systemd[1]: Mounted POSIX Message Queue File System.
2022-09-19T23:34:21 [    8.764405] systemd[1]: Mounted Kernel Debug File System.
2022-09-19T23:34:21 [    8.773450] systemd[1]: Finished Create list of static device nodes for the current kernel.
2022-09-19T23:34:21 [    8.777667] EXT4-fs (mmcblk1p2): re-mounted. Opts: (null). Quota mode: none.
2022-09-19T23:34:21 [    8.792808] systemd[1]: modprobe@configfs.service: Succeeded.
2022-09-19T23:34:21 [    8.800809] systemd[1]: Finished Load Kernel Module configfs.
2022-09-19T23:34:21 [    8.808393] systemd[1]: modprobe@drm.service: Succeeded.
2022-09-19T23:34:21 [    8.815548] systemd[1]: Finished Load Kernel Module drm.
2022-09-19T23:34:21 [    8.822247] systemd[1]: modprobe@fuse.service: Succeeded.
2022-09-19T23:34:21 [    8.829734] systemd[1]: Finished Load Kernel Module fuse.
2022-09-19T23:34:21 [    8.840819] systemd[1]: Finished Load Kernel Modules.
2022-09-19T23:34:21 [    8.849105] systemd[1]: Finished Remount Root and Kernel File Systems.
2022-09-19T23:34:21 [    8.861936] systemd[1]: Mounting FUSE Control File System...
2022-09-19T23:34:22 [    8.873290] systemd[1]: Mounting Kernel Configuration File System...
2022-09-19T23:34:22 [    8.880105] systemd[1]: Condition check resulted in OSTree Remount OS/ Bind Mounts being skipped.
2022-09-19T23:34:22 [    9.006565] systemd[1]: Condition check resulted in Rebuild Hardware Database being skipped.
2022-09-19T23:34:22 [    9.015317] systemd[1]: Condition check resulted in Platform Persistent Storage Archival being skipped.
2022-09-19T23:34:22 [    9.029323] systemd[1]: Starting Apply Kernel Variables...
2022-09-19T23:34:22 [    9.039772] systemd[1]: Starting Create System Users...
2022-09-19T23:34:22 [    9.048521] systemd[1]: Started Journal Service.
2022-09-19T23:34:22 [    9.053693] audit: type=1130 audit(1616485771.544:8): pid=1 uid=0 auid=4294967295 ses=4294967295 subj=system_u:system_r:kernel_t:s15:c0.c1023 msg='unit=systemd-journald comm=\"systemd\" exe=\"/lib/systemd/systemd\" hostname=? addr=? terminal=? res=success'
2022-09-19T23:34:22 [    9.153133] audit: type=1130 audit(1616485771.644:9): pid=1 uid=0 auid=4294967295 ses=4294967295 subj=system_u:system_r:kernel_t:s15:c0.c1023 msg='unit=rpcbind comm=\"systemd\" exe=\"/lib/systemd/systemd\" hostname=? addr=? terminal=? res=success'
2022-09-19T23:34:22 [    9.262789] systemd-journald[269]: Received client request to flush runtime journal.
2022-09-19T23:34:22 [    9.299339] audit: type=1130 audit(1616485771.788:10): pid=1 uid=0 auid=4294967295 ses=4294967295 subj=system_u:system_r:kernel_t:s15:c0.c1023 msg='unit=systemd-journal-flush comm=\"systemd\" exe=\"/lib/systemd/systemd\" hostname=? addr=? terminal=? res=success'
2022-09-19T23:36:17 [  124.138781] reboot: Restarting system
2022-09-19T23:36:18 
2022-09-19T23:36:18 <debug_uart>
2022-09-19T23:36:18 
2022-09-19T23:36:18 U-Boot SPL 2022.07-rc3 (May 27 2022 - 12:50:42 +0000)
2022-09-19T23:36:18 PMUFW:	v1.1
2022-09-19T23:36:18 Loading new PMUFW cfg obj (2032 bytes)
2022-09-19T23:36:18 Silicon version:	3
2022-09-19T23:36:18 EL Level:	EL3
2022-09-19T23:36:18 Chip ID:	xck26
2022-09-19T23:36:18 Secure Boot:	not authenticated, not encrypted
2022-09-19T23:36:18 Multiboot:	64
2022-09-19T23:36:18 Trying to boot from SPI
2022-09-19T23:36:19 NOTICE:  BL31: v2.6(release):v2.6-879-gc3bdd3d3cf-dirty
2022-09-19T23:36:20 NOTICE:  BL31: Built : 09:30:50, May  9 2022�C!OYY�]�U����5R�
2022-09-19T23:36:20 
2022-09-19T23:36:20 U-Boot 2022.07-rc3 (May 27 2022 - 12:50:42 +0000)
2022-09-19T23:36:20 
2022-09-19T23:36:20 CPU:   ZynqMP
2022-09-19T23:36:20 Silicon: v3
2022-09-19T23:36:20 Detected name: zynqmp-sm-k26-xcl2gc-rev1 -sck-kv-g-rev1
2022-09-19T23:36:20 Model: ZynqMP SM-K26 Rev1/B/A
2022-09-19T23:36:20 Board: Xilinx ZynqMP
2022-09-19T23:36:20 DRAM:  4 GiB
2022-09-19T23:36:21 PMUFW:	v1.1
2022-09-19T23:36:21 Xilinx I2C FRU format at nvmem0:
2022-09-19T23:36:21  Manufacturer Name: XILINX
2022-09-19T23:36:21  Product Name: SM-K26-XCL2GC
2022-09-19T23:36:21  Serial No: XFL1OTRUW0NW
2022-09-19T23:36:21  Part Number: 5057-02  
2022-09-19T23:36:21  File ID: 0x0
2022-09-19T23:36:21  Revision Number: 1 
2022-09-19T23:36:21 Xilinx I2C FRU format at nvmem1:
2022-09-19T23:36:21  Manufacturer Name: XILINX
2022-09-19T23:36:21  Product Name: SCK-KV-G        
2022-09-19T23:36:21  Serial No: XFL1EMYMAA30
2022-09-19T23:36:21  Part Number: 5066-01  
2022-09-19T23:36:21  File ID: 0x0
2022-09-19T23:36:21  Revision Number: 1
2022-09-19T23:36:21 EL Level:	EL2
2022-09-19T23:36:21 Chip ID:	xck26
2022-09-19T23:36:21 Secure Boot:	not authenticated, not encrypted
2022-09-19T23:36:21 Core:  127 devices, 33 uclasses, devicetree: fit
2022-09-19T23:36:21 7[r[999;999H[6n8NAND:  0 MiB
2022-09-19T23:36:22 MMC:   mmc@ff160000: 0, mmc@ff170000: 1
2022-09-19T23:36:22 Loading Environment from nowhere... OK
2022-09-19T23:36:22 In:    serial
2022-09-19T23:36:22 Out:   serial
2022-09-19T23:36:22 Err:   serial
2022-09-19T23:36:22 Bootmode: QSPI_MODE
2022-09-19T23:36:22 Reset reason:	SOFT 
2022-09-19T23:36:23 Net:   PHY reset timed out
2022-09-19T23:36:23 
2022-09-19T23:36:23 ZYNQ GEM: ff0e0000, mdio bus ff0e0000, phyaddr 1, interface rgmii-id
2022-09-19T23:36:23 eth0: ethernet@ff0e0000
2022-09-19T23:36:25 Hit any key to stop autoboot:  2  1  0 
2022-09-19T23:36:25 SF: Detected mt25qu512a with page size 256 Bytes, erase size 64 KiB, total 64 MiB
2022-09-19T23:36:25 device 0 offset 0x3e80000, size 0x80000
2022-09-19T23:36:25 SF: 524288 bytes @ 0x3e80000 Read: OK
2022-09-19T23:36:25 QSPI: Trying to boot script at 20000000
2022-09-19T23:36:25 ## Executing script at 20000000
2022-09-19T23:36:25 Wrong image format for \"source\" command
2022-09-19T23:36:25 QSPI: SCRIPT FAILED: continuing...
2022-09-19T23:36:25 JTAG: Trying to boot script at 20000000
2022-09-19T23:36:25 ## Executing script at 20000000
2022-09-19T23:36:25 Wrong image format for \"source\" command
2022-09-19T23:36:25 JTAG: SCRIPT FAILED: continuing...
2022-09-19T23:36:25 switch to partitions #0, OK
2022-09-19T23:36:25 mmc0(part 0) is current device
2022-09-19T23:36:25 ** No partition table - mmc 0 **
2022-09-19T23:36:25 Couldn't find partition mmc 0:1
2022-09-19T23:36:26 switch to partitions #0, OK
2022-09-19T23:36:26 mmc1 is current device
2022-09-19T23:36:26 Scanning mmc 1:1...
2022-09-19T23:36:27 tpm_tis_spi_probe: missing reset GPIO
2022-09-19T23:36:32 Booting: BootLedge
2022-09-19T23:36:32 EFI stub: Booting Linux Kernel...
2022-09-19T23:36:32 EFI stub: EFI_RNG_PROTOCOL unavailable
2022-09-19T23:36:32 EFI stub: UEFI Secure Boot is enabled.
2022-09-19T23:36:32 EFI stub: Using DTB from configuration table
2022-09-19T23:36:34 EFI stub: Loaded initrd from LINUX_EFI_INITRD_MEDIA_GUID device path
2022-09-19T23:36:34 EFI stub: Exiting boot services...
2022-09-19T23:36:36 [    0.000000] Booting Linux on physical CPU 0x0000000000 [0x410fd034]
2022-09-19T23:36:36 [    0.000000] Linux version 5.15.34 (oe-user@oe-host) (aarch64-linaro-linux-gcc (GCC) 10.2.1 20201103, GNU ld (GNU Binutils) 2.36.1.20210209) #1 SMP PREEMPT Fri May 6 05:56:02 UTC 2022
2022-09-19T23:36:36 [    0.000000] Machine model: ZynqMP SM-K26 Rev1/B/A
2022-09-19T23:36:36 [    0.000000] efi: EFI v2.90 by Das U-Boot
2022-09-19T23:36:36 [    0.000000] efi: ESRT=0x778d6040 TPMFinalLog=0x778da040 RTPROP=0x778d8040 SMBIOS=0x778d4000 TPMEventLog=0x778cd040 MEMRESERVE=0x778cb040 
2022-09-19T23:36:36 [    0.000000] esrt: Reserving ESRT space from 0x00000000778d6040 to 0x00000000778d60a0.
2022-09-19T23:36:36 [    0.000000] NUMA: No NUMA configuration found
2022-09-19T23:36:36 [    0.000000] NUMA: Faking a node at [mem 0x0000000000000000-0x000000087fffffff]
2022-09-19T23:36:36 [    0.000000] NUMA: NODE_DATA [mem 0x87f7cdc00-0x87f7cffff]
2022-09-19T23:36:36 [    0.000000] Zone ranges:
2022-09-19T23:36:36 [    0.000000]   DMA      [mem 0x0000000000000000-0x00000000ffffffff]
2022-09-19T23:36:36 [    0.000000]   DMA32    empty
2022-09-19T23:36:36 [    0.000000]   Normal   [mem 0x0000000100000000-0x000000087fffffff]
2022-09-19T23:36:36 [    0.000000] Movable zone start for each node
2022-09-19T23:36:36 [    0.000000] Early memory node ranges
2022-09-19T23:36:36 [    0.000000]   node   0: [mem 0x0000000000000000-0x00000000778d3fff]
2022-09-19T23:36:36 [    0.000000]   node   0: [mem 0x00000000778d4000-0x00000000778d4fff]
2022-09-19T23:36:36 [    0.000000]   node   0: [mem 0x00000000778d5000-0x00000000778d7fff]
2022-09-19T23:36:36 [    0.000000]   node   0: [mem 0x00000000778d8000-0x00000000778d8fff]
2022-09-19T23:36:36 [    0.000000]   node   0: [mem 0x00000000778d9000-0x00000000778d9fff]
2022-09-19T23:36:36 [    0.000000]   node   0: [mem 0x00000000778da000-0x00000000778eafff]
2022-09-19T23:36:36 [    0.000000]   node   0: [mem 0x00000000778eb000-0x00000000778fdfff]
2022-09-19T23:36:36 [    0.000000]   node   0: [mem 0x00000000778fe000-0x00000000778fffff]
2022-09-19T23:36:36 [    0.000000]   node   0: [mem 0x0000000077900000-0x0000000077900fff]
2022-09-19T23:36:36 [    0.000000]   node   0: [mem 0x0000000077901000-0x0000000077904fff]
2022-09-19T23:36:36 [    0.000000]   node   0: [mem 0x0000000077905000-0x000000007f98ffff]
2022-09-19T23:36:36 [    0.000000]   node   0: [mem 0x000000007f990000-0x000000007f99ffff]
2022-09-19T23:36:36 [    0.000000]   node   0: [mem 0x000000007f9a0000-0x000000007fffffff]
2022-09-19T23:36:36 [    0.000000]   node   0: [mem 0x0000000800000000-0x000000087fffffff]
2022-09-19T23:36:36 [    0.000000] Initmem setup node 0 [mem 0x0000000000000000-0x000000087fffffff]
2022-09-19T23:36:36 [    0.000000] cma: Reserved 64 MiB at 0x000000007b800000
2022-09-19T23:36:36 [    0.000000] psci: probing for conduit method from DT.
2022-09-19T23:36:36 [    0.000000] psci: PSCIv1.1 detected in firmware.
2022-09-19T23:36:36 [    0.000000] psci: Using standard PSCI v0.2 function IDs
2022-09-19T23:36:36 [    0.000000] psci: MIGRATE_INFO_TYPE not supported.
2022-09-19T23:36:36 [    0.000000] psci: SMC Calling Convention v1.2
2022-09-19T23:36:36 [    0.000000] percpu: Embedded 20 pages/cpu s42712 r8192 d31016 u81920
2022-09-19T23:36:36 [    0.000000] Detected VIPT I-cache on CPU0
2022-09-19T23:36:36 [    0.000000] CPU features: kernel page table isolation forced ON by KASLR
2022-09-19T23:36:36 [    0.000000] CPU features: detected: Kernel page table isolation (KPTI)
2022-09-19T23:36:36 [    0.000000] CPU features: detected: ARM erratum 845719
2022-09-19T23:36:36 [    0.000000] Built 1 zonelists, mobility grouping on.  Total pages: 1032192
2022-09-19T23:36:36 [    0.000000] Policy zone: Normal
2022-09-19T23:36:36 [    0.000000] Kernel command line: console=ttyPS1,115200 console=tty0 root=UUID=6091b3a4-ce08-3020-93a6-f755a22ef03b rootwait panic=60
2022-09-19T23:36:36 [    0.000000] Dentry cache hash table entries: 524288 (order: 10, 4194304 bytes, linear)
2022-09-19T23:36:36 [    0.000000] Inode-cache hash table entries: 262144 (order: 9, 2097152 bytes, linear)
2022-09-19T23:36:36 [    0.000000] mem auto-init: stack:off, heap alloc:off, heap free:off
2022-09-19T23:36:36 [    0.000000] software IO TLB: mapped [mem 0x000000006f5b0000-0x00000000735b0000] (64MB)
2022-09-19T23:36:36 [    0.000000] Memory: 3922328K/4194304K available (17536K kernel code, 3002K rwdata, 8136K rodata, 5184K init, 747K bss, 206440K reserved, 65536K cma-reserved)
2022-09-19T23:36:36 [    0.000000] SLUB: HWalign=64, Order=0-3, MinObjects=0, CPUs=4, Nodes=1
2022-09-19T23:36:36 [    0.000000] rcu: Preemptible hierarchical RCU implementation.
2022-09-19T23:36:36 [    0.000000] rcu: 	RCU event tracing is enabled.
2022-09-19T23:36:36 [    0.000000] rcu: 	RCU restricting CPUs from NR_CPUS=256 to nr_cpu_ids=4.
2022-09-19T23:36:36 [    0.000000] 	Trampoline variant of Tasks RCU enabled.
2022-09-19T23:36:36 [    0.000000] 	Tracing variant of Tasks RCU enabled.
2022-09-19T23:36:36 [    0.000000] rcu: RCU calculated value of scheduler-enlistment delay is 25 jiffies.
2022-09-19T23:36:36 [    0.000000] rcu: Adjusting geometry for rcu_fanout_leaf=16, nr_cpu_ids=4
2022-09-19T23:36:36 [    0.000000] NR_IRQS: 64, nr_irqs: 64, preallocated irqs: 0
2022-09-19T23:36:36 [    0.000000] GIC: Adjusting CPU interface base to 0x00000000f902f000
2022-09-19T23:36:36 [    0.000000] Root IRQ handler: gic_handle_irq
2022-09-19T23:36:36 [    0.000000] GIC: Using split EOI/Deactivate mode
2022-09-19T23:36:36 [    0.000000] random: get_random_bytes called from start_kernel+0x478/0x670 with crng_init=0
2022-09-19T23:36:36 [    0.000000] arch_timer: cp15 timer(s) running at 99.99MHz (phys).
2022-09-19T23:36:36 [    0.000000] clocksource: arch_sys_counter: mask: 0xffffffffffffff max_cycles: 0x171015c90f, max_idle_ns: 440795203080 ns
2022-09-19T23:36:36 [    0.000000] sched_clock: 56 bits at 99MHz, resolution 10ns, wraps every 4398046511101ns
2022-09-19T23:36:36 [    0.000436] Console: colour dummy device 80x25
2022-09-19T23:36:36 [    0.000872] printk: console [tty0] enabled
2022-09-19T23:36:36 [    0.000942] Calibrating delay loop (skipped), value calculated using timer frequency.. 199.99 BogoMIPS (lpj=399996)
2022-09-19T23:36:36 [    0.000962] pid_max: default: 32768 minimum: 301
2022-09-19T23:36:36 [    0.001015] LSM: Security Framework initializing
2022-09-19T23:36:36 [    0.001051] SELinux:  Initializing.
2022-09-19T23:36:36 [    0.001147] Mount-cache hash table entries: 8192 (order: 4, 65536 bytes, linear)
2022-09-19T23:36:36 [    0.001173] Mountpoint-cache hash table entries: 8192 (order: 4, 65536 bytes, linear)
2022-09-19T23:36:36 [    0.002475] rcu: Hierarchical SRCU implementation.
2022-09-19T23:36:36 [    0.003552] Remapping and enabling EFI services.
2022-09-19T23:36:36 [    0.003724] smp: Bringing up secondary CPUs ...
2022-09-19T23:36:36 [    0.004142] Detected VIPT I-cache on CPU1
2022-09-19T23:36:36 [    0.004188] CPU1: Booted secondary processor 0x0000000001 [0x410fd034]
2022-09-19T23:36:36 [    0.004571] Detected VIPT I-cache on CPU2
2022-09-19T23:36:36 [    0.004594] CPU2: Booted secondary processor 0x0000000002 [0x410fd034]
2022-09-19T23:36:36 [    0.004953] Detected VIPT I-cache on CPU3
2022-09-19T23:36:36 [    0.004975] CPU3: Booted secondary processor 0x0000000003 [0x410fd034]
2022-09-19T23:36:36 [    0.005024] smp: Brought up 1 node, 4 CPUs
2022-09-19T23:36:36 [    0.005072] SMP: Total of 4 processors activated.
2022-09-19T23:36:36 [    0.005081] CPU features: detected: 32-bit EL0 Support
2022-09-19T23:36:36 [    0.005090] CPU features: detected: 32-bit EL1 Support
2022-09-19T23:36:36 [    0.005100] CPU features: detected: CRC32 instructions
2022-09-19T23:36:36 [    0.011692] CPU: All CPU(s) started at EL2
2022-09-19T23:36:36 [    0.011722] alternatives: patching kernel code
2022-09-19T23:36:36 [    0.013033] devtmpfs: initialized
2022-09-19T23:36:36 [    0.017778] Registered cp15_barrier emulation handler
2022-09-19T23:36:36 [    0.017795] Registered setend emulation handler
2022-09-19T23:36:36 [    0.017809] KASLR disabled due to lack of seed
2022-09-19T23:36:36 [    0.017942] clocksource: jiffies: mask: 0xffffffff max_cycles: 0xffffffff, max_idle_ns: 7645041785100000 ns
2022-09-19T23:36:36 [    0.017967] futex hash table entries: 1024 (order: 4, 65536 bytes, linear)
2022-09-19T23:36:36 [    0.020416] pinctrl core: initialized pinctrl subsystem
2022-09-19T23:36:36 [    0.021196] SMBIOS 3.0 present.
2022-09-19T23:36:36 [    0.021218] DMI: Unknown Unknown Product/Unknown Product, BIOS 2022.07-rc3 07/01/2022
2022-09-19T23:36:36 [    0.021562] NET: Registered PF_NETLINK/PF_ROUTE protocol family
2022-09-19T23:36:36 [    0.022630] DMA: preallocated 512 KiB GFP_KERNEL pool for atomic allocations
2022-09-19T23:36:36 [    0.022730] DMA: preallocated 512 KiB GFP_KERNEL|GFP_DMA pool for atomic allocations
2022-09-19T23:36:36 [    0.022874] DMA: preallocated 512 KiB GFP_KERNEL|GFP_DMA32 pool for atomic allocations
2022-09-19T23:36:36 [    0.022943] audit: initializing netlink subsys (disabled)
2022-09-19T23:36:36 [    0.023050] audit: type=2000 audit(0.020:1): state=initialized audit_enabled=0 res=1
2022-09-19T23:36:36 [    0.023859] thermal_sys: Registered thermal governor 'step_wise'
2022-09-19T23:36:36 [    0.023864] thermal_sys: Registered thermal governor 'power_allocator'
2022-09-19T23:36:36 [    0.023971] cpuidle: using governor menu
2022-09-19T23:36:36 [    0.024053] NET: Registered PF_QIPCRTR protocol family
2022-09-19T23:36:36 [    0.024197] hw-breakpoint: found 6 breakpoint and 4 watchpoint registers.
2022-09-19T23:36:36 [    0.024273] ASID allocator initialised with 32768 entries
2022-09-19T23:36:36 [    0.025066] Serial: AMBA PL011 UART driver
2022-09-19T23:36:36 [    0.047472] HugeTLB registered 1.00 GiB page size, pre-allocated 0 pages
2022-09-19T23:36:37 [    0.047502] HugeTLB registered 32.0 MiB page size, pre-allocated 0 pages
2022-09-19T23:36:37 [    0.047514] HugeTLB registered 2.00 MiB page size, pre-allocated 0 pages
2022-09-19T23:36:37 [    0.047526] HugeTLB registered 64.0 KiB page size, pre-allocated 0 pages
2022-09-19T23:36:37 [    0.048541] cryptd: max_cpu_qlen set to 1000
2022-09-19T23:36:37 [    0.051172] ACPI: Interpreter disabled.
2022-09-19T23:36:37 [    0.052259] iommu: Default domain type: Translated 
2022-09-19T23:36:37 [    0.052271] iommu: DMA domain TLB invalidation policy: strict mode 
2022-09-19T23:36:37 [    0.052486] vgaarb: loaded
2022-09-19T23:36:37 [    0.052716] SCSI subsystem initialized
2022-09-19T23:36:37 [    0.052974] usbcore: registered new interface driver usbfs
2022-09-19T23:36:37 [    0.053012] usbcore: registered new interface driver hub
2022-09-19T23:36:37 [    0.053041] usbcore: registered new device driver usb
2022-09-19T23:36:37 [    0.053360] mc: Linux media interface: v0.10
2022-09-19T23:36:37 [    0.053385] videodev: Linux video capture interface: v2.00
2022-09-19T23:36:37 [    0.053418] pps_core: LinuxPPS API ver. 1 registered
2022-09-19T23:36:37 [    0.053427] pps_core: Software ver. 5.3.6 - Copyright 2005-2007 Rodolfo Giometti <giometti@linux.it>
2022-09-19T23:36:37 [    0.053448] PTP clock support registered
2022-09-19T23:36:37 [    0.053542] EDAC MC: Ver: 3.0.0
2022-09-19T23:36:37 [    0.054126] Registered efivars operations
2022-09-19T23:36:37 [    0.054382] zynqmp-ipi-mbox mailbox@ff990400: Registered ZynqMP IPI mbox with TX/RX channels.
2022-09-19T23:36:37 [    0.054813] FPGA manager framework
2022-09-19T23:36:37 [    0.054876] Advanced Linux Sound Architecture Driver Initialized.
2022-09-19T23:36:37 [    0.055338] Bluetooth: Core ver 2.22
2022-09-19T23:36:37 [    0.055366] NET: Registered PF_BLUETOOTH protocol family
2022-09-19T23:36:37 [    0.055377] Bluetooth: HCI device and connection manager initialized
2022-09-19T23:36:37 [    0.055391] Bluetooth: HCI socket layer initialized
2022-09-19T23:36:37 [    0.055403] Bluetooth: L2CAP socket layer initialized
2022-09-19T23:36:37 [    0.055420] Bluetooth: SCO socket layer initialized
2022-09-19T23:36:37 [    0.055820] clocksource: Switched to clocksource arch_sys_counter
2022-09-19T23:36:37 [    0.055944] VFS: Disk quotas dquot_6.6.0
2022-09-19T23:36:37 [    0.055989] VFS: Dquot-cache hash table entries: 512 (order 0, 4096 bytes)
2022-09-19T23:36:37 [    0.056211] pnp: PnP ACPI: disabled
2022-09-19T23:36:37 [    0.061059] NET: Registered PF_INET protocol family
2022-09-19T23:36:37 [    0.061191] IP idents hash table entries: 65536 (order: 7, 524288 bytes, linear)
2022-09-19T23:36:37 [    0.062586] tcp_listen_portaddr_hash hash table entries: 2048 (order: 3, 32768 bytes, linear)
2022-09-19T23:36:37 [    0.062664] TCP established hash table entries: 32768 (order: 6, 262144 bytes, linear)
2022-09-19T23:36:37 [    0.062861] TCP bind hash table entries: 32768 (order: 7, 524288 bytes, linear)
2022-09-19T23:36:37 [    0.063229] TCP: Hash tables configured (established 32768 bind 32768)
2022-09-19T23:36:37 [    0.063313] UDP hash table entries: 2048 (order: 4, 65536 bytes, linear)
2022-09-19T23:36:37 [    0.063391] UDP-Lite hash table entries: 2048 (order: 4, 65536 bytes, linear)
2022-09-19T23:36:37 [    0.063557] NET: Registered PF_UNIX/PF_LOCAL protocol family
2022-09-19T23:36:37 [    0.063860] RPC: Registered named UNIX socket transport module.
2022-09-19T23:36:37 [    0.063872] RPC: Registered udp transport module.
2022-09-19T23:36:37 [    0.063881] RPC: Registered tcp transport module.
2022-09-19T23:36:37 [    0.063890] RPC: Registered tcp NFSv4.1 backchannel transport module.
2022-09-19T23:36:37 [    0.064547] PCI: CLS 0 bytes, default 64
2022-09-19T23:36:37 [    0.064735] Unpacking initramfs...
2022-09-19T23:36:37 [    0.076073] armv8-pmu pmu: hw perfevents: no interrupt-affinity property, guessing.
2022-09-19T23:36:37 [    0.079886] hw perfevents: enabled with armv8_pmuv3 PMU driver, 7 counters available
2022-09-19T23:36:37 [    0.080222] kvm [1]: IPA Size Limit: 40 bits
2022-09-19T23:36:37 [    0.081504] kvm [1]: vgic interrupt IRQ9
2022-09-19T23:36:37 [    0.081614] kvm [1]: Hyp mode initialized successfully
2022-09-19T23:36:37 [    0.084916] Initialise system trusted keyrings
2022-09-19T23:36:37 [    0.085031] workingset: timestamp_bits=42 max_order=20 bucket_order=0
2022-09-19T23:36:37 [    0.090770] squashfs: version 4.0 (2009/01/31) Phillip Lougher
2022-09-19T23:36:37 [    0.091215] NFS: Registering the id_resolver key type
2022-09-19T23:36:37 [    0.091244] Key type id_resolver registered
2022-09-19T23:36:37 [    0.091253] Key type id_legacy registered
2022-09-19T23:36:37 [    0.091332] nfs4filelayout_init: NFSv4 File Layout Driver Registering...
2022-09-19T23:36:37 [    0.091345] nfs4flexfilelayout_init: NFSv4 Flexfile Layout Driver Registering...
2022-09-19T23:36:37 [    0.091537] 9p: Installing v9fs 9p2000 file system support
2022-09-19T23:36:37 [    0.124522] NET: Registered PF_ALG protocol family
2022-09-19T23:36:37 [    0.124565] Key type asymmetric registered
2022-09-19T23:36:37 [    0.124575] Asymmetric key parser 'x509' registered
2022-09-19T23:36:37 [    0.124664] Block layer SCSI generic (bsg) driver version 0.4 loaded (major 244)
2022-09-19T23:36:37 [    0.124754] io scheduler mq-deadline registered
2022-09-19T23:36:37 [    0.124765] io scheduler kyber registered
2022-09-19T23:36:37 [    0.131489] EINJ: ACPI disabled.
2022-09-19T23:36:37 [    0.140384] Serial: 8250/16550 driver, 4 ports, IRQ sharing enabled
2022-09-19T23:36:37 [    0.142362] msm_serial: driver initialized
2022-09-19T23:36:37 [    0.143374] cacheinfo: Unable to detect cache hierarchy for CPU 0
2022-09-19T23:36:37 [    0.147918] loop: module loaded
2022-09-19T23:36:37 [    0.148872] megasas: 07.717.02.00-rc1
2022-09-19T23:36:37 [    0.154253] thunder_xcv, ver 1.0
2022-09-19T23:36:37 [    0.154300] thunder_bgx, ver 1.0
2022-09-19T23:36:37 [    0.154332] nicpf, ver 1.0
2022-09-19T23:36:37 [    0.155285] hclge is initializing
2022-09-19T23:36:37 [    0.155308] hns3: Hisilicon Ethernet Network Driver for Hip08 Family - version
2022-09-19T23:36:37 [    0.155322] hns3: Copyright (c) 2017 Huawei Corporation.
2022-09-19T23:36:37 [    0.155366] e1000: Intel(R) PRO/1000 Network Driver
2022-09-19T23:36:37 [    0.155376] e1000: Copyright (c) 1999-2006 Intel Corporation.
2022-09-19T23:36:37 [    0.155413] e1000e: Intel(R) PRO/1000 Network Driver
2022-09-19T23:36:37 [    0.155422] e1000e: Copyright(c) 1999 - 2015 Intel Corporation.
2022-09-19T23:36:37 [    0.155461] igb: Intel(R) Gigabit Ethernet Network Driver
2022-09-19T23:36:37 [    0.155472] igb: Copyright (c) 2007-2014 Intel Corporation.
2022-09-19T23:36:37 [    0.155502] igbvf: Intel(R) Gigabit Virtual Function Network Driver
2022-09-19T23:36:37 [    0.155512] igbvf: Copyright (c) 2009 - 2012 Intel Corporation.
2022-09-19T23:36:37 [    0.155611] sky2: driver version 1.30
2022-09-19T23:36:37 [    0.156213] VFIO - User Level meta-driver version: 0.3
2022-09-19T23:36:37 [    0.157450] ehci_hcd: USB 2.0 'Enhanced' Host Controller (EHCI) Driver
2022-09-19T23:36:37 [    0.157473] ehci-pci: EHCI PCI platform driver
2022-09-19T23:36:37 [    0.157508] ehci-platform: EHCI generic platform driver
2022-09-19T23:36:37 [    0.157605] ohci_hcd: USB 1.1 'Open' Host Controller (OHCI) Driver
2022-09-19T23:36:37 [    0.157623] ohci-pci: OHCI PCI platform driver
2022-09-19T23:36:37 [    0.157658] ohci-platform: OHCI generic platform driver
2022-09-19T23:36:37 [    0.158044] usbcore: registered new interface driver uas
2022-09-19T23:36:37 [    0.158084] usbcore: registered new interface driver usb-storage
2022-09-19T23:36:37 [    0.158156] usbcore: registered new interface driver usbserial_generic
2022-09-19T23:36:37 [    0.158180] usbserial: USB Serial support registered for generic
2022-09-19T23:36:37 [    0.159922] i2c_dev: i2c /dev entries driver
2022-09-19T23:36:37 [    0.163152] sdhci: Secure Digital Host Controller Interface driver
2022-09-19T23:36:37 [    0.163169] sdhci: Copyright(c) Pierre Ossman
2022-09-19T23:36:37 [    0.163576] Synopsys Designware Multimedia Card Interface Driver
2022-09-19T23:36:37 [    0.164239] sdhci-pltfm: SDHCI platform and OF driver helper
2022-09-19T23:36:37 [    0.165483] ledtrig-cpu: registered to indicate activity on CPUs
2022-09-19T23:36:37 [    0.166340] SMCCC: SOC_ID: ARCH_SOC_ID not implemented, skipping ....
2022-09-19T23:36:37 [    0.166400] zynqmp_firmware_probe Platform Management API v1.1
2022-09-19T23:36:37 [    0.166414] zynqmp_firmware_probe Trustzone version v1.0
2022-09-19T23:36:37 [    0.198490] usbcore: registered new interface driver usbhid
2022-09-19T23:36:37 [    0.198520] usbhid: USB HID core driver
2022-09-19T23:36:37 [    0.201512] usbcore: registered new interface driver snd-usb-audio
2022-09-19T23:36:37 [    0.202247] NET: Registered PF_PACKET protocol family
2022-09-19T23:36:37 [    0.202534] 9pnet: Installing 9P2000 support
2022-09-19T23:36:37 [    0.202588] Key type dns_resolver registered
2022-09-19T23:36:37 [    0.203126] registered taskstats version 1
2022-09-19T23:36:37 [    0.203143] Loading compiled-in X.509 certificates
2022-09-19T23:36:37 [    1.107657] Freeing initrd memory: 24708K
2022-09-19T23:36:37 [    1.116907] Loaded X.509 cert 'Build time autogenerated kernel key: 9397255a5113921745af46953c49bc895ac535aa'
2022-09-19T23:36:37 [    1.129027] ff010000.serial: ttyPS1 at MMIO 0xff010000 (irq = 50, base_baud = 6249999) is a xuartps
2022-09-19T23:36:37 [    2.438045] printk: console [ttyPS1] enabled
2022-09-19T23:36:37 [    2.446526] mdio_bus ff0e0000.ethernet-ffffffff: mdio has invalid PHY address
2022-09-19T23:36:37 [    2.453682] mdio_bus ff0e0000.ethernet-ffffffff: scan phy mdio at address 0
2022-09-19T23:36:37 [    2.460726] mdio_bus ff0e0000.ethernet-ffffffff: scan phy mdio at address 1
2022-09-19T23:36:37 [    2.467770] mdio_bus ff0e0000.ethernet-ffffffff: scan phy mdio at address 2
2022-09-19T23:36:37 [    2.474818] mdio_bus ff0e0000.ethernet-ffffffff: scan phy mdio at address 3
2022-09-19T23:36:37 [    2.481867] mdio_bus ff0e0000.ethernet-ffffffff: scan phy mdio at address 4
2022-09-19T23:36:37 [    2.488913] mdio_bus ff0e0000.ethernet-ffffffff: scan phy mdio at address 5
2022-09-19T23:36:37 [    2.495955] mdio_bus ff0e0000.ethernet-ffffffff: scan phy mdio at address 6
2022-09-19T23:36:37 [    2.502999] mdio_bus ff0e0000.ethernet-ffffffff: scan phy mdio at address 7
2022-09-19T23:36:37 [    2.510040] mdio_bus ff0e0000.ethernet-ffffffff: scan phy mdio at address 8
2022-09-19T23:36:37 [    2.517082] mdio_bus ff0e0000.ethernet-ffffffff: scan phy mdio at address 9
2022-09-19T23:36:37 [    2.524128] mdio_bus ff0e0000.ethernet-ffffffff: scan phy mdio at address 10
2022-09-19T23:36:37 [    2.531255] mdio_bus ff0e0000.ethernet-ffffffff: scan phy mdio at address 11
2022-09-19T23:36:37 [    2.538389] mdio_bus ff0e0000.ethernet-ffffffff: scan phy mdio at address 12
2022-09-19T23:36:37 [    2.545516] mdio_bus ff0e0000.ethernet-ffffffff: scan phy mdio at address 13
2022-09-19T23:36:37 [    2.552652] mdio_bus ff0e0000.ethernet-ffffffff: scan phy mdio at address 14
2022-09-19T23:36:37 [    2.559785] mdio_bus ff0e0000.ethernet-ffffffff: scan phy mdio at address 15
2022-09-19T23:36:37 [    2.566912] mdio_bus ff0e0000.ethernet-ffffffff: scan phy mdio at address 16
2022-09-19T23:36:37 [    2.574047] mdio_bus ff0e0000.ethernet-ffffffff: scan phy mdio at address 17
2022-09-19T23:36:37 [    2.581174] mdio_bus ff0e0000.ethernet-ffffffff: scan phy mdio at address 18
2022-09-19T23:36:37 [    2.588301] mdio_bus ff0e0000.ethernet-ffffffff: scan phy mdio at address 19
2022-09-19T23:36:37 [    2.595434] mdio_bus ff0e0000.ethernet-ffffffff: scan phy mdio at address 20
2022-09-19T23:36:37 [    2.602561] mdio_bus ff0e0000.ethernet-ffffffff: scan phy mdio at address 21
2022-09-19T23:36:37 [    2.609687] mdio_bus ff0e0000.ethernet-ffffffff: scan phy mdio at address 22
2022-09-19T23:36:37 [    2.616814] mdio_bus ff0e0000.ethernet-ffffffff: scan phy mdio at address 23
2022-09-19T23:36:37 [    2.623945] mdio_bus ff0e0000.ethernet-ffffffff: scan phy mdio at address 24
2022-09-19T23:36:37 [    2.631073] mdio_bus ff0e0000.ethernet-ffffffff: scan phy mdio at address 25
2022-09-19T23:36:37 [    2.638202] mdio_bus ff0e0000.ethernet-ffffffff: scan phy mdio at address 26
2022-09-19T23:36:37 [    2.645328] mdio_bus ff0e0000.ethernet-ffffffff: scan phy mdio at address 27
2022-09-19T23:36:37 [    2.652453] mdio_bus ff0e0000.ethernet-ffffffff: scan phy mdio at address 28
2022-09-19T23:36:37 [    2.659581] mdio_bus ff0e0000.ethernet-ffffffff: scan phy mdio at address 29
2022-09-19T23:36:37 [    2.666709] mdio_bus ff0e0000.ethernet-ffffffff: scan phy mdio at address 30
2022-09-19T23:36:37 [    2.673842] mdio_bus ff0e0000.ethernet-ffffffff: scan phy mdio at address 31
2022-09-19T23:36:37 [    2.681302] macb ff0e0000.ethernet eth0: Cadence GEM rev 0x50070106 at 0xff0e0000 irq 37 (00:0a:35:0e:88:50)
2022-09-19T23:36:37 [    2.696565] clk: couldn't set sdio0_ref clk rate to 187498123 (-16), current rate: 199999998
2022-09-19T23:36:37 [    2.697816] clk: couldn't set sdio1_ref clk rate to 187498123 (-16), current rate: 199999998
2022-09-19T23:36:37 [    2.700587] cfg80211: Loading compiled-in X.509 certificates for regulatory database
2022-09-19T23:36:37 [    2.701327] cfg80211: Loaded X.509 cert 'sforshee: 00b28ddf47aef9cea7'
2022-09-19T23:36:37 [    2.701545] zynqmp_pll_disable() clock disable failed for dpll_int, ret = -13
2022-09-19T23:36:37 [    2.703177] ALSA device list:
2022-09-19T23:36:37 [    2.703182]   No soundcards found.
2022-09-19T23:36:37 [    2.703361] platform regulatory.0: Direct firmware load for regulatory.db failed with error -2
2022-09-19T23:36:37 [    2.703370] cfg80211: failed to load regulatory.db
2022-09-19T23:36:37 [    2.705513] clk: couldn't set sdio0_ref clk rate to 187498123 (-16), current rate: 199999998
2022-09-19T23:36:37 [    2.713947] clk: couldn't set sdio1_ref clk rate to 187498123 (-16), current rate: 199999998
2022-09-19T23:36:38 [    2.805564] mmc1: SDHCI controller on ff170000.mmc [ff170000.mmc] using ADMA 64-bit
2022-09-19T23:36:38 [    2.805744] mmc0: SDHCI controller on ff160000.mmc [ff160000.mmc] using ADMA 64-bit
2022-09-19T23:36:38 [    2.822431] Freeing unused kernel memory: 5184K
2022-09-19T23:36:38 [    2.827068] Run /init as init process
2022-09-19T23:36:38 [    2.845876] mmc1: new SDHC card at address 0001
2022-09-19T23:36:38 [    2.851213] mmcblk1: mmc1:0001 SD16G 14.6 GiB 
2022-09-19T23:36:38 [    2.870319] GPT:Primary header thinks Alt. header is not at the end of the disk.
2022-09-19T23:36:38 [    2.877778] GPT:4456521 != 30547967
2022-09-19T23:36:38 [    2.881294] GPT:Alternate GPT header not at the end of the disk.
2022-09-19T23:36:38 [    2.887329] GPT:4456521 != 30547967
2022-09-19T23:36:38 [    2.887342] GPT: Use GNU Parted to correct GPT errors.
2022-09-19T23:36:38 [    2.887367]  mmcblk1: p1 p2
2022-09-19T23:36:38 [    2.910770] tpm_tis_core: module verification failed: signature and/or required key missing - tainting kernel
2022-09-19T23:36:38 [    2.922852] mmc0: new HS200 MMC card at address 0001
2022-09-19T23:36:38 [    2.928466] mmcblk0: mmc0:0001 S0J56X 14.8 GiB 
2022-09-19T23:36:38 [    2.934827] mmcblk0boot0: mmc0:0001 S0J56X 31.5 MiB 
2022-09-19T23:36:38 [    2.941123] mmcblk0boot1: mmc0:0001 S0J56X 31.5 MiB 
2022-09-19T23:36:38 [    2.963849] mmcblk0rpmb: mmc0:0001 S0J56X 4.00 MiB, chardev (235:0)
2022-09-19T23:36:38 [    3.314740] random: fast init done
2022-09-19T23:36:38 [    3.327919] EXT4-fs (mmcblk1p2): mounted filesystem with ordered data mode. Opts: (null). Quota mode: none.
2022-09-19T23:36:40 [    5.055082] SELinux:  Class mctp_socket not defined in policy.
2022-09-19T23:36:40 [    5.061022] SELinux:  Class anon_inode not defined in policy.
2022-09-19T23:36:40 [    5.066770] SELinux: the above unknown classes and permissions will be allowed
2022-09-19T23:36:40 [    5.082309] SELinux:  policy capability network_peer_controls=1
2022-09-19T23:36:40 [    5.088365] SELinux:  policy capability open_perms=1
2022-09-19T23:36:40 [    5.093346] SELinux:  policy capability extended_socket_class=1
2022-09-19T23:36:40 [    5.099277] SELinux:  policy capability always_check_network=0
2022-09-19T23:36:40 [    5.105119] SELinux:  policy capability cgroup_seclabel=1
2022-09-19T23:36:40 [    5.110545] SELinux:  policy capability nnp_nosuid_transition=1
2022-09-19T23:36:40 [    5.116469] SELinux:  policy capability genfs_seclabel_symlinks=0
2022-09-19T23:36:40 [    5.122574] SELinux:  policy capability ioctl_skip_cloexec=0
2022-09-19T23:36:40 [    5.179988] audit: type=1403 audit(5.176:2): auid=4294967295 ses=4294967295 lsm=selinux res=1
2022-09-19T23:36:40 [    5.209240] systemd[1]: Successfully loaded SELinux policy in 625.950ms.
2022-09-19T23:36:40 [    5.510021] systemd[1]: System time before build time, advancing clock.
2022-09-19T23:36:40 [    5.756537] audit: type=1400 audit(1616485768.244:3): avc:  denied  { integrity } for  pid=1 comm=\"systemd\" lockdown_reason=\"unsigned module loading\" scontext=system_u:system_r:init_t:s0-s15:c0.c1023 tcontext=system_u:system_r:init_t:s0-s15:c0.c1023 tclass=lockdown permissive=1
2022-09-19T23:36:40 [    5.783313] NET: Registered PF_INET6 protocol family
2022-09-19T23:36:41 [    5.845247] Segment Routing with IPv6
2022-09-19T23:36:41 [    5.849010] In-situ OAM (IOAM) with IPv6
2022-09-19T23:36:41 [    5.907779] systemd[1]: Relabelled /dev, /dev/shm, /run, /sys/fs/cgroup in 35.974ms.
2022-09-19T23:36:41 [    6.026950] systemd[1]: systemd 247.6+ running in system mode. (+PAM +AUDIT +SELINUX +IMA -APPARMOR -SMACK +SYSVINIT +UTMP -LIBCRYPTSETUP -GCRYPT -GNUTLS +ACL +XZ -LZ4 -ZSTD -SECCOMP +BLKID -ELFUTILS +KMOD -IDN2 -IDN -PCRE2 default-hierarchy=hybrid)
2022-09-19T23:36:41 [    6.049970] systemd[1]: Detected architecture arm64.
2022-09-19T23:36:41 [    6.114050] systemd[1]: Set hostname to <ledge-qemuarm64>.
2022-09-19T23:36:41 [    6.244590] audit: type=1400 audit(1616485768.732:4): avc:  denied  { read } for  pid=246 comm=\"systemd-gpt-aut\" name=\"mmcblk1\" dev=\"devtmpfs\" ino=143 scontext=system_u:system_r:systemd_generator_t:s0-s15:c0.c1023 tcontext=system_u:object_r:removable_device_t:s0 tclass=blk_file permissive=1
2022-09-19T23:36:41 [    6.270369] audit: type=1400 audit(1616485768.732:5): avc:  denied  { open } for  pid=246 comm=\"systemd-gpt-aut\" path=\"/dev/mmcblk1\" dev=\"devtmpfs\" ino=143 scontext=system_u:system_r:systemd_generator_t:s0-s15:c0.c1023 tcontext=system_u:object_r:removable_device_t:s0 tclass=blk_file permissive=1
2022-09-19T23:36:41 [    6.296579] audit: type=1400 audit(1616485768.732:6): avc:  denied  { getattr } for  pid=246 comm=\"systemd-gpt-aut\" path=\"/dev/mmcblk1\" dev=\"devtmpfs\" ino=143 scontext=system_u:system_r:systemd_generator_t:s0-s15:c0.c1023 tcontext=system_u:object_r:removable_device_t:s0 tclass=blk_file permissive=1
2022-09-19T23:36:41 [    6.323061] audit: type=1400 audit(1616485768.764:7): avc:  denied  { ioctl } for  pid=246 comm=\"systemd-gpt-aut\" path=\"/dev/mmcblk1\" dev=\"devtmpfs\" ino=143 ioctlcmd=0x1272 scontext=system_u:system_r:systemd_generator_t:s0-s15:c0.c1023 tcontext=system_u:object_r:removable_device_t:s0 tclass=blk_file permissive=1
2022-09-19T23:36:41 [    6.359293] systemd-sysv-generator[251]: SysV service '/etc/init.d/conntrack-failover' lacks a native systemd unit file. Automatically generating a unit file for compatibility. Please update package to include a native systemd unit file, in order to make it more safe and robust.
2022-09-19T23:36:41 [    6.384220] systemd-sysv-generator[251]: SysV service '/etc/init.d/conntrackd' lacks a native systemd unit file. Automatically generating a unit file for compatibility. Please update package to include a native systemd unit file, in order to make it more safe and robust.
2022-09-19T23:36:43 [    8.159091] systemd[1]: Queued start job for default target Multi-User System.
2022-09-19T23:36:43 [    8.167403] random: systemd: uninitialized urandom read (16 bytes read)
2022-09-19T23:36:43 [    8.211196] systemd[1]: Created slice system-getty.slice.
2022-09-19T23:36:43 [    8.217757] random: systemd: uninitialized urandom read (16 bytes read)
2022-09-19T23:36:43 [    8.226534] systemd[1]: Created slice system-modprobe.slice.
2022-09-19T23:36:43 [    8.232383] random: systemd: uninitialized urandom read (16 bytes read)
2022-09-19T23:36:43 [    8.240926] systemd[1]: Created slice system-serial\x2dgetty.slice.
2022-09-19T23:36:43 [    8.249229] systemd[1]: Created slice User and Session Slice.
2022-09-19T23:36:43 [    8.255783] systemd[1]: Started Dispatch Password Requests to Console Directory Watch.
2022-09-19T23:36:43 [    8.264331] systemd[1]: Started Forward Password Requests to Wall Directory Watch.
2022-09-19T23:36:43 [    8.272372] systemd[1]: Reached target Remote File Systems.
2022-09-19T23:36:43 [    8.278124] systemd[1]: Reached target Slices.
2022-09-19T23:36:43 [    8.282793] systemd[1]: Reached target System Time Set.
2022-09-19T23:36:43 [    8.288197] systemd[1]: Reached target System Time Synchronized.
2022-09-19T23:36:43 [    8.324361] systemd[1]: Listening on RPCbind Server Activation Socket.
2022-09-19T23:36:43 [    8.331524] systemd[1]: Reached target RPC Port Mapper.
2022-09-19T23:36:43 [    8.343957] systemd[1]: Listening on Syslog Socket.
2022-09-19T23:36:43 [    8.349955] systemd[1]: Listening on initctl Compatibility Named Pipe.
2022-09-19T23:36:43 [    8.358862] systemd[1]: Listening on Journal Audit Socket.
2022-09-19T23:36:43 [    8.365276] systemd[1]: Listening on Journal Socket (/dev/log).
2022-09-19T23:36:43 [    8.372761] systemd[1]: Listening on Journal Socket.
2022-09-19T23:36:43 [    8.379269] systemd[1]: Listening on Network Service Netlink Socket.
2022-09-19T23:36:43 [    8.389356] systemd[1]: Listening on udev Control Socket.
2022-09-19T23:36:43 [    8.396648] systemd[1]: Listening on udev Kernel Socket.
2022-09-19T23:36:43 [    8.404453] systemd[1]: Listening on User Database Manager Socket.
2022-09-19T23:36:43 [    8.415750] systemd[1]: Mounting Huge Pages File System...
2022-09-19T23:36:43 [    8.426546] systemd[1]: Mounting POSIX Message Queue File System...
2022-09-19T23:36:43 [    8.437693] systemd[1]: Mounting Kernel Debug File System...
2022-09-19T23:36:43 [    8.444023] systemd[1]: Condition check resulted in Kernel Trace File System being skipped.
2022-09-19T23:36:43 [    8.457501] systemd[1]: Starting Create list of static device nodes for the current kernel...
2022-09-19T23:36:43 [    8.470582] systemd[1]: Starting Load Kernel Module configfs...
2022-09-19T23:36:43 [    8.480574] systemd[1]: Starting Load Kernel Module drm...
2022-09-19T23:36:43 [    8.490348] systemd[1]: Starting Load Kernel Module fuse...
2022-09-19T23:36:43 [    8.530410] systemd[1]: Starting RPC Bind...
2022-09-19T23:36:43 [    8.542491] systemd[1]: Starting SELinux autorelabel service loading...
2022-09-19T23:36:43 [    8.553811] systemd[1]: Starting SELinux init for /dev service loading...
2022-09-19T23:36:43 [    8.561216] systemd[1]: Condition check resulted in File System Check on Root Device being skipped.
2022-09-19T23:36:43 [    8.576817] systemd[1]: Starting Journal Service...
2022-09-19T23:36:43 [    8.610208] audit: type=1400 audit(1616485771.096:8): avc:  denied  { integrity } for  pid=261 comm=\"modprobe\" lockdown_reason=\"unsigned module loading\" scontext=system_u:system_r:kmod_t:s0-s15:c0.c1023 tcontext=system_u:system_r:kmod_t:s0-s15:c0.c1023 tclass=lockdown permissive=1
2022-09-19T23:36:43 [    8.654238] systemd[1]: Starting Load Kernel Modules...
2022-09-19T23:36:43 [    8.664417] systemd[1]: Starting Remount Root and Kernel File Systems...
2022-09-19T23:36:43 [    8.676160] systemd[1]: Starting Coldplug All udev Devices...
2022-09-19T23:36:43 [    8.686811] systemd[1]: Starting Create compressed swap in memory using zram...
2022-09-19T23:36:43 [    8.701330] systemd[1]: Mounted Huge Pages File System.
2022-09-19T23:36:43 [    8.707439] systemd[1]: Mounted POSIX Message Queue File System.
2022-09-19T23:36:43 [    8.714210] systemd[1]: Mounted Kernel Debug File System.
2022-09-19T23:36:43 [    8.720220] fuse: init (API version 7.34)
2022-09-19T23:36:43 [    8.723212] systemd[1]: Finished Create list of static device nodes for the current kernel.
2022-09-19T23:36:43 [    8.734521] systemd[1]: modprobe@configfs.service: Succeeded.
2022-09-19T23:36:43 [    8.742023] systemd[1]: Finished Load Kernel Module configfs.
2022-09-19T23:36:43 [    8.749067] systemd[1]: modprobe@drm.service: Succeeded.
2022-09-19T23:36:43 [    8.756402] systemd[1]: Finished Load Kernel Module drm.
2022-09-19T23:36:43 [    8.763346] systemd[1]: modprobe@fuse.service: Succeeded.
2022-09-19T23:36:43 [    8.770693] systemd[1]: Finished Load Kernel Module fuse.
2022-09-19T23:36:43 [    8.780110] systemd[1]: Finished Load Kernel Modules.
2022-09-19T23:36:43 [    8.793533] systemd[1]: Mounting FUSE Control File System...
2022-09-19T23:36:43 [    8.795244] EXT4-fs (mmcblk1p2): re-mounted. Opts: (null). Quota mode: none.
2022-09-19T23:36:44 [    8.811687] systemd[1]: Mounting Kernel Configuration File System...
2022-09-19T23:36:44 [    8.824131] systemd[1]: Starting Apply Kernel Variables...
2022-09-19T23:36:44 [    8.837962] systemd[1]: Finished Remount Root and Kernel File Systems.
2022-09-19T23:36:44 [    8.845391] systemd[1]: Mounted FUSE Control File System.
2022-09-19T23:36:44 [    8.852004] systemd[1]: Mounted Kernel Configuration File System.
2022-09-19T23:36:44 [    8.859238] systemd[1]: Condition check resulted in OSTree Remount OS/ Bind Mounts being skipped.
2022-09-19T23:36:44 [    8.998635] systemd[1]: Condition check resulted in Rebuild Hardware Database being skipped.
2022-09-19T23:36:44 [    9.007443] systemd[1]: Condition check resulted in Platform Persistent Storage Archival being skipped.
2022-09-19T23:36:44 [    9.017050] systemd[1]: Condition check resulted in Create System Users being skipped.
2022-09-19T23:36:44 [    9.029725] systemd[1]: Starting Create Static Device Nodes in /dev...
2022-09-19T23:36:44 [    9.037960] systemd[1]: Started Journal Service.
2022-09-19T23:36:44 [    9.043090] audit: type=1130 audit(1616485771.528:9): pid=1 uid=0 auid=4294967295 ses=4294967295 subj=system_u:system_r:init_t:s0-s15:c0.c1023 msg='unit=systemd-journald comm=\"systemd\" exe=\"/lib/systemd/systemd\" hostname=? addr=? terminal=? res=success'
2022-09-19T23:36:44 [    9.115651] audit: type=1130 audit(1616485771.600:10): pid=1 uid=0 auid=4294967295 ses=4294967295 subj=system_u:system_r:init_t:s0-s15:c0.c1023 msg='unit=rpcbind comm=\"systemd\" exe=\"/lib/systemd/systemd\" hostname=? addr=? terminal=? res=success'
2022-09-19T23:36:44 [    9.238296] audit: type=1400 audit(1616485771.672:11): avc:  denied  { integrity } for  pid=281 comm=\"modprobe\" lockdown_reason=\"unsigned module loading\" scontext=system_u:system_r:kmod_t:s15:c0.c1023 tcontext=system_u:system_r:kmod_t:s15:c0.c1023 tclass=lockdown permissive=1
2022-09-19T23:36:44 [    9.241592] systemd-journald[266]: Received client request to flush runtime journal.
2022-09-19T23:36:54 
2022-09-19T23:36:54 Reference-Platform-Build-X11 3.0+linaro ledge-qemuarm64 ttyPS1
2022-09-19T23:36:54 
2022-09-19T23:36:54 Matched prompt #8: login:
2022-09-19T23:36:54 {'case': 'kernel-messages', 'definition': 'lava', 'duration': '160.39', 'extra': {'extra': [{'success': 'login:'}]}, 'level': '3.2.1', 'namespace': 'common', 'result': 'pass'}
2022-09-19T23:36:54 Sending username ledge
2022-09-19T23:36:54 ledge
2022-09-19T23:36:54 ledge-qemuarm64 login: ledge
2022-09-19T23:36:54 Setting prompt string to ['ledge-qemuarm64:']
2022-09-19T23:36:54 Waiting for password prompt
2022-09-19T23:36:54 login-action: Wait for prompt ['ledge-qemuarm64:', 'Password:', 'Login timed out'] (timeout 00:12:11)
2022-09-19T23:36:54 ledge
2022-09-19T23:36:54 ledge
2022-09-19T23:36:55 Matched prompt #1: Password:
2022-09-19T23:36:55 Sending password ledge
2022-09-19T23:36:55 ledge
2022-09-19T23:36:55 Password: ledge
2022-09-19T23:36:55 Setting prompt string to ['ledge-qemuarm64:']
2022-09-19T23:36:55 login-action: Wait for prompt ['ledge-qemuarm64:', 'Login incorrect', 'Login timed out'] (timeout 00:12:11)
2022-09-19T23:36:55 ledge
2022-09-19T23:36:55 
2022-09-19T23:36:57 Setting prompt string to ['ledge-qemuarm64:']
2022-09-19T23:36:57 end: 3.2.1 login-action (duration 00:02:43) [common]
2022-09-19T23:36:57 {'case': 'login-action', 'definition': 'lava', 'duration': '162.87', 'extra': {'success': 'login:'}, 'level': '3.2.1', 'namespace': 'common', 'result': 'pass'}
2022-09-19T23:36:57 end: 3.2 auto-login-action (duration 00:02:51) [common]
2022-09-19T23:36:57 end: 3 minimal-boot (duration 00:02:51) [common]
2022-09-19T23:36:57 start: 4 finalize (timeout 00:20:00) [common]
2022-09-19T23:36:57 start: 4.1 power-off (timeout 00:00:10) [common]
2022-09-19T23:36:57 Calling: 'nice' '/usr/local/bin/relayctl' 'relay3' '1' 'off'
2022-09-19T23:36:57 Returned 0 in 0 seconds
2022-09-19T23:36:57 Calling: 'nice' '/usr/local/bin/relayctl' 'relay3' '2' 'off'
2022-09-19T23:36:57 Returned 0 in 0 seconds
2022-09-19T23:36:57 end: 4.1 power-off (duration 00:00:00) [common]
2022-09-19T23:36:57 {'case': 'power-off', 'definition': 'lava', 'duration': '0.31', 'extra': {'status': 'success'}, 'level': '4.1', 'namespace': 'common', 'result': 'pass'}
2022-09-19T23:36:57 start: 4.2 read-feedback (timeout 00:20:00) [common]
2022-09-19T23:36:57 Listened to connection for namespace 'common' for up to 1s
2022-09-19T23:36:58 Finalising connection for namespace 'common'
2022-09-19T23:36:58 Disconnecting from telnet: Finalise
2022-09-19T23:36:58 ]
2022-09-19T23:36:58 quit
2022-09-19T23:36:58 7[r[999;999H[6n8ledge-qemuarm64:~$ quit
2022-09-19T23:36:58 end: 4.2 read-feedback (duration 00:00:01) [common]
2022-09-19T23:36:58 end: 4 finalize (duration 00:00:02) [common]
2022-09-19T23:36:58 Cleaning after the job
2022-09-19T23:36:58 Cleaning up download directory: /var/lib/lava/dispatcher/tmp/282/deploy-flasher-heoech0y/ImageA
2022-09-19T23:36:58 Cleaning up download directory: /var/lib/lava/dispatcher/tmp/282/deploy-flasher-heoech0y/ImageB
2022-09-19T23:36:58 Cleaning up download directory: /var/lib/lava/dispatcher/tmp/282/deploy-flasher-heoech0y/sd
2022-09-19T23:36:58 Root tmp directory removed at /var/lib/lava/dispatcher/tmp/282
2022-09-19T23:36:58 Job finished correctly
2022-09-19T23:36:58 {'case': 'job', 'definition': 'lava', 'result': 'pass'}
