2022-09-19T23:15:23 U-Boot 2022.01-00002-g91ad7924e7 (Aug 24 2022 - 11:07:30 +0000)
2022-09-19T23:15:23 
2022-09-19T23:15:23 CPU:   ZynqMP
2022-09-19T23:15:23 Silicon: v3
2022-09-19T23:15:23 PMUFW no permission to change config object
2022-09-19T23:15:24 Detected name: zynqmp-sm-k26-xcl2gc-rev1 -sck-kv-g-rev1
2022-09-19T23:15:24 Model: ZynqMP SM-K26 Rev1/B/A
2022-09-19T23:15:24 Board: Xilinx ZynqMP
2022-09-19T23:15:24 DRAM:  4 GiB
2022-09-19T23:15:24 PMUFW:	v1.1
2022-09-19T23:15:24 PMUFW no permission to change config object
2022-09-19T23:15:24 Xilinx I2C FRU format at nvmem0:
2022-09-19T23:15:24  Manufacturer Name: XILINX
2022-09-19T23:15:24  Product Name: SM-K26-XCL2GC
2022-09-19T23:15:24  Serial No: XFL1OTRUW0NW
2022-09-19T23:15:24  Part Number: 5057-02  
2022-09-19T23:15:24  File ID: 0x0
2022-09-19T23:15:24  Revision Number: 1 
2022-09-19T23:15:25 Xilinx I2C FRU format at nvmem1:
2022-09-19T23:15:25  Manufacturer Name: XILINX
2022-09-19T23:15:25  Product Name: SCK-KV-G        
2022-09-19T23:15:25  Serial No: XFL1EMYMAA30
2022-09-19T23:15:25  Part Number: 5066-01  
2022-09-19T23:15:25  File ID: 0x0
2022-09-19T23:15:25  Revision Number: 1
2022-09-19T23:15:25 EL Level:	EL2
2022-09-19T23:15:25 Chip ID:	xck26
2022-09-19T23:15:25 PMUFW no permission to change config object
2022-09-19T23:15:25 NAND:  0 MiB
2022-09-19T23:15:25 MMC:   PMUFW no permission to change config object
2022-09-19T23:15:25 PMUFW no permission to change config object
2022-09-19T23:15:26 mmc@ff160000: 0, mmc@ff170000: 1
2022-09-19T23:15:26 Loading Environment from nowhere... OK
2022-09-19T23:15:26 In:    serial
2022-09-19T23:15:26 Out:   serial
2022-09-19T23:15:26 Err:   serial
2022-09-19T23:15:26 PMUFW no permission to change config object
2022-09-19T23:15:26 PMUFW no permission to change config object
2022-09-19T23:15:26 Bootmode: QSPI_MODE
2022-09-19T23:15:26 Reset reason:	SOFT 
2022-09-19T23:15:26 Net:   
2022-09-19T23:15:26 ZYNQ GEM: ff0e0000, mdio bus ff0e0000, phyaddr 1, interface rgmii-id
2022-09-19T23:15:26 PMUFW no permission to change config object
2022-09-19T23:15:26 eth0: ethernet@ff0e0000
2022-09-19T23:15:26 PMUFW no permission to change config object
2022-09-19T23:15:26 gpio: pin gpio@ff0a000038 (gpio 38) value is 0
2022-09-19T23:15:26 gpio: pin gpio@ff0a000038 (gpio 38) value is 1
2022-09-19T23:15:26 starting USB...
2022-09-19T23:15:26 Bus usb@fe200000: Register 2000440 NbrPorts 2
2022-09-19T23:15:26 Starting the controller
2022-09-19T23:15:26 USB XHCI 1.00
2022-09-19T23:15:28 scanning bus usb@fe200000 for devices... 5 USB Device(s) found
2022-09-19T23:15:28        scanning usb for storage devices... 1 Storage Device(s) found
2022-09-19T23:15:28 Autoboot in 2 seconds, Hit RR to stop
2022-09-19T23:15:30 SM-K26-XCL2GC: No match
2022-09-19T23:15:30 SM-K26-XCL2GC: No match
2022-09-19T23:15:30 Card did not respond to voltage select! : -110
2022-09-19T23:15:30 switch to partitions #0, OK
2022-09-19T23:15:30 mmc1 is current device
2022-09-19T23:15:30 Scanning mmc 1:1...
2022-09-19T23:15:30 Found U-Boot script /boot.scr
2022-09-19T23:15:30 298 bytes read in 7 ms (41 KiB/s)
2022-09-19T23:15:30 ## Executing script at 20000000
2022-09-19T23:15:30 *** KIRA: Boot recovery.fit as normal test payload ***
2022-09-19T23:15:32 26059136 bytes read in 2349 ms (10.6 MiB/s)
2022-09-19T23:15:32 ## Loading kernel from FIT Image at 10000000 ...
2022-09-19T23:15:32    Using 'recovery' configuration
2022-09-19T23:15:32    Trying 'kernel' kernel subimage
2022-09-19T23:15:32      Description:  Kernel
2022-09-19T23:15:32      Created:      2022-09-18  10:27:50 UTC
2022-09-19T23:15:32      Type:         Kernel Image
2022-09-19T23:15:32      Compression:  uncompressed
2022-09-19T23:15:32      Data Start:   0x100000c0
2022-09-19T23:15:32      Data Size:    22401536 Bytes = 21.4 MiB
2022-09-19T23:15:32      Architecture: AArch64
2022-09-19T23:15:32      OS:           Linux
2022-09-19T23:15:32      Load Address: 0x18000000
2022-09-19T23:15:32      Entry Point:  0x18000000
2022-09-19T23:15:32      Hash algo:    sha1
2022-09-19T23:15:32      Hash value:   74eee39410c56506467bb9c63400fd79af66b1fa
2022-09-19T23:15:33    Verifying Hash Integrity ... sha1+ OK
2022-09-19T23:15:33 ## Loading ramdisk from FIT Image at 10000000 ...
2022-09-19T23:15:33    Using 'recovery' configuration
2022-09-19T23:15:33    Trying 'initrd' ramdisk subimage
2022-09-19T23:15:33      Description:  Initrd
2022-09-19T23:15:33      Created:      2022-09-18  10:27:50 UTC
2022-09-19T23:15:33      Type:         RAMDisk Image
2022-09-19T23:15:33      Compression:  uncompressed
2022-09-19T23:15:33      Data Start:   0x11567868
2022-09-19T23:15:33      Data Size:    3613635 Bytes = 3.4 MiB
2022-09-19T23:15:33      Architecture: AArch64
2022-09-19T23:15:33      OS:           Linux
2022-09-19T23:15:33      Load Address: unavailable
2022-09-19T23:15:33      Entry Point:  unavailable
2022-09-19T23:15:33      Hash algo:    sha1
2022-09-19T23:15:33      Hash value:   edfed71e482a7685500ff15dfea8d762cde89125
2022-09-19T23:15:33    Verifying Hash Integrity ... sha1+ OK
2022-09-19T23:15:33 ## Loading fdt from FIT Image at 10000000 ...
2022-09-19T23:15:33    Using 'recovery' configuration
2022-09-19T23:15:33    Trying 'fdt' fdt subimage
2022-09-19T23:15:33      Description:  DTB
2022-09-19T23:15:33      Created:      2022-09-18  10:27:50 UTC
2022-09-19T23:15:33      Type:         Flat Device Tree
2022-09-19T23:15:33      Compression:  uncompressed
2022-09-19T23:15:33      Data Start:   0x1155d39c
2022-09-19T23:15:33      Data Size:    41979 Bytes = 41 KiB
2022-09-19T23:15:33      Architecture: AArch64
2022-09-19T23:15:33      Load Address: 0x40000000
2022-09-19T23:15:33      Hash algo:    sha1
2022-09-19T23:15:33      Hash value:   3e52eeba1a95134c9c774410142e9069aece0f30
2022-09-19T23:15:33    Verifying Hash Integrity ... sha1+ OK
2022-09-19T23:15:33    Loading fdt from 0x1155d39c to 0x40000000
2022-09-19T23:15:33    Booting using the fdt blob at 0x40000000
2022-09-19T23:15:33    Loading Kernel Image
2022-09-19T23:15:33    Loading Ramdisk to 78c8d000, end 78fff3c3 ... OK
2022-09-19T23:15:33    Loading Device Tree to 000000000fff2000, end 000000000ffff3fa ... OK
2022-09-19T23:15:33 
2022-09-19T23:15:33 Starting kernel ...
2022-09-19T23:15:33 
2022-09-19T23:15:33 [    0.000000] Booting Linux on physical CPU 0x0000000000 [0x410fd034]
2022-09-19T23:15:33 start: 2.3.1 login-action (timeout 00:01:34) [common]
2022-09-19T23:15:33 Setting prompt string to ['-+\\[ cut here \\]-+\\s+(.*\\s+-+\\[ end trace (\\w*) \\]-+)', '(Unhandled fault.*)\\r\\n', 'Kernel panic - (.*) end Kernel panic', 'Stack:\\s+(.*\\s+-+\\[ end trace (\\w*) \\]-+)', '^[^\\n]+WARNING:.*?$', '^[^\\n]+Oops(?: -|:).*?$', '^[^\\n]+BUG:.*?$']
2022-09-19T23:15:33 Using line separator: #'\n'#
2022-09-19T23:15:33 Waiting for the login prompt
2022-09-19T23:15:33 Parsing kernel messages
2022-09-19T23:15:33 ['-+\\[ cut here \\]-+\\s+(.*\\s+-+\\[ end trace (\\w*) \\]-+)', '(Unhandled fault.*)\\r\\n', 'Kernel panic - (.*) end Kernel panic', 'Stack:\\s+(.*\\s+-+\\[ end trace (\\w*) \\]-+)', '^[^\\n]+WARNING:.*?$', '^[^\\n]+Oops(?: -|:).*?$', '^[^\\n]+BUG:.*?$', 'kira-recovery:', 'login:', 'Login incorrect']
2022-09-19T23:15:33 [login-action] Waiting for messages, (timeout 00:01:34)
2022-09-19T23:15:33 [    0.000000] Linux version 5.15.19-xilinx-v2022.1 (oe-user@oe-host) (aarch64-xilinx-linux-gcc (GCC) 11.2.0, GNU ld (GNU Binutils) 2.37.20210721) #1 SMP Thu May 12 09:05:30 UTC 2022
2022-09-19T23:15:33 [    0.000000] Machine model: ZynqMP SM-K26 Rev1/B/A
2022-09-19T23:15:33 [    0.000000] earlycon: cdns0 at MMIO 0x00000000ff010000 (options '115200n8')
2022-09-19T23:15:33 [    0.000000] printk: bootconsole [cdns0] enabled
2022-09-19T23:15:33 [    0.000000] efi: UEFI not found.
2022-09-19T23:15:33 [    0.000000] Zone ranges:
2022-09-19T23:15:33 [    0.000000]   DMA32    [mem 0x0000000000000000-0x00000000ffffffff]
2022-09-19T23:15:33 [    0.000000]   Normal   [mem 0x0000000100000000-0x000000087fffffff]
2022-09-19T23:15:33 [    0.000000] Movable zone start for each node
2022-09-19T23:15:33 [    0.000000] Early memory node ranges
2022-09-19T23:15:33 [    0.000000]   node   0: [mem 0x0000000000000000-0x000000007fffffff]
2022-09-19T23:15:33 [    0.000000]   node   0: [mem 0x0000000800000000-0x000000087fffffff]
2022-09-19T23:15:33 [    0.000000] Initmem setup node 0 [mem 0x0000000000000000-0x000000087fffffff]
2022-09-19T23:15:33 [    0.000000] cma: Reserved 256 MiB at 0x0000000068c00000
2022-09-19T23:15:33 [    0.000000] psci: probing for conduit method from DT.
2022-09-19T23:15:33 [    0.000000] psci: PSCIv1.1 detected in firmware.
2022-09-19T23:15:33 [    0.000000] psci: Using standard PSCI v0.2 function IDs
2022-09-19T23:15:33 [    0.000000] psci: MIGRATE_INFO_TYPE not supported.
2022-09-19T23:15:33 [    0.000000] psci: SMC Calling Convention v1.2
2022-09-19T23:15:33 [    0.000000] percpu: Embedded 18 pages/cpu s34776 r8192 d30760 u73728
2022-09-19T23:15:33 [    0.000000] Detected VIPT I-cache on CPU0
2022-09-19T23:15:33 [    0.000000] CPU features: detected: ARM erratum 845719
2022-09-19T23:15:33 [    0.000000] Built 1 zonelists, mobility grouping on.  Total pages: 1032192
2022-09-19T23:15:33 [    0.000000] Kernel command line: earlycon
2022-09-19T23:15:33 [    0.000000] Dentry cache hash table entries: 524288 (order: 10, 4194304 bytes, linear)
2022-09-19T23:15:33 [    0.000000] Inode-cache hash table entries: 262144 (order: 9, 2097152 bytes, linear)
2022-09-19T23:15:33 [    0.000000] mem auto-init: stack:off, heap alloc:off, heap free:off
2022-09-19T23:15:33 [    0.000000] software IO TLB: mapped [mem 0x000000007c000000-0x0000000080000000] (64MB)
2022-09-19T23:15:33 [    0.000000] Memory: 3759416K/4194304K available (14528K kernel code, 1012K rwdata, 4056K rodata, 2176K init, 571K bss, 172744K reserved, 262144K cma-reserved)
2022-09-19T23:15:33 [    0.000000] rcu: Hierarchical RCU implementation.
2022-09-19T23:15:33 [    0.000000] rcu: 	RCU event tracing is enabled.
2022-09-19T23:15:33 [    0.000000] rcu: RCU calculated value of scheduler-enlistment delay is 25 jiffies.
2022-09-19T23:15:33 [    0.000000] NR_IRQS: 64, nr_irqs: 64, preallocated irqs: 0
2022-09-19T23:15:33 [    0.000000] GIC: Adjusting CPU interface base to 0x00000000f902f000
2022-09-19T23:15:33 [    0.000000] Root IRQ handler: gic_handle_irq
2022-09-19T23:15:33 [    0.000000] GIC: Using split EOI/Deactivate mode
2022-09-19T23:15:33 [    0.000000] random: get_random_bytes called from start_kernel+0x474/0x6d4 with crng_init=0
2022-09-19T23:15:33 [    0.000000] arch_timer: cp15 timer(s) running at 99.99MHz (phys).
2022-09-19T23:15:33 [    0.000000] clocksource: arch_sys_counter: mask: 0xffffffffffffff max_cycles: 0x171015c90f, max_idle_ns: 440795203080 ns
2022-09-19T23:15:33 [    0.000000] sched_clock: 56 bits at 99MHz, resolution 10ns, wraps every 4398046511101ns
2022-09-19T23:15:33 [    0.008293] Console: colour dummy device 80x25
2022-09-19T23:15:33 [    0.012374] printk: console [tty0] enabled
2022-09-19T23:15:33 [    0.016436] printk: bootconsole [cdns0] disabled
2022-09-19T23:15:36 [    0.000000] Booting Linux on physical CPU 0x0000000000 [0x410fd034]
2022-09-19T23:15:36 [    0.000000] Linux version 5.15.19-xilinx-v2022.1 (oe-user@oe-host) (aarch64-xilinx-linux-gcc (GCC) 11.2.0, GNU ld (GNU Binutils) 2.37.20210721) #1 SMP Thu May 12 09:05:30 UTC 2022
2022-09-19T23:15:36 [    0.000000] Machine model: ZynqMP SM-K26 Rev1/B/A
2022-09-19T23:15:36 [    0.000000] earlycon: cdns0 at MMIO 0x00000000ff010000 (options '115200n8')
2022-09-19T23:15:36 [    0.000000] printk: bootconsole [cdns0] enabled
2022-09-19T23:15:36 [    0.000000] efi: UEFI not found.
2022-09-19T23:15:36 [    0.000000] Zone ranges:
2022-09-19T23:15:36 [    0.000000]   DMA32    [mem 0x0000000000000000-0x00000000ffffffff]
2022-09-19T23:15:36 [    0.000000]   Normal   [mem 0x0000000100000000-0x000000087fffffff]
2022-09-19T23:15:36 [    0.000000] Movable zone start for each node
2022-09-19T23:15:36 [    0.000000] Early memory node ranges
2022-09-19T23:15:36 [    0.000000]   node   0: [mem 0x0000000000000000-0x000000007fffffff]
2022-09-19T23:15:36 [    0.000000]   node   0: [mem 0x0000000800000000-0x000000087fffffff]
2022-09-19T23:15:36 [    0.000000] Initmem setup node 0 [mem 0x0000000000000000-0x000000087fffffff]
2022-09-19T23:15:36 [    0.000000] cma: Reserved 256 MiB at 0x0000000068c00000
2022-09-19T23:15:36 [    0.000000] psci: probing for conduit method from DT.
2022-09-19T23:15:36 [    0.000000] psci: PSCIv1.1 detected in firmware.
2022-09-19T23:15:36 [    0.000000] psci: Using standard PSCI v0.2 function IDs
2022-09-19T23:15:36 [    0.000000] psci: MIGRATE_INFO_TYPE not supported.
2022-09-19T23:15:36 [    0.000000] psci: SMC Calling Convention v1.2
2022-09-19T23:15:36 [    0.000000] percpu: Embedded 18 pages/cpu s34776 r8192 d30760 u73728
2022-09-19T23:15:36 [    0.000000] Detected VIPT I-cache on CPU0
2022-09-19T23:15:36 [    0.000000] CPU features: detected: ARM erratum 845719
2022-09-19T23:15:36 [    0.000000] Built 1 zonelists, mobility grouping on.  Total pages: 1032192
2022-09-19T23:15:36 [    0.000000] Kernel command line: earlycon
2022-09-19T23:15:36 [    0.000000] Dentry cache hash table entries: 524288 (order: 10, 4194304 bytes, linear)
2022-09-19T23:15:36 [    0.000000] Inode-cache hash table entries: 262144 (order: 9, 2097152 bytes, linear)
2022-09-19T23:15:36 [    0.000000] mem auto-init: stack:off, heap alloc:off, heap free:off
2022-09-19T23:15:36 [    0.000000] software IO TLB: mapped [mem 0x000000007c000000-0x0000000080000000] (64MB)
2022-09-19T23:15:36 [    0.000000] Memory: 3759416K/4194304K available (14528K kernel code, 1012K rwdata, 4056K rodata, 2176K init, 571K bss, 172744K reserved, 262144K cma-reserved)
2022-09-19T23:15:36 [    0.000000] rcu: Hierarchical RCU implementation.
2022-09-19T23:15:36 [    0.000000] rcu: 	RCU event tracing is enabled.
2022-09-19T23:15:36 [    0.000000] rcu: RCU calculated value of scheduler-enlistment delay is 25 jiffies.
2022-09-19T23:15:36 [    0.000000] NR_IRQS: 64, nr_irqs: 64, preallocated irqs: 0
2022-09-19T23:15:36 [    0.000000] GIC: Adjusting CPU interface base to 0x00000000f902f000
2022-09-19T23:15:36 [    0.000000] Root IRQ handler: gic_handle_irq
2022-09-19T23:15:36 [    0.000000] GIC: Using split EOI/Deactivate mode
2022-09-19T23:15:36 [    0.000000] random: get_random_bytes called from start_kernel+0x474/0x6d4 with crng_init=0
2022-09-19T23:15:36 [    0.000000] arch_timer: cp15 timer(s) running at 99.99MHz (phys).
2022-09-19T23:15:36 [    0.000000] clocksource: arch_sys_counter: mask: 0xffffffffffffff max_cycles: 0x171015c90f, max_idle_ns: 440795203080 ns
2022-09-19T23:15:36 [    0.000000] sched_clock: 56 bits at 99MHz, resolution 10ns, wraps every 4398046511101ns
2022-09-19T23:15:36 [    0.008293] Console: colour dummy device 80x25
2022-09-19T23:15:36 [    0.012374] printk: console [tty0] enabled
2022-09-19T23:15:36 [    0.016436] printk: bootconsole [cdns0] disabled
2022-09-19T23:15:36 [    0.021044] Calibrating delay loop (skipped), value calculated using timer frequency.. 199.99 BogoMIPS (lpj=399996)
2022-09-19T23:15:36 [    0.021061] pid_max: default: 32768 minimum: 301
2022-09-19T23:15:36 [    0.021238] Mount-cache hash table entries: 8192 (order: 4, 65536 bytes, linear)
2022-09-19T23:15:36 [    0.021260] Mountpoint-cache hash table entries: 8192 (order: 4, 65536 bytes, linear)
2022-09-19T23:15:36 [    0.022236] rcu: Hierarchical SRCU implementation.
2022-09-19T23:15:36 [    0.022468] EFI services will not be available.
2022-09-19T23:15:36 [    0.022594] smp: Bringing up secondary CPUs ...
2022-09-19T23:15:36 [    0.022942] Detected VIPT I-cache on CPU1
2022-09-19T23:15:36 [    0.022980] CPU1: Booted secondary processor 0x0000000001 [0x410fd034]
2022-09-19T23:15:36 [    0.023355] Detected VIPT I-cache on CPU2
2022-09-19T23:15:36 [    0.023377] CPU2: Booted secondary processor 0x0000000002 [0x410fd034]
2022-09-19T23:15:36 [    0.023715] Detected VIPT I-cache on CPU3
2022-09-19T23:15:36 [    0.023736] CPU3: Booted secondary processor 0x0000000003 [0x410fd034]
2022-09-19T23:15:36 [    0.023776] smp: Brought up 1 node, 4 CPUs
2022-09-19T23:15:36 [    0.023809] SMP: Total of 4 processors activated.
2022-09-19T23:15:36 [    0.023816] CPU features: detected: 32-bit EL0 Support
2022-09-19T23:15:36 [    0.023824] CPU features: detected: CRC32 instructions
2022-09-19T23:15:36 [    0.023864] CPU: All CPU(s) started at EL2
2022-09-19T23:15:36 [    0.023881] alternatives: patching kernel code
2022-09-19T23:15:36 [    0.024888] devtmpfs: initialized
2022-09-19T23:15:36 [    0.030103] clocksource: jiffies: mask: 0xffffffff max_cycles: 0xffffffff, max_idle_ns: 7645041785100000 ns
2022-09-19T23:15:36 [    0.030130] futex hash table entries: 1024 (order: 4, 65536 bytes, linear)
2022-09-19T23:15:36 [    0.037862] pinctrl core: initialized pinctrl subsystem
2022-09-19T23:15:36 [    0.038304] DMI not present or invalid.
2022-09-19T23:15:36 [    0.038520] NET: Registered PF_NETLINK/PF_ROUTE protocol family
2022-09-19T23:15:36 [    0.039485] DMA: preallocated 512 KiB GFP_KERNEL pool for atomic allocations
2022-09-19T23:15:36 [    0.039578] DMA: preallocated 512 KiB GFP_KERNEL|GFP_DMA32 pool for atomic allocations
2022-09-19T23:15:36 [    0.039621] audit: initializing netlink subsys (disabled)
2022-09-19T23:15:36 [    0.039699] audit: type=2000 audit(0.032:1): state=initialized audit_enabled=0 res=1
2022-09-19T23:15:36 [    0.040039] hw-breakpoint: found 6 breakpoint and 4 watchpoint registers.
2022-09-19T23:15:36 [    0.040102] ASID allocator initialised with 65536 entries
2022-09-19T23:15:36 [    0.040203] Serial: AMBA PL011 UART driver
2022-09-19T23:15:36 [    0.057486] HugeTLB registered 1.00 GiB page size, pre-allocated 0 pages
2022-09-19T23:15:36 [    0.057510] HugeTLB registered 32.0 MiB page size, pre-allocated 0 pages
2022-09-19T23:15:36 [    0.057520] HugeTLB registered 2.00 MiB page size, pre-allocated 0 pages
2022-09-19T23:15:36 [    0.057530] HugeTLB registered 64.0 KiB page size, pre-allocated 0 pages
2022-09-19T23:15:36 [    1.020207] cryptd: max_cpu_qlen set to 1000
2022-09-19T23:15:36 [    1.042405] DRBG: Continuing without Jitter RNG
2022-09-19T23:15:36 [    1.141795] raid6: neonx8   gen()  2361 MB/s
2022-09-19T23:15:36 [    1.209844] raid6: neonx8   xor()  1763 MB/s
2022-09-19T23:15:36 [    1.277901] raid6: neonx4   gen()  2421 MB/s
2022-09-19T23:15:36 [    1.345956] raid6: neonx4   xor()  1729 MB/s
2022-09-19T23:15:36 [    1.414014] raid6: neonx2   gen()  2296 MB/s
2022-09-19T23:15:36 [    1.482069] raid6: neonx2   xor()  1582 MB/s
2022-09-19T23:15:36 [    1.550126] raid6: neonx1   gen()  1960 MB/s
2022-09-19T23:15:36 [    1.618175] raid6: neonx1   xor()  1348 MB/s
2022-09-19T23:15:36 [    1.686233] raid6: int64x8  gen()  1518 MB/s
2022-09-19T23:15:36 [    1.754278] raid6: int64x8  xor()   859 MB/s
2022-09-19T23:15:36 [    1.822347] raid6: int64x4  gen()  1776 MB/s
2022-09-19T23:15:36 [    1.890393] raid6: int64x4  xor()   942 MB/s
2022-09-19T23:15:36 [    1.958459] raid6: int64x2  gen()  1552 MB/s
2022-09-19T23:15:36 [    2.026515] raid6: int64x2  xor()   829 MB/s
2022-09-19T23:15:36 [    2.094591] raid6: int64x1  gen()  1148 MB/s
2022-09-19T23:15:36 [    2.162644] raid6: int64x1  xor()   575 MB/s
2022-09-19T23:15:36 [    2.162653] raid6: using algorithm neonx4 gen() 2421 MB/s
2022-09-19T23:15:36 [    2.162662] raid6: .... xor() 1729 MB/s, rmw enabled
2022-09-19T23:15:36 [    2.162670] raid6: using neon recovery algorithm
2022-09-19T23:15:36 [    2.163121] iommu: Default domain type: Translated 
2022-09-19T23:15:36 [    2.163132] iommu: DMA domain TLB invalidation policy: strict mode 
2022-09-19T23:15:36 [    2.163340] SCSI subsystem initialized
2022-09-19T23:15:36 [    2.163481] usbcore: registered new interface driver usbfs
2022-09-19T23:15:36 [    2.163516] usbcore: registered new interface driver hub
2022-09-19T23:15:36 [    2.163542] usbcore: registered new device driver usb
2022-09-19T23:15:36 [    2.163595] mc: Linux media interface: v0.10
2022-09-19T23:15:36 [    2.163618] videodev: Linux video capture interface: v2.00
2022-09-19T23:15:36 [    2.163655] pps_core: LinuxPPS API ver. 1 registered
2022-09-19T23:15:36 [    2.163664] pps_core: Software ver. 5.3.6 - Copyright 2005-2007 Rodolfo Giometti <giometti@linux.it>
2022-09-19T23:15:36 [    2.163683] PTP clock support registered
2022-09-19T23:15:36 [    2.163710] EDAC MC: Ver: 3.0.0
2022-09-19T23:15:36 [    2.163976] zynqmp-ipi-mbox mailbox@ff990400: Registered ZynqMP IPI mbox with TX/RX channels.
2022-09-19T23:15:36 [    2.164165] FPGA manager framework
2022-09-19T23:15:36 [    2.164264] Advanced Linux Sound Architecture Driver Initialized.
2022-09-19T23:15:36 [    2.164558] Bluetooth: Core ver 2.22
2022-09-19T23:15:36 [    2.164582] NET: Registered PF_BLUETOOTH protocol family
2022-09-19T23:15:36 [    2.164591] Bluetooth: HCI device and connection manager initialized
2022-09-19T23:15:36 [    2.164603] Bluetooth: HCI socket layer initialized
2022-09-19T23:15:37 [    2.164612] Bluetooth: L2CAP socket layer initialized
2022-09-19T23:15:37 [    2.164627] Bluetooth: SCO socket layer initialized
2022-09-19T23:15:37 [    2.164943] clocksource: Switched to clocksource arch_sys_counter
2022-09-19T23:15:37 [    2.165058] VFS: Disk quotas dquot_6.6.0
2022-09-19T23:15:37 [    2.165097] VFS: Dquot-cache hash table entries: 512 (order 0, 4096 bytes)
2022-09-19T23:15:37 [    2.168884] NET: Registered PF_INET protocol family
2022-09-19T23:15:37 [    2.169029] IP idents hash table entries: 65536 (order: 7, 524288 bytes, linear)
2022-09-19T23:15:37 [    2.170462] tcp_listen_portaddr_hash hash table entries: 2048 (order: 3, 32768 bytes, linear)
2022-09-19T23:15:37 [    2.170512] TCP established hash table entries: 32768 (order: 6, 262144 bytes, linear)
2022-09-19T23:15:37 [    2.170705] TCP bind hash table entries: 32768 (order: 7, 524288 bytes, linear)
2022-09-19T23:15:37 [    2.171071] TCP: Hash tables configured (established 32768 bind 32768)
2022-09-19T23:15:37 [    2.171145] UDP hash table entries: 2048 (order: 4, 65536 bytes, linear)
2022-09-19T23:15:37 [    2.171220] UDP-Lite hash table entries: 2048 (order: 4, 65536 bytes, linear)
2022-09-19T23:15:37 [    2.171367] NET: Registered PF_UNIX/PF_LOCAL protocol family
2022-09-19T23:15:37 [    2.171657] RPC: Registered named UNIX socket transport module.
2022-09-19T23:15:37 [    2.171668] RPC: Registered udp transport module.
2022-09-19T23:15:37 [    2.171676] RPC: Registered tcp transport module.
2022-09-19T23:15:37 [    2.171683] RPC: Registered tcp NFSv4.1 backchannel transport module.
2022-09-19T23:15:37 [    2.172237] PCI: CLS 0 bytes, default 64
2022-09-19T23:15:37 [    2.172376] Trying to unpack rootfs image as initramfs...
2022-09-19T23:15:37 [    2.181664] armv8-pmu pmu: hw perfevents: no interrupt-affinity property, guessing.
2022-09-19T23:15:37 [    2.182106] hw perfevents: enabled with armv8_pmuv3 PMU driver, 7 counters available
2022-09-19T23:15:37 [    2.305782] Freeing initrd memory: 3528K
2022-09-19T23:15:37 [    2.357627] Initialise system trusted keyrings
2022-09-19T23:15:37 [    2.357730] workingset: timestamp_bits=46 max_order=20 bucket_order=0
2022-09-19T23:15:37 [    2.358381] NFS: Registering the id_resolver key type
2022-09-19T23:15:37 [    2.358399] Key type id_resolver registered
2022-09-19T23:15:37 [    2.358407] Key type id_legacy registered
2022-09-19T23:15:37 [    2.358430] nfs4filelayout_init: NFSv4 File Layout Driver Registering...
2022-09-19T23:15:37 [    2.358440] nfs4flexfilelayout_init: NFSv4 Flexfile Layout Driver Registering...
2022-09-19T23:15:37 [    2.358462] jffs2: version 2.2. (NAND) (SUMMARY)  © 2001-2006 Red Hat, Inc.
2022-09-19T23:15:37 [    2.389885] NET: Registered PF_ALG protocol family
2022-09-19T23:15:37 [    2.389901] xor: measuring software checksum speed
2022-09-19T23:15:37 [    2.393665]    8regs           :  2626 MB/sec
2022-09-19T23:15:37 [    2.396836]    32regs          :  3110 MB/sec
2022-09-19T23:15:37 [    2.400684]    arm64_neon      :  2564 MB/sec
2022-09-19T23:15:37 [    2.400693] xor: using function: 32regs (3110 MB/sec)
2022-09-19T23:15:37 [    2.400703] Key type asymmetric registered
2022-09-19T23:15:37 [    2.400711] Asymmetric key parser 'x509' registered
2022-09-19T23:15:37 [    2.400758] Block layer SCSI generic (bsg) driver version 0.4 loaded (major 244)
2022-09-19T23:15:37 [    2.400771] io scheduler mq-deadline registered
2022-09-19T23:15:37 [    2.400779] io scheduler kyber registered
2022-09-19T23:15:37 [    2.425552] Serial: 8250/16550 driver, 4 ports, IRQ sharing disabled
2022-09-19T23:15:37 [    2.426548] Serial: AMBA driver
2022-09-19T23:15:37 [    2.427278] cacheinfo: Unable to detect cache hierarchy for CPU 0
2022-09-19T23:15:37 [    2.431260] brd: module loaded
2022-09-19T23:15:37 [    2.434424] loop: module loaded
2022-09-19T23:15:37 [    2.435208] mtdoops: mtd device (mtddev=name/number) must be supplied
2022-09-19T23:15:37 [    2.437772] tun: Universal TUN/TAP device driver, 1.6
2022-09-19T23:15:37 [    2.437850] CAN device driver interface
2022-09-19T23:15:37 [    2.438373] SPI driver wl1271_spi has no spi_device_id for ti,wl1271
2022-09-19T23:15:37 [    2.438383] SPI driver wl1271_spi has no spi_device_id for ti,wl1273
2022-09-19T23:15:37 [    2.438392] SPI driver wl1271_spi has no spi_device_id for ti,wl1281
2022-09-19T23:15:37 [    2.438401] SPI driver wl1271_spi has no spi_device_id for ti,wl1283
2022-09-19T23:15:37 [    2.438409] SPI driver wl1271_spi has no spi_device_id for ti,wl1285
2022-09-19T23:15:37 [    2.438417] SPI driver wl1271_spi has no spi_device_id for ti,wl1801
2022-09-19T23:15:37 [    2.438426] SPI driver wl1271_spi has no spi_device_id for ti,wl1805
2022-09-19T23:15:37 [    2.438434] SPI driver wl1271_spi has no spi_device_id for ti,wl1807
2022-09-19T23:15:37 [    2.438443] SPI driver wl1271_spi has no spi_device_id for ti,wl1831
2022-09-19T23:15:37 [    2.438451] SPI driver wl1271_spi has no spi_device_id for ti,wl1835
2022-09-19T23:15:37 [    2.438459] SPI driver wl1271_spi has no spi_device_id for ti,wl1837
2022-09-19T23:15:37 [    2.438539] usbcore: registered new interface driver asix
2022-09-19T23:15:37 [    2.438583] usbcore: registered new interface driver ax88179_178a
2022-09-19T23:15:37 [    2.438609] usbcore: registered new interface driver cdc_ether
2022-09-19T23:15:37 [    2.438634] usbcore: registered new interface driver net1080
2022-09-19T23:15:37 [    2.438659] usbcore: registered new interface driver cdc_subset
2022-09-19T23:15:37 [    2.438685] usbcore: registered new interface driver zaurus
2022-09-19T23:15:37 [    2.438721] usbcore: registered new interface driver cdc_ncm
2022-09-19T23:15:37 [    2.439343] usbcore: registered new interface driver uas
2022-09-19T23:15:37 [    2.439377] usbcore: registered new interface driver usb-storage
2022-09-19T23:15:37 [    2.439982] rtc_zynqmp ffa60000.rtc: registered as rtc0
2022-09-19T23:15:37 [    2.440003] rtc_zynqmp ffa60000.rtc: setting system clock to 1970-01-01T00:00:06 UTC (6)
2022-09-19T23:15:37 [    2.440065] i2c_dev: i2c /dev entries driver
2022-09-19T23:15:37 [    2.441472] usbcore: registered new interface driver uvcvideo
2022-09-19T23:15:37 [    2.442194] Bluetooth: HCI UART driver ver 2.3
2022-09-19T23:15:37 [    2.442205] Bluetooth: HCI UART protocol H4 registered
2022-09-19T23:15:37 [    2.442214] Bluetooth: HCI UART protocol BCSP registered
2022-09-19T23:15:37 [    2.442236] Bluetooth: HCI UART protocol LL registered
2022-09-19T23:15:37 [    2.442245] Bluetooth: HCI UART protocol ATH3K registered
2022-09-19T23:15:37 [    2.442265] Bluetooth: HCI UART protocol Three-wire (H5) registered
2022-09-19T23:15:37 [    2.442303] Bluetooth: HCI UART protocol Intel registered
2022-09-19T23:15:37 [    2.442324] Bluetooth: HCI UART protocol QCA registered
2022-09-19T23:15:37 [    2.442353] usbcore: registered new interface driver bcm203x
2022-09-19T23:15:37 [    2.442380] usbcore: registered new interface driver bpa10x
2022-09-19T23:15:37 [    2.442411] usbcore: registered new interface driver bfusb
2022-09-19T23:15:37 [    2.442439] usbcore: registered new interface driver btusb
2022-09-19T23:15:37 [    2.442477] usbcore: registered new interface driver ath3k
2022-09-19T23:15:37 [    2.442561] EDAC MC: ECC not enabled
2022-09-19T23:15:37 [    2.442681] EDAC DEVICE0: Giving out device to module edac controller cache_err: DEV edac (POLLED)
2022-09-19T23:15:37 [    2.442834] EDAC DEVICE1: Giving out device to module zynqmp-ocm-edac controller zynqmp_ocm: DEV ff960000.memory-controller (INTERRUPT)
2022-09-19T23:15:37 [    2.443184] sdhci: Secure Digital Host Controller Interface driver
2022-09-19T23:15:37 [    2.443194] sdhci: Copyright(c) Pierre Ossman
2022-09-19T23:15:37 [    2.443201] sdhci-pltfm: SDHCI platform and OF driver helper
2022-09-19T23:15:37 [    2.443521] ledtrig-cpu: registered to indicate activity on CPUs
2022-09-19T23:15:37 [    2.443622] SMCCC: SOC_ID: ARCH_SOC_ID not implemented, skipping ....
2022-09-19T23:15:37 [    2.443692] zynqmp_firmware_probe Platform Management API v1.1
2022-09-19T23:15:37 [    2.443705] zynqmp_firmware_probe Trustzone version v1.0
2022-09-19T23:15:37 [    2.471667] securefw securefw: securefw probed
2022-09-19T23:15:37 [    2.471911] alg: No test for xilinx-zynqmp-aes (zynqmp-aes)
2022-09-19T23:15:37 [    2.471947] zynqmp_aes firmware:zynqmp-firmware:zynqmp-aes: AES Successfully Registered
2022-09-19T23:15:37 [    2.472115] alg: No test for xilinx-keccak-384 (zynqmp-keccak-384)
2022-09-19T23:15:37 [    2.472284] alg: No test for xilinx-zynqmp-rsa (zynqmp-rsa)
2022-09-19T23:15:37 [    2.472430] usbcore: registered new interface driver usbhid
2022-09-19T23:15:37 [    2.472441] usbhid: USB HID core driver
2022-09-19T23:15:37 [    2.475572] fpga_manager fpga0: Xilinx ZynqMP FPGA Manager registered
2022-09-19T23:15:37 [    2.475941] usbcore: registered new interface driver snd-usb-audio
2022-09-19T23:15:37 [    2.476658] pktgen: Packet Generator for packet performance testing. Version: 2.75
2022-09-19T23:15:37 [    2.477387] Initializing XFRM netlink socket
2022-09-19T23:15:37 [    2.477460] NET: Registered PF_INET6 protocol family
2022-09-19T23:15:37 [    2.477900] Segment Routing with IPv6
2022-09-19T23:15:37 [    2.477921] In-situ OAM (IOAM) with IPv6
2022-09-19T23:15:37 [    2.477989] sit: IPv6, IPv4 and MPLS over IPv4 tunneling driver
2022-09-19T23:15:37 [    2.478302] NET: Registered PF_PACKET protocol family
2022-09-19T23:15:37 [    2.478320] NET: Registered PF_KEY protocol family
2022-09-19T23:15:37 [    2.478341] can: controller area network core
2022-09-19T23:15:37 [    2.478370] NET: Registered PF_CAN protocol family
2022-09-19T23:15:37 [    2.478379] can: raw protocol
2022-09-19T23:15:37 [    2.478388] can: broadcast manager protocol
2022-09-19T23:15:37 [    2.478398] can: netlink gateway - max_hops=1
2022-09-19T23:15:37 [    2.478471] Bluetooth: RFCOMM TTY layer initialized
2022-09-19T23:15:37 [    2.478485] Bluetooth: RFCOMM socket layer initialized
2022-09-19T23:15:37 [    2.478502] Bluetooth: RFCOMM ver 1.11
2022-09-19T23:15:37 [    2.478514] Bluetooth: BNEP (Ethernet Emulation) ver 1.3
2022-09-19T23:15:37 [    2.478523] Bluetooth: BNEP filters: protocol multicast
2022-09-19T23:15:37 [    2.478533] Bluetooth: BNEP socket layer initialized
2022-09-19T23:15:37 [    2.478541] Bluetooth: HIDP (Human Interface Emulation) ver 1.2
2022-09-19T23:15:37 [    2.478551] Bluetooth: HIDP socket layer initialized
2022-09-19T23:15:37 [    2.478584] 8021q: 802.1Q VLAN Support v1.8
2022-09-19T23:15:37 [    2.478685] 9pnet: Installing 9P2000 support
2022-09-19T23:15:37 [    2.478709] Key type dns_resolver registered
2022-09-19T23:15:37 [    2.478809] registered taskstats version 1
2022-09-19T23:15:37 [    2.478818] Loading compiled-in X.509 certificates
2022-09-19T23:15:37 [    2.479842] Btrfs loaded, crc32c=crc32c-generic, zoned=no, fsverity=no
2022-09-19T23:15:37 [    2.488394] ff010000.serial: ttyPS1 at MMIO 0xff010000 (irq = 52, base_baud = 6249999) is a xuartps
2022-09-19T23:15:37 [    3.899194] printk: console [ttyPS1] enabled
2022-09-19T23:15:37 [    3.903900] of-fpga-region fpga-full: FPGA Region probed
2022-09-19T23:15:37 [    3.910077] xilinx-zynqmp-dma fd500000.dma-controller: ZynqMP DMA driver Probe success
2022-09-19T23:15:37 [    3.918149] xilinx-zynqmp-dma fd510000.dma-controller: ZynqMP DMA driver Probe success
2022-09-19T23:15:37 [    3.926220] xilinx-zynqmp-dma fd520000.dma-controller: ZynqMP DMA driver Probe success
2022-09-19T23:15:37 [    3.934293] xilinx-zynqmp-dma fd530000.dma-controller: ZynqMP DMA driver Probe success
2022-09-19T23:15:37 [    3.942369] xilinx-zynqmp-dma fd540000.dma-controller: ZynqMP DMA driver Probe success
2022-09-19T23:15:37 [    3.950443] xilinx-zynqmp-dma fd550000.dma-controller: ZynqMP DMA driver Probe success
2022-09-19T23:15:37 [    3.958518] xilinx-zynqmp-dma fd560000.dma-controller: ZynqMP DMA driver Probe success
2022-09-19T23:15:37 [    3.966589] xilinx-zynqmp-dma fd570000.dma-controller: ZynqMP DMA driver Probe success
2022-09-19T23:15:37 [    3.974728] xilinx-zynqmp-dma ffa80000.dma-controller: ZynqMP DMA driver Probe success
2022-09-19T23:15:37 [    3.982804] xilinx-zynqmp-dma ffa90000.dma-controller: ZynqMP DMA driver Probe success
2022-09-19T23:15:37 [    3.990876] xilinx-zynqmp-dma ffaa0000.dma-controller: ZynqMP DMA driver Probe success
2022-09-19T23:15:37 [    3.998949] xilinx-zynqmp-dma ffab0000.dma-controller: ZynqMP DMA driver Probe success
2022-09-19T23:15:37 [    4.007022] xilinx-zynqmp-dma ffac0000.dma-controller: ZynqMP DMA driver Probe success
2022-09-19T23:15:37 [    4.015092] xilinx-zynqmp-dma ffad0000.dma-controller: ZynqMP DMA driver Probe success
2022-09-19T23:15:37 [    4.023167] xilinx-zynqmp-dma ffae0000.dma-controller: ZynqMP DMA driver Probe success
2022-09-19T23:15:37 [    4.031240] xilinx-zynqmp-dma ffaf0000.dma-controller: ZynqMP DMA driver Probe success
2022-09-19T23:15:37 [    4.039624] xilinx-zynqmp-dpdma fd4c0000.dma-controller: Xilinx DPDMA engine is probed
2022-09-19T23:15:37 [    4.050777] zynqmp-display fd4a0000.display: vtc bridge property not present
2022-09-19T23:15:37 [    4.060673] xilinx-dp-snd-codec fd4a0000.display:zynqmp_dp_snd_codec0: Xilinx DisplayPort Sound Codec probed
2022-09-19T23:15:37 [    4.070741] xilinx-dp-snd-pcm zynqmp_dp_snd_pcm0: Xilinx DisplayPort Sound PCM probed
2022-09-19T23:15:37 [    4.078773] xilinx-dp-snd-pcm zynqmp_dp_snd_pcm1: Xilinx DisplayPort Sound PCM probed
2022-09-19T23:15:37 [    4.087689] xilinx-dp-snd-card fd4a0000.display:zynqmp_dp_snd_card: Xilinx DisplayPort Sound Card probed
2022-09-19T23:15:37 [    4.091653] zynqmp_pll_disable() clock disable failed for dpll_int, ret = -13
2022-09-19T23:15:37 [    4.097264] OF: graph: no port node found in /axi/display@fd4a0000
2022-09-19T23:15:37 [    4.110803] xlnx-drm xlnx-drm.0: bound fd4a0000.display (ops 0xffff800008f031e0)
2022-09-19T23:15:38 [    4.316553] Console: switching to colour frame buffer device 128x48
2022-09-19T23:15:38 [    4.339521] zynqmp-display fd4a0000.display: [drm] fb0: xlnxdrmfb frame buffer device
2022-09-19T23:15:38 [    4.347630] [drm] Initialized xlnx 1.0.0 20130509 for fd4a0000.display on minor 0
2022-09-19T23:15:38 [    4.355181] zynqmp-display fd4a0000.display: ZynqMP DisplayPort Subsystem driver probed
2022-09-19T23:15:38 [    4.364966] spi-nor spi0.0: mt25qu512a (65536 Kbytes)
2022-09-19T23:15:38 [    4.370128] 16 fixed-partitions partitions found on MTD device spi0.0
2022-09-19T23:15:38 [    4.376629] Creating 16 MTD partitions on \"spi0.0\":
2022-09-19T23:15:38 [    4.381556] 0x000000000000-0x000000080000 : \"Image Selector\"
2022-09-19T23:15:38 [    4.388085] 0x000000080000-0x000000100000 : \"Image Selector Golden\"
2022-09-19T23:15:38 [    4.394736] tpm_tis_spi spi2.0: 2.0 TPM (device-id 0x1B, rev-id 22)
2022-09-19T23:15:38 [    4.395140] 0x000000100000-0x000000120000 : \"Persistent Register\"
2022-09-19T23:15:38 [    4.407917] 0x000000120000-0x000000140000 : \"Persistent Register Backup\"
2022-09-19T23:15:38 [    4.415376] 0x000000140000-0x000000200000 : \"Open_1\"
2022-09-19T23:15:38 [    4.420639] tpm tpm0: A TPM error (256) occurred attempting the self test
2022-09-19T23:15:38 [    4.421113] 0x000000200000-0x000000f00000 : \"Image A (FSBL, PMU, ATF, U-Boot)\"
2022-09-19T23:15:38 [    4.427475] tpm tpm0: starting up the TPM manually
2022-09-19T23:15:38 [    4.435397] 0x000000f00000-0x000000f80000 : \"ImgSel Image A Catch\"
2022-09-19T23:15:38 [    4.446465] 0x000000f80000-0x000001c80000 : \"Image B (FSBL, PMU, ATF, U-Boot)\"
2022-09-19T23:15:38 [    4.446475] random: fast init done
2022-09-19T23:15:38 [    4.457891] 0x000001c80000-0x000001d00000 : \"ImgSel Image B Catch\"
2022-09-19T23:15:38 [    4.464797] 0x000001d00000-0x000001e00000 : \"Open_2\"
2022-09-19T23:15:38 [    4.470519] 0x000001e00000-0x000002000000 : \"Recovery Image\"
2022-09-19T23:15:38 [    4.476915] 0x000002000000-0x000002200000 : \"Recovery Image Backup\"
2022-09-19T23:15:38 [    4.483952] 0x000002200000-0x000002220000 : \"U-Boot storage variables\"
2022-09-19T23:15:38 [    4.493208] 0x000002220000-0x000002240000 : \"U-Boot storage variables backup\"
2022-09-19T23:15:38 [    4.503034] 0x000002240000-0x000002250000 : \"SHA256\"
2022-09-19T23:15:38 [    4.510655] 0x000002250000-0x000004000000 : \"User\"
2022-09-19T23:15:38 [    4.519908] macb ff0e0000.ethernet: Not enabling partial store and forward
2022-09-19T23:15:38 [    4.533288] macb ff0e0000.ethernet eth0: Cadence GEM rev 0x50070106 at 0xff0e0000 irq 37 (00:0a:35:0e:88:50)
2022-09-19T23:15:38 [    4.545560] xilinx-axipmon ffa00000.perf-monitor: Probed Xilinx APM
2022-09-19T23:15:38 [    4.554068] xilinx-axipmon fd0b0000.perf-monitor: Probed Xilinx APM
2022-09-19T23:15:38 [    4.562466] xilinx-axipmon fd490000.perf-monitor: Probed Xilinx APM
2022-09-19T23:15:38 [    4.570826] xilinx-axipmon ffa10000.perf-monitor: Probed Xilinx APM
2022-09-19T23:15:38 [    4.602303] xhci-hcd xhci-hcd.1.auto: xHCI Host Controller
2022-09-19T23:15:38 [    4.609618] xhci-hcd xhci-hcd.1.auto: new USB bus registered, assigned bus number 1
2022-09-19T23:15:38 [    4.619203] xhci-hcd xhci-hcd.1.auto: hcc params 0x0238f625 hci version 0x100 quirks 0x0000000002010810
2022-09-19T23:15:38 [    4.630444] xhci-hcd xhci-hcd.1.auto: irq 58, io mem 0xfe200000
2022-09-19T23:15:38 [    4.638359] usb usb1: New USB device found, idVendor=1d6b, idProduct=0002, bcdDevice= 5.15
2022-09-19T23:15:38 [    4.648441] usb usb1: New USB device strings: Mfr=3, Product=2, SerialNumber=1
2022-09-19T23:15:38 [    4.657457] usb usb1: Product: xHCI Host Controller
2022-09-19T23:15:38 [    4.664098] usb usb1: Manufacturer: Linux 5.15.19-xilinx-v2022.1 xhci-hcd
2022-09-19T23:15:38 [    4.672657] usb usb1: SerialNumber: xhci-hcd.1.auto
2022-09-19T23:15:38 [    4.679631] hub 1-0:1.0: USB hub found
2022-09-19T23:15:38 [    4.685115] hub 1-0:1.0: 1 port detected
2022-09-19T23:15:38 [    4.690898] xhci-hcd xhci-hcd.1.auto: xHCI Host Controller
2022-09-19T23:15:38 [    4.698071] xhci-hcd xhci-hcd.1.auto: new USB bus registered, assigned bus number 2
2022-09-19T23:15:38 [    4.707413] xhci-hcd xhci-hcd.1.auto: Host supports USB 3.0 SuperSpeed
2022-09-19T23:15:38 [    4.715745] usb usb2: New USB device found, idVendor=1d6b, idProduct=0003, bcdDevice= 5.15
2022-09-19T23:15:38 [    4.725686] usb usb2: New USB device strings: Mfr=3, Product=2, SerialNumber=1
2022-09-19T23:15:38 [    4.734572] usb usb2: Product: xHCI Host Controller
2022-09-19T23:15:38 [    4.741071] usb usb2: Manufacturer: Linux 5.15.19-xilinx-v2022.1 xhci-hcd
2022-09-19T23:15:38 [    4.749482] usb usb2: SerialNumber: xhci-hcd.1.auto
2022-09-19T23:15:38 [    4.756197] hub 2-0:1.0: USB hub found
2022-09-19T23:15:38 [    4.761548] hub 2-0:1.0: 1 port detected
2022-09-19T23:15:38 [    4.768826] at24 1-0050: supply vcc not found, using dummy regulator
2022-09-19T23:15:38 [    4.777072] at24 1-0050: 8192 byte 24c64 EEPROM, writable, 1 bytes/write
2022-09-19T23:15:38 [    4.785518] at24 1-0051: supply vcc not found, using dummy regulator
2022-09-19T23:15:38 [    4.793755] at24 1-0051: 8192 byte 24c64 EEPROM, writable, 1 bytes/write
2022-09-19T23:15:38 [    4.802252] cdns-i2c ff030000.i2c: 400 kHz mmio ff030000 irq 39
2022-09-19T23:15:38 [    4.811202] cdns-wdt fd4d0000.watchdog: Xilinx Watchdog Timer with timeout 60s
2022-09-19T23:15:38 [    4.820428] cdns-wdt ff150000.watchdog: Xilinx Watchdog Timer with timeout 10s
2022-09-19T23:15:38 [    4.830315] zynqmp-pinctrl firmware:zynqmp-firmware:pinctrl: set mux failed for pin 13
2022-09-19T23:15:38 [    4.832319] clk: couldn't set sdio1_ref clk rate to 187498123 (-16), current rate: 187499999
2022-09-19T23:15:38 [    4.840051] sdhci-arasan ff160000.mmc: Error applying setting, reverse things back
2022-09-19T23:15:38 [    4.840330] input: gpio-keys as /devices/platform/gpio-keys/input/input0
2022-09-19T23:15:38 [    4.840618] of_cfs_init
2022-09-19T23:15:38 [    4.840640] of_cfs_init: OK
2022-09-19T23:15:38 [    4.840771] cfg80211: Loading compiled-in X.509 certificates for regulatory database
2022-09-19T23:15:38 [    4.850423] clk: couldn't set sdio1_ref clk rate to 187498123 (-16), current rate: 187499999
2022-09-19T23:15:38 [    4.859396] zynqmp_clk_divider_set_rate() set divider failed for sdio0_ref_div1, ret = -13
2022-09-19T23:15:38 [    4.905553] zynqmp_gpd_attach_dev() domain13 request failed for node 39: -13
2022-09-19T23:15:38 [    4.914347] sdhci-arasan ff160000.mmc: failed to add to PM domain domain13: -13
2022-09-19T23:15:38 [    4.923433] sdhci-arasan: probe of ff160000.mmc failed with error -13
2022-09-19T23:15:38 [    4.938766] mmc1: SDHCI controller on ff170000.mmc [ff170000.mmc] using ADMA 64-bit
2022-09-19T23:15:38 [    4.944991] usb 1-1: new high-speed USB device number 2 using xhci-hcd
2022-09-19T23:15:38 [    4.966749] cfg80211: Loaded X.509 cert 'sforshee: 00b28ddf47aef9cea7'
2022-09-19T23:15:38 [    4.976212] ALSA device list:
2022-09-19T23:15:38 [    4.980951]   #0: DisplayPort monitor
2022-09-19T23:15:38 [    4.986683] platform regulatory.0: Direct firmware load for regulatory.db failed with error -2
2022-09-19T23:15:38 [    4.997169] cfg80211: failed to load regulatory.db
2022-09-19T23:15:38 [    5.055735] Freeing unused kernel memory: 2176K
2022-09-19T23:15:38 [    5.062209] Run /init as init process
2022-09-19T23:15:38 INIT: version 3.01 booting
2022-09-19T23:15:38 [    5.101510] usb 1-1: New USB device found, idVendor=0424, idProduct=2744, bcdDevice= 2.21
2022-09-19T23:15:38 [    5.111623] usb 1-1: New USB device strings: Mfr=1, Product=2, SerialNumber=0
2022-09-19T23:15:38 [    5.120661] usb 1-1: Product: USB2744
2022-09-19T23:15:38 [    5.126181] usb 1-1: Manufacturer: Microchip Tech
2022-09-19T23:15:39 Starting udev
2022-09-19T23:15:39 [    5.195837] hub 1-1:1.0: USB hub found
2022-09-19T23:15:39 [    5.201682] hub 1-1:1.0: 5 ports detected
2022-09-19T23:15:39 [    5.210268] udevd[265]: starting version 3.2.10
2022-09-19T23:15:39 [    5.216913] random: udevd: uninitialized urandom read (16 bytes read)
2022-09-19T23:15:39 [    5.225280] random: udevd: uninitialized urandom read (16 bytes read)
2022-09-19T23:15:39 [    5.233566] random: udevd: uninitialized urandom read (16 bytes read)
2022-09-19T23:15:39 [    5.246402] udevd[266]: starting eudev-3.2.10
2022-09-19T23:15:39 [    5.259718] usb 2-1: new SuperSpeed USB device number 2 using xhci-hcd
2022-09-19T23:15:39 [    5.285339] usb 2-1: New USB device found, idVendor=0424, idProduct=5744, bcdDevice= 2.21
2022-09-19T23:15:39 [    5.295404] usb 2-1: New USB device strings: Mfr=2, Product=3, SerialNumber=0
2022-09-19T23:15:39 [    5.304423] usb 2-1: Product: USB5744
2022-09-19T23:15:39 [    5.309939] usb 2-1: Manufacturer: Microchip Tech
2022-09-19T23:15:39 [    5.371851] hub 2-1:1.0: USB hub found
2022-09-19T23:15:39 [    5.377630] hub 2-1:1.0: 4 ports detected
2022-09-19T23:15:39 [    5.576971] usb 1-1.4: new high-speed USB device number 3 using xhci-hcd
2022-09-19T23:15:39 [    5.690701] usb 1-1.4: New USB device found, idVendor=ffff, idProduct=5678, bcdDevice= 2.00
2022-09-19T23:15:39 [    5.700981] usb 1-1.4: New USB device strings: Mfr=1, Product=2, SerialNumber=3
2022-09-19T23:15:39 [    5.710154] usb 1-1.4: Product: Disk 2.0
2022-09-19T23:15:39 [    5.710165] usb 1-1.4: Manufacturer: USB
2022-09-19T23:15:39 [    5.710170] usb 1-1.4: SerialNumber: 9008081036552619038
2022-09-19T23:15:39 [    5.711196] usb-storage 1-1.4:1.0: USB Mass Storage device detected
2022-09-19T23:15:39 [    5.737439] scsi host0: usb-storage 1-1.4:1.0
2022-09-19T23:15:39 [    5.797080] macb ff0e0000.ethernet eth0: PHY [ff0e0000.ethernet-ffffffff:01] driver [TI DP83867] (irq=POLL)
2022-09-19T23:15:39 [    5.810413] macb ff0e0000.ethernet eth0: configuring for phy/rgmii-id link mode
2022-09-19T23:15:39 [    5.820166] pps pps0: new PPS source ptp0
2022-09-19T23:15:39 [    5.820961] usb 1-1.5: new high-speed USB device number 4 using xhci-hcd
2022-09-19T23:15:39 [    5.834576] macb ff0e0000.ethernet: gem-ptp-timer ptp clock registered.
2022-09-19T23:15:39 [    5.933642] usb 1-1.5: New USB device found, idVendor=0424, idProduct=2740, bcdDevice= 2.00
2022-09-19T23:15:39 [    5.943843] usb 1-1.5: New USB device strings: Mfr=1, Product=2, SerialNumber=0
2022-09-19T23:15:39 [    5.952959] usb 1-1.5: Product: Hub Controller
2022-09-19T23:15:39 [    5.959166] usb 1-1.5: Manufacturer: Microchip Tech
2022-09-19T23:15:40 [    6.259829] mmc1: new SDHC card at address 0001
2022-09-19T23:15:40 [    6.266564] mmcblk1: mmc1:0001 SD16G 14.6 GiB 
2022-09-19T23:15:40 [    6.274559]  mmcblk1: p1
2022-09-19T23:15:40 [    6.761512] scsi 0:0:0:0: Direct-Access     VendorCo ProductCode      2.00 PQ: 0 ANSI: 4
2022-09-19T23:15:40 [    6.772002] sd 0:0:0:0: [sda] 61440000 512-byte logical blocks: (31.5 GB/29.3 GiB)
2022-09-19T23:15:40 [    6.781735] sd 0:0:0:0: [sda] Write Protect is off
2022-09-19T23:15:40 [    6.788437] sd 0:0:0:0: [sda] No Caching mode page found
2022-09-19T23:15:40 [    6.795535] sd 0:0:0:0: [sda] Assuming drive cache: write through
2022-09-19T23:15:40 [    6.805166]  sda: sda1 sda2
2022-09-19T23:15:40 [    6.810563] sd 0:0:0:0: [sda] Attached SCSI removable disk
2022-09-19T23:15:42 [    8.874633] macb ff0e0000.ethernet eth0: Link is Up - 1Gbps/Full - flow control off
2022-09-19T23:15:42 [    8.884205] IPv6: ADDRCONF(NETDEV_CHANGE): eth0: link becomes ready
2022-09-19T23:15:45 [   11.240964] random: crng init done
2022-09-19T23:15:45 [   11.246318] random: 4 urandom warning(s) missed due to ratelimiting
2022-09-19T23:15:46 
2022-09-19T23:15:46 Poky (Yocto Project Reference Distro) 3.4+snapshot-09631806b21144dee760ca6917edce49212d4a72 kira-recovery /dev/ttyPS1
2022-09-19T23:15:46 
2022-09-19T23:15:46 Matched prompt #8: login:
2022-09-19T23:15:46 {'case': 'kernel-messages', 'definition': 'lava', 'duration': '13.45', 'extra': {'extra': [{'success': 'login:'}]}, 'level': '2.3.1', 'namespace': 'common', 'result': 'pass'}
2022-09-19T23:15:46 Sending username root
2022-09-19T23:15:46 root
2022-09-19T23:15:47 kira-recovery login:root
2022-09-19T23:15:47 Setting prompt string to ['kira-recovery:']
2022-09-19T23:15:47 Waiting for password prompt
2022-09-19T23:15:47 login-action: Wait for prompt ['kira-recovery:', 'Password:', 'Login timed out'] (timeout 00:01:20)
2022-09-19T23:15:47  root
2022-09-19T23:15:47 root
2022-09-19T23:15:50 Sending password root
2022-09-19T23:15:50 root
2022-09-19T23:15:50 7[r[999;999H[6nroot@kira-recovery:~# root
2022-09-19T23:15:50 Setting prompt string to ['kira-recovery:']
2022-09-19T23:15:50 login-action: Wait for prompt ['kira-recovery:', 'Login incorrect', 'Login timed out'] (timeout 00:01:17)
2022-09-19T23:15:50 root
2022-09-19T23:15:50 root
2022-09-19T23:15:50 -sh: root: not found
2022-09-19T23:15:50 root@kira-recovery:~# 
2022-09-19T23:15:50 Setting prompt string to ['kira-recovery:']
2022-09-19T23:15:50 end: 2.3.1 login-action (duration 00:00:17) [common]
2022-09-19T23:15:50 {'case': 'login-action', 'definition': 'lava', 'duration': '16.69', 'extra': {'success': 'login:'}, 'level': '2.3.1', 'namespace': 'common', 'result': 'pass'}
2022-09-19T23:15:50 end: 2.3 auto-login-action (duration 00:00:28) [common]
2022-09-19T23:15:50 end: 2 minimal-boot (duration 00:00:43) [common]
2022-09-19T23:15:50 start: 3 finalize (timeout 00:10:00) [common]
2022-09-19T23:15:50 start: 3.1 power-off (timeout 00:00:10) [common]
2022-09-19T23:15:50 Calling: 'nice' '/usr/local/bin/relayctl' 'relay3' '1' 'off'
2022-09-19T23:15:50 Returned 0 in 0 seconds
2022-09-19T23:15:50 Calling: 'nice' '/usr/local/bin/relayctl' 'relay3' '2' 'off'
2022-09-19T23:15:50 Returned 0 in 0 seconds
2022-09-19T23:15:50 end: 3.1 power-off (duration 00:00:00) [common]
2022-09-19T23:15:50 {'case': 'power-off', 'definition': 'lava', 'duration': '0.30', 'extra': {'status': 'success'}, 'level': '3.1', 'namespace': 'common', 'result': 'pass'}
2022-09-19T23:15:50 start: 3.2 read-feedback (timeout 00:10:00) [common]
2022-09-19T23:15:50 Listened to connection for namespace 'common' for up to 1s
2022-09-19T23:15:50 Listened to connection for namespace 'common' for up to 1s
2022-09-19T23:15:51 Finalising connection for namespace 'common'
2022-09-19T23:15:51 Disconnecting from telnet: Finalise
2022-09-19T23:15:51 ]
2022-09-19T23:15:51 quit
2022-09-19T23:15:51 root@kira-recovery:~# quit
2022-09-19T23:15:51 end: 3.2 read-feedback (duration 00:00:01) [common]
2022-09-19T23:15:51 end: 3 finalize (duration 00:00:02) [common]
2022-09-19T23:15:51 Cleaning after the job
2022-09-19T23:15:51 Cleaning up download directory: /var/lib/lava/dispatcher/tmp/281/deploy-flasher-1v7bnjxe/boot
2022-09-19T23:15:51 Cleaning up download directory: /var/lib/lava/dispatcher/tmp/281/deploy-flasher-1v7bnjxe/sd
2022-09-19T23:15:51 Root tmp directory removed at /var/lib/lava/dispatcher/tmp/281
2022-09-19T23:15:51 Job finished correctly
2022-09-19T23:15:51 {'case': 'job', 'definition': 'lava', 'result': 'pass'}
