- {"dt": "2022-09-19T23:15:23.816747", "lvl": "target", "msg": "U-Boot 2022.01-00002-g91ad7924e7 (Aug 24 2022 - 11:07:30 +0000)"}
- {"dt": "2022-09-19T23:15:23.817045", "lvl": "target", "msg": ""}
- {"dt": "2022-09-19T23:15:23.832653", "lvl": "target", "msg": "CPU:   ZynqMP"}
- {"dt": "2022-09-19T23:15:23.832951", "lvl": "target", "msg": "Silicon: v3"}
- {"dt": "2022-09-19T23:15:23.896663", "lvl": "target", "msg": "PMUFW no permission to change config object"}
- {"dt": "2022-09-19T23:15:24.357531", "lvl": "target", "msg": "Detected name: zynqmp-sm-k26-xcl2gc-rev1 -sck-kv-g-rev1"}
- {"dt": "2022-09-19T23:15:24.360653", "lvl": "target", "msg": "Model: ZynqMP SM-K26 Rev1/B/A"}
- {"dt": "2022-09-19T23:15:24.360951", "lvl": "target", "msg": "Board: Xilinx ZynqMP"}
- {"dt": "2022-09-19T23:15:24.616567", "lvl": "target", "msg": "DRAM:  4 GiB"}
- {"dt": "2022-09-19T23:15:24.696554", "lvl": "target", "msg": "PMUFW:\tv1.1"}
- {"dt": "2022-09-19T23:15:24.728551", "lvl": "target", "msg": "PMUFW no permission to change config object"}
- {"dt": "2022-09-19T23:15:24.933461", "lvl": "target", "msg": "Xilinx I2C FRU format at nvmem0:"}
- {"dt": "2022-09-19T23:15:24.933758", "lvl": "target", "msg": " Manufacturer Name: XILINX"}
- {"dt": "2022-09-19T23:15:24.936635", "lvl": "target", "msg": " Product Name: SM-K26-XCL2GC"}
- {"dt": "2022-09-19T23:15:24.952577", "lvl": "target", "msg": " Serial No: XFL1OTRUW0NW"}
- {"dt": "2022-09-19T23:15:24.952877", "lvl": "target", "msg": " Part Number: 5057-02  "}
- {"dt": "2022-09-19T23:15:24.953187", "lvl": "target", "msg": " File ID: 0x0"}
- {"dt": "2022-09-19T23:15:24.953471", "lvl": "target", "msg": " Revision Number: 1 "}
- {"dt": "2022-09-19T23:15:25.157437", "lvl": "target", "msg": "Xilinx I2C FRU format at nvmem1:"}
- {"dt": "2022-09-19T23:15:25.157740", "lvl": "target", "msg": " Manufacturer Name: XILINX"}
- {"dt": "2022-09-19T23:15:25.160597", "lvl": "target", "msg": " Product Name: SCK-KV-G        "}
- {"dt": "2022-09-19T23:15:25.173455", "lvl": "target", "msg": " Serial No: XFL1EMYMAA30"}
- {"dt": "2022-09-19T23:15:25.173754", "lvl": "target", "msg": " Part Number: 5066-01  "}
- {"dt": "2022-09-19T23:15:25.174050", "lvl": "target", "msg": " File ID: 0x0"}
- {"dt": "2022-09-19T23:15:25.174337", "lvl": "target", "msg": " Revision Number: 1"}
- {"dt": "2022-09-19T23:15:25.174619", "lvl": "target", "msg": "EL Level:\tEL2"}
- {"dt": "2022-09-19T23:15:25.174895", "lvl": "target", "msg": "Chip ID:\txck26"}
- {"dt": "2022-09-19T23:15:25.176572", "lvl": "target", "msg": "PMUFW no permission to change config object"}
- {"dt": "2022-09-19T23:15:25.176814", "lvl": "target", "msg": "NAND:  0 MiB"}
- {"dt": "2022-09-19T23:15:25.189450", "lvl": "target", "msg": "MMC:   PMUFW no permission to change config object"}
- {"dt": "2022-09-19T23:15:25.192622", "lvl": "target", "msg": "PMUFW no permission to change config object"}
- {"dt": "2022-09-19T23:15:26.277469", "lvl": "target", "msg": "mmc@ff160000: 0, mmc@ff170000: 1"}
- {"dt": "2022-09-19T23:15:26.293515", "lvl": "target", "msg": "Loading Environment from nowhere... OK"}
- {"dt": "2022-09-19T23:15:26.293813", "lvl": "target", "msg": "In:    serial"}
- {"dt": "2022-09-19T23:15:26.294108", "lvl": "target", "msg": "Out:   serial"}
- {"dt": "2022-09-19T23:15:26.294393", "lvl": "target", "msg": "Err:   serial"}
- {"dt": "2022-09-19T23:15:26.294673", "lvl": "target", "msg": "PMUFW no permission to change config object"}
- {"dt": "2022-09-19T23:15:26.312581", "lvl": "target", "msg": "PMUFW no permission to change config object"}
- {"dt": "2022-09-19T23:15:26.312880", "lvl": "target", "msg": "Bootmode: QSPI_MODE"}
- {"dt": "2022-09-19T23:15:26.325502", "lvl": "target", "msg": "Reset reason:\tSOFT "}
- {"dt": "2022-09-19T23:15:26.325801", "lvl": "target", "msg": "Net:   "}
- {"dt": "2022-09-19T23:15:26.326100", "lvl": "target", "msg": "ZYNQ GEM: ff0e0000, mdio bus ff0e0000, phyaddr 1, interface rgmii-id"}
- {"dt": "2022-09-19T23:15:26.328695", "lvl": "target", "msg": "PMUFW no permission to change config object"}
- {"dt": "2022-09-19T23:15:26.328995", "lvl": "target", "msg": "eth0: ethernet@ff0e0000"}
- {"dt": "2022-09-19T23:15:26.341460", "lvl": "target", "msg": "PMUFW no permission to change config object"}
- {"dt": "2022-09-19T23:15:26.341758", "lvl": "target", "msg": "gpio: pin gpio@ff0a000038 (gpio 38) value is 0"}
- {"dt": "2022-09-19T23:15:26.342055", "lvl": "target", "msg": "gpio: pin gpio@ff0a000038 (gpio 38) value is 1"}
- {"dt": "2022-09-19T23:15:26.344659", "lvl": "target", "msg": "starting USB..."}
- {"dt": "2022-09-19T23:15:26.757475", "lvl": "target", "msg": "Bus usb@fe200000: Register 2000440 NbrPorts 2"}
- {"dt": "2022-09-19T23:15:26.757774", "lvl": "target", "msg": "Starting the controller"}
- {"dt": "2022-09-19T23:15:26.760643", "lvl": "target", "msg": "USB XHCI 1.00"}
- {"dt": "2022-09-19T23:15:28.293442", "lvl": "target", "msg": "scanning bus usb@fe200000 for devices... 5 USB Device(s) found"}
- {"dt": "2022-09-19T23:15:28.309341", "lvl": "target", "msg": "       scanning usb for storage devices... 1 Storage Device(s) found"}
- {"dt": "2022-09-19T23:15:28.309645", "lvl": "target", "msg": "Autoboot in 2 seconds, Hit RR to stop"}
- {"dt": "2022-09-19T23:15:30.312395", "lvl": "target", "msg": "SM-K26-XCL2GC: No match"}
- {"dt": "2022-09-19T23:15:30.312793", "lvl": "target", "msg": "SM-K26-XCL2GC: No match"}
- {"dt": "2022-09-19T23:15:30.392505", "lvl": "target", "msg": "Card did not respond to voltage select! : -110"}
- {"dt": "2022-09-19T23:15:30.488365", "lvl": "target", "msg": "switch to partitions #0, OK"}
- {"dt": "2022-09-19T23:15:30.488666", "lvl": "target", "msg": "mmc1 is current device"}
- {"dt": "2022-09-19T23:15:30.504377", "lvl": "target", "msg": "Scanning mmc 1:1..."}
- {"dt": "2022-09-19T23:15:30.520384", "lvl": "target", "msg": "Found U-Boot script /boot.scr"}
- {"dt": "2022-09-19T23:15:30.533232", "lvl": "target", "msg": "298 bytes read in 7 ms (41 KiB/s)"}
- {"dt": "2022-09-19T23:15:30.536434", "lvl": "target", "msg": "## Executing script at 20000000"}
- {"dt": "2022-09-19T23:15:30.552392", "lvl": "target", "msg": "*** KIRA: Boot recovery.fit as normal test payload ***"}
- {"dt": "2022-09-19T23:15:32.901131", "lvl": "target", "msg": "26059136 bytes read in 2349 ms (10.6 MiB/s)"}
- {"dt": "2022-09-19T23:15:32.901469", "lvl": "target", "msg": "## Loading kernel from FIT Image at 10000000 ..."}
- {"dt": "2022-09-19T23:15:32.904353", "lvl": "target", "msg": "   Using 'recovery' configuration"}
- {"dt": "2022-09-19T23:15:32.917125", "lvl": "target", "msg": "   Trying 'kernel' kernel subimage"}
- {"dt": "2022-09-19T23:15:32.917453", "lvl": "target", "msg": "     Description:  Kernel"}
- {"dt": "2022-09-19T23:15:32.917751", "lvl": "target", "msg": "     Created:      2022-09-18  10:27:50 UTC"}
- {"dt": "2022-09-19T23:15:32.918034", "lvl": "target", "msg": "     Type:         Kernel Image"}
- {"dt": "2022-09-19T23:15:32.920346", "lvl": "target", "msg": "     Compression:  uncompressed"}
- {"dt": "2022-09-19T23:15:32.920646", "lvl": "target", "msg": "     Data Start:   0x100000c0"}
- {"dt": "2022-09-19T23:15:32.933160", "lvl": "target", "msg": "     Data Size:    22401536 Bytes = 21.4 MiB"}
- {"dt": "2022-09-19T23:15:32.933461", "lvl": "target", "msg": "     Architecture: AArch64"}
- {"dt": "2022-09-19T23:15:32.933756", "lvl": "target", "msg": "     OS:           Linux"}
- {"dt": "2022-09-19T23:15:32.934042", "lvl": "target", "msg": "     Load Address: 0x18000000"}
- {"dt": "2022-09-19T23:15:32.936363", "lvl": "target", "msg": "     Entry Point:  0x18000000"}
- {"dt": "2022-09-19T23:15:32.936661", "lvl": "target", "msg": "     Hash algo:    sha1"}
- {"dt": "2022-09-19T23:15:32.949151", "lvl": "target", "msg": "     Hash value:   74eee39410c56506467bb9c63400fd79af66b1fa"}
- {"dt": "2022-09-19T23:15:33.189155", "lvl": "target", "msg": "   Verifying Hash Integrity ... sha1+ OK"}
- {"dt": "2022-09-19T23:15:33.189455", "lvl": "target", "msg": "## Loading ramdisk from FIT Image at 10000000 ..."}
- {"dt": "2022-09-19T23:15:33.189753", "lvl": "target", "msg": "   Using 'recovery' configuration"}
- {"dt": "2022-09-19T23:15:33.192361", "lvl": "target", "msg": "   Trying 'initrd' ramdisk subimage"}
- {"dt": "2022-09-19T23:15:33.205132", "lvl": "target", "msg": "     Description:  Initrd"}
- {"dt": "2022-09-19T23:15:33.205448", "lvl": "target", "msg": "     Created:      2022-09-18  10:27:50 UTC"}
- {"dt": "2022-09-19T23:15:33.205744", "lvl": "target", "msg": "     Type:         RAMDisk Image"}
- {"dt": "2022-09-19T23:15:33.208361", "lvl": "target", "msg": "     Compression:  uncompressed"}
- {"dt": "2022-09-19T23:15:33.208661", "lvl": "target", "msg": "     Data Start:   0x11567868"}
- {"dt": "2022-09-19T23:15:33.221149", "lvl": "target", "msg": "     Data Size:    3613635 Bytes = 3.4 MiB"}
- {"dt": "2022-09-19T23:15:33.221454", "lvl": "target", "msg": "     Architecture: AArch64"}
- {"dt": "2022-09-19T23:15:33.221750", "lvl": "target", "msg": "     OS:           Linux"}
- {"dt": "2022-09-19T23:15:33.222032", "lvl": "target", "msg": "     Load Address: unavailable"}
- {"dt": "2022-09-19T23:15:33.224363", "lvl": "target", "msg": "     Entry Point:  unavailable"}
- {"dt": "2022-09-19T23:15:33.224662", "lvl": "target", "msg": "     Hash algo:    sha1"}
- {"dt": "2022-09-19T23:15:33.237130", "lvl": "target", "msg": "     Hash value:   edfed71e482a7685500ff15dfea8d762cde89125"}
- {"dt": "2022-09-19T23:15:33.269135", "lvl": "target", "msg": "   Verifying Hash Integrity ... sha1+ OK"}
- {"dt": "2022-09-19T23:15:33.269450", "lvl": "target", "msg": "## Loading fdt from FIT Image at 10000000 ..."}
- {"dt": "2022-09-19T23:15:33.272330", "lvl": "target", "msg": "   Using 'recovery' configuration"}
- {"dt": "2022-09-19T23:15:33.285135", "lvl": "target", "msg": "   Trying 'fdt' fdt subimage"}
- {"dt": "2022-09-19T23:15:33.285449", "lvl": "target", "msg": "     Description:  DTB"}
- {"dt": "2022-09-19T23:15:33.285743", "lvl": "target", "msg": "     Created:      2022-09-18  10:27:50 UTC"}
- {"dt": "2022-09-19T23:15:33.288357", "lvl": "target", "msg": "     Type:         Flat Device Tree"}
- {"dt": "2022-09-19T23:15:33.288657", "lvl": "target", "msg": "     Compression:  uncompressed"}
- {"dt": "2022-09-19T23:15:33.301172", "lvl": "target", "msg": "     Data Start:   0x1155d39c"}
- {"dt": "2022-09-19T23:15:33.301470", "lvl": "target", "msg": "     Data Size:    41979 Bytes = 41 KiB"}
- {"dt": "2022-09-19T23:15:33.301830", "lvl": "target", "msg": "     Architecture: AArch64"}
- {"dt": "2022-09-19T23:15:33.302189", "lvl": "target", "msg": "     Load Address: 0x40000000"}
- {"dt": "2022-09-19T23:15:33.304335", "lvl": "target", "msg": "     Hash algo:    sha1"}
- {"dt": "2022-09-19T23:15:33.317065", "lvl": "target", "msg": "     Hash value:   3e52eeba1a95134c9c774410142e9069aece0f30"}
- {"dt": "2022-09-19T23:15:33.317349", "lvl": "target", "msg": "   Verifying Hash Integrity ... sha1+ OK"}
- {"dt": "2022-09-19T23:15:33.317502", "lvl": "target", "msg": "   Loading fdt from 0x1155d39c to 0x40000000"}
- {"dt": "2022-09-19T23:15:33.320291", "lvl": "target", "msg": "   Booting using the fdt blob at 0x40000000"}
- {"dt": "2022-09-19T23:15:33.416414", "lvl": "target", "msg": "   Loading Kernel Image"}
- {"dt": "2022-09-19T23:15:33.429203", "lvl": "target", "msg": "   Loading Ramdisk to 78c8d000, end 78fff3c3 ... OK"}
- {"dt": "2022-09-19T23:15:33.448277", "lvl": "target", "msg": "   Loading Device Tree to 000000000fff2000, end 000000000ffff3fa ... OK"}
- {"dt": "2022-09-19T23:15:33.448575", "lvl": "target", "msg": ""}
- {"dt": "2022-09-19T23:15:33.448818", "lvl": "target", "msg": "Starting kernel ..."}
- {"dt": "2022-09-19T23:15:33.449047", "lvl": "target", "msg": ""}
- {"dt": "2022-09-19T23:15:33.480328", "lvl": "target", "msg": "[    0.000000] Booting Linux on physical CPU 0x0000000000 [0x410fd034]"}
- {"dt": "2022-09-19T23:15:33.481025", "lvl": "debug", "msg": "start: 2.3.1 login-action (timeout 00:01:34) [common]"}
- {"dt": "2022-09-19T23:15:33.481389", "lvl": "debug", "msg": "Setting prompt string to ['-+\\\\[ cut here \\\\]-+\\\\s+(.*\\\\s+-+\\\\[ end trace (\\\\w*) \\\\]-+)', '(Unhandled fault.*)\\\\r\\\\n', 'Kernel panic - (.*) end Kernel panic', 'Stack:\\\\s+(.*\\\\s+-+\\\\[ end trace (\\\\w*) \\\\]-+)', '^[^\\\\n]+WARNING:.*?$', '^[^\\\\n]+Oops(?: -|:).*?$', '^[^\\\\n]+BUG:.*?$']"}
- {"dt": "2022-09-19T23:15:33.481668", "lvl": "debug", "msg": "Using line separator: #'\\n'#"}
- {"dt": "2022-09-19T23:15:33.481907", "lvl": "info", "msg": "Waiting for the login prompt"}
- {"dt": "2022-09-19T23:15:33.482142", "lvl": "info", "msg": "Parsing kernel messages"}
- {"dt": "2022-09-19T23:15:33.482359", "lvl": "debug", "msg": ["-+\\[ cut here \\]-+\\s+(.*\\s+-+\\[ end trace (\\w*) \\]-+)", "(Unhandled fault.*)\\r\\n", "Kernel panic - (.*) end Kernel panic", "Stack:\\s+(.*\\s+-+\\[ end trace (\\w*) \\]-+)", "^[^\\n]+WARNING:.*?$", "^[^\\n]+Oops(?: -|:).*?$", "^[^\\n]+BUG:.*?$", "kira-recovery:", "login:", "Login incorrect"]}
- {"dt": "2022-09-19T23:15:33.482730", "lvl": "debug", "msg": "[login-action] Waiting for messages, (timeout 00:01:34)"}
- {"dt": "2022-09-19T23:15:33.496334", "lvl": "target", "msg": "[    0.000000] Linux version 5.15.19-xilinx-v2022.1 (oe-user@oe-host) (aarch64-xilinx-linux-gcc (GCC) 11.2.0, GNU ld (GNU Binutils) 2.37.20210721) #1 SMP Thu May 12 09:05:30 UTC 2022"}
- {"dt": "2022-09-19T23:15:33.509198", "lvl": "target", "msg": "[    0.000000] Machine model: ZynqMP SM-K26 Rev1/B/A"}
- {"dt": "2022-09-19T23:15:33.509490", "lvl": "target", "msg": "[    0.000000] earlycon: cdns0 at MMIO 0x00000000ff010000 (options '115200n8')"}
- {"dt": "2022-09-19T23:15:33.512348", "lvl": "target", "msg": "[    0.000000] printk: bootconsole [cdns0] enabled"}
- {"dt": "2022-09-19T23:15:33.512652", "lvl": "target", "msg": "[    0.000000] efi: UEFI not found."}
- {"dt": "2022-09-19T23:15:33.573205", "lvl": "target", "msg": "[    0.000000] Zone ranges:"}
- {"dt": "2022-09-19T23:15:33.576341", "lvl": "target", "msg": "[    0.000000]   DMA32    [mem 0x0000000000000000-0x00000000ffffffff]"}
- {"dt": "2022-09-19T23:15:33.589212", "lvl": "target", "msg": "[    0.000000]   Normal   [mem 0x0000000100000000-0x000000087fffffff]"}
- {"dt": "2022-09-19T23:15:33.589506", "lvl": "target", "msg": "[    0.000000] Movable zone start for each node"}
- {"dt": "2022-09-19T23:15:33.592360", "lvl": "target", "msg": "[    0.000000] Early memory node ranges"}
- {"dt": "2022-09-19T23:15:33.605210", "lvl": "target", "msg": "[    0.000000]   node   0: [mem 0x0000000000000000-0x000000007fffffff]"}
- {"dt": "2022-09-19T23:15:33.605505", "lvl": "target", "msg": "[    0.000000]   node   0: [mem 0x0000000800000000-0x000000087fffffff]"}
- {"dt": "2022-09-19T23:15:33.624303", "lvl": "target", "msg": "[    0.000000] Initmem setup node 0 [mem 0x0000000000000000-0x000000087fffffff]"}
- {"dt": "2022-09-19T23:15:33.637212", "lvl": "target", "msg": "[    0.000000] cma: Reserved 256 MiB at 0x0000000068c00000"}
- {"dt": "2022-09-19T23:15:33.637507", "lvl": "target", "msg": "[    0.000000] psci: probing for conduit method from DT."}
- {"dt": "2022-09-19T23:15:33.640369", "lvl": "target", "msg": "[    0.000000] psci: PSCIv1.1 detected in firmware."}
- {"dt": "2022-09-19T23:15:33.653184", "lvl": "target", "msg": "[    0.000000] psci: Using standard PSCI v0.2 function IDs"}
- {"dt": "2022-09-19T23:15:33.653476", "lvl": "target", "msg": "[    0.000000] psci: MIGRATE_INFO_TYPE not supported."}
- {"dt": "2022-09-19T23:15:33.653716", "lvl": "target", "msg": "[    0.000000] psci: SMC Calling Convention v1.2"}
- {"dt": "2022-09-19T23:15:33.669202", "lvl": "target", "msg": "[    0.000000] percpu: Embedded 18 pages/cpu s34776 r8192 d30760 u73728"}
- {"dt": "2022-09-19T23:15:33.669497", "lvl": "target", "msg": "[    0.000000] Detected VIPT I-cache on CPU0"}
- {"dt": "2022-09-19T23:15:33.669738", "lvl": "target", "msg": "[    0.000000] CPU features: detected: ARM erratum 845719"}
- {"dt": "2022-09-19T23:15:33.685209", "lvl": "target", "msg": "[    0.000000] Built 1 zonelists, mobility grouping on.  Total pages: 1032192"}
- {"dt": "2022-09-19T23:15:33.685505", "lvl": "target", "msg": "[    0.000000] Kernel command line: earlycon"}
- {"dt": "2022-09-19T23:15:33.688366", "lvl": "target", "msg": "[    0.000000] Dentry cache hash table entries: 524288 (order: 10, 4194304 bytes, linear)"}
- {"dt": "2022-09-19T23:15:33.701198", "lvl": "target", "msg": "[    0.000000] Inode-cache hash table entries: 262144 (order: 9, 2097152 bytes, linear)"}
- {"dt": "2022-09-19T23:15:33.704337", "lvl": "target", "msg": "[    0.000000] mem auto-init: stack:off, heap alloc:off, heap free:off"}
- {"dt": "2022-09-19T23:15:33.720356", "lvl": "target", "msg": "[    0.000000] software IO TLB: mapped [mem 0x000000007c000000-0x0000000080000000] (64MB)"}
- {"dt": "2022-09-19T23:15:33.781212", "lvl": "target", "msg": "[    0.000000] Memory: 3759416K/4194304K available (14528K kernel code, 1012K rwdata, 4056K rodata, 2176K init, 571K bss, 172744K reserved, 262144K cma-reserved)"}
- {"dt": "2022-09-19T23:15:33.784364", "lvl": "target", "msg": "[    0.000000] rcu: Hierarchical RCU implementation."}
- {"dt": "2022-09-19T23:15:33.797207", "lvl": "target", "msg": "[    0.000000] rcu: \tRCU event tracing is enabled."}
- {"dt": "2022-09-19T23:15:33.800374", "lvl": "target", "msg": "[    0.000000] rcu: RCU calculated value of scheduler-enlistment delay is 25 jiffies."}
- {"dt": "2022-09-19T23:15:33.813132", "lvl": "target", "msg": "[    0.000000] NR_IRQS: 64, nr_irqs: 64, preallocated irqs: 0"}
- {"dt": "2022-09-19T23:15:33.813439", "lvl": "target", "msg": "[    0.000000] GIC: Adjusting CPU interface base to 0x00000000f902f000"}
- {"dt": "2022-09-19T23:15:33.816328", "lvl": "target", "msg": "[    0.000000] Root IRQ handler: gic_handle_irq"}
- {"dt": "2022-09-19T23:15:33.816622", "lvl": "target", "msg": "[    0.000000] GIC: Using split EOI/Deactivate mode"}
- {"dt": "2022-09-19T23:15:33.829205", "lvl": "target", "msg": "[    0.000000] random: get_random_bytes called from start_kernel+0x474/0x6d4 with crng_init=0"}
- {"dt": "2022-09-19T23:15:33.832362", "lvl": "target", "msg": "[    0.000000] arch_timer: cp15 timer(s) running at 99.99MHz (phys)."}
- {"dt": "2022-09-19T23:15:33.845213", "lvl": "target", "msg": "[    0.000000] clocksource: arch_sys_counter: mask: 0xffffffffffffff max_cycles: 0x171015c90f, max_idle_ns: 440795203080 ns"}
- {"dt": "2022-09-19T23:15:33.861181", "lvl": "target", "msg": "[    0.000000] sched_clock: 56 bits at 99MHz, resolution 10ns, wraps every 4398046511101ns"}
- {"dt": "2022-09-19T23:15:33.861477", "lvl": "target", "msg": "[    0.008293] Console: colour dummy device 80x25"}
- {"dt": "2022-09-19T23:15:33.861718", "lvl": "target", "msg": "[    0.012374] printk: console [tty0] enabled"}
- {"dt": "2022-09-19T23:15:33.864361", "lvl": "target", "msg": "[    0.016436] printk: bootconsole [cdns0] disabled"}
- {"dt": "2022-09-19T23:15:36.340993", "lvl": "target", "msg": "[    0.000000] Booting Linux on physical CPU 0x0000000000 [0x410fd034]"}
- {"dt": "2022-09-19T23:15:36.356997", "lvl": "target", "msg": "[    0.000000] Linux version 5.15.19-xilinx-v2022.1 (oe-user@oe-host) (aarch64-xilinx-linux-gcc (GCC) 11.2.0, GNU ld (GNU Binutils) 2.37.20210721) #1 SMP Thu May 12 09:05:30 UTC 2022"}
- {"dt": "2022-09-19T23:15:36.357312", "lvl": "target", "msg": "[    0.000000] Machine model: ZynqMP SM-K26 Rev1/B/A"}
- {"dt": "2022-09-19T23:15:36.360235", "lvl": "target", "msg": "[    0.000000] earlycon: cdns0 at MMIO 0x00000000ff010000 (options '115200n8')"}
- {"dt": "2022-09-19T23:15:36.372995", "lvl": "target", "msg": "[    0.000000] printk: bootconsole [cdns0] enabled"}
- {"dt": "2022-09-19T23:15:36.373305", "lvl": "target", "msg": "[    0.000000] efi: UEFI not found."}
- {"dt": "2022-09-19T23:15:36.373546", "lvl": "target", "msg": "[    0.000000] Zone ranges:"}
- {"dt": "2022-09-19T23:15:36.376240", "lvl": "target", "msg": "[    0.000000]   DMA32    [mem 0x0000000000000000-0x00000000ffffffff]"}
- {"dt": "2022-09-19T23:15:36.388998", "lvl": "target", "msg": "[    0.000000]   Normal   [mem 0x0000000100000000-0x000000087fffffff]"}
- {"dt": "2022-09-19T23:15:36.389310", "lvl": "target", "msg": "[    0.000000] Movable zone start for each node"}
- {"dt": "2022-09-19T23:15:36.392240", "lvl": "target", "msg": "[    0.000000] Early memory node ranges"}
- {"dt": "2022-09-19T23:15:36.404998", "lvl": "target", "msg": "[    0.000000]   node   0: [mem 0x0000000000000000-0x000000007fffffff]"}
- {"dt": "2022-09-19T23:15:36.405311", "lvl": "target", "msg": "[    0.000000]   node   0: [mem 0x0000000800000000-0x000000087fffffff]"}
- {"dt": "2022-09-19T23:15:36.408240", "lvl": "target", "msg": "[    0.000000] Initmem setup node 0 [mem 0x0000000000000000-0x000000087fffffff]"}
- {"dt": "2022-09-19T23:15:36.421038", "lvl": "target", "msg": "[    0.000000] cma: Reserved 256 MiB at 0x0000000068c00000"}
- {"dt": "2022-09-19T23:15:36.421356", "lvl": "target", "msg": "[    0.000000] psci: probing for conduit method from DT."}
- {"dt": "2022-09-19T23:15:36.424248", "lvl": "target", "msg": "[    0.000000] psci: PSCIv1.1 detected in firmware."}
- {"dt": "2022-09-19T23:15:36.437034", "lvl": "target", "msg": "[    0.000000] psci: Using standard PSCI v0.2 function IDs"}
- {"dt": "2022-09-19T23:15:36.437345", "lvl": "target", "msg": "[    0.000000] psci: MIGRATE_INFO_TYPE not supported."}
- {"dt": "2022-09-19T23:15:36.440248", "lvl": "target", "msg": "[    0.000000] psci: SMC Calling Convention v1.2"}
- {"dt": "2022-09-19T23:15:36.453026", "lvl": "target", "msg": "[    0.000000] percpu: Embedded 18 pages/cpu s34776 r8192 d30760 u73728"}
- {"dt": "2022-09-19T23:15:36.453335", "lvl": "target", "msg": "[    0.000000] Detected VIPT I-cache on CPU0"}
- {"dt": "2022-09-19T23:15:36.456242", "lvl": "target", "msg": "[    0.000000] CPU features: detected: ARM erratum 845719"}
- {"dt": "2022-09-19T23:15:36.469036", "lvl": "target", "msg": "[    0.000000] Built 1 zonelists, mobility grouping on.  Total pages: 1032192"}
- {"dt": "2022-09-19T23:15:36.469356", "lvl": "target", "msg": "[    0.000000] Kernel command line: earlycon"}
- {"dt": "2022-09-19T23:15:36.472207", "lvl": "target", "msg": "[    0.000000] Dentry cache hash table entries: 524288 (order: 10, 4194304 bytes, linear)"}
- {"dt": "2022-09-19T23:15:36.485198", "lvl": "target", "msg": "[    0.000000] Inode-cache hash table entries: 262144 (order: 9, 2097152 bytes, linear)"}
- {"dt": "2022-09-19T23:15:36.488278", "lvl": "target", "msg": "[    0.000000] mem auto-init: stack:off, heap alloc:off, heap free:off"}
- {"dt": "2022-09-19T23:15:36.501042", "lvl": "target", "msg": "[    0.000000] software IO TLB: mapped [mem 0x000000007c000000-0x0000000080000000] (64MB)"}
- {"dt": "2022-09-19T23:15:36.517049", "lvl": "target", "msg": "[    0.000000] Memory: 3759416K/4194304K available (14528K kernel code, 1012K rwdata, 4056K rodata, 2176K init, 571K bss, 172744K reserved, 262144K cma-reserved)"}
- {"dt": "2022-09-19T23:15:36.517366", "lvl": "target", "msg": "[    0.000000] rcu: Hierarchical RCU implementation."}
- {"dt": "2022-09-19T23:15:36.520214", "lvl": "target", "msg": "[    0.000000] rcu: \tRCU event tracing is enabled."}
- {"dt": "2022-09-19T23:15:36.533048", "lvl": "target", "msg": "[    0.000000] rcu: RCU calculated value of scheduler-enlistment delay is 25 jiffies."}
- {"dt": "2022-09-19T23:15:36.533364", "lvl": "target", "msg": "[    0.000000] NR_IRQS: 64, nr_irqs: 64, preallocated irqs: 0"}
- {"dt": "2022-09-19T23:15:36.536224", "lvl": "target", "msg": "[    0.000000] GIC: Adjusting CPU interface base to 0x00000000f902f000"}
- {"dt": "2022-09-19T23:15:36.549046", "lvl": "target", "msg": "[    0.000000] Root IRQ handler: gic_handle_irq"}
- {"dt": "2022-09-19T23:15:36.549359", "lvl": "target", "msg": "[    0.000000] GIC: Using split EOI/Deactivate mode"}
- {"dt": "2022-09-19T23:15:36.565040", "lvl": "target", "msg": "[    0.000000] random: get_random_bytes called from start_kernel+0x474/0x6d4 with crng_init=0"}
- {"dt": "2022-09-19T23:15:36.565354", "lvl": "target", "msg": "[    0.000000] arch_timer: cp15 timer(s) running at 99.99MHz (phys)."}
- {"dt": "2022-09-19T23:15:36.581047", "lvl": "target", "msg": "[    0.000000] clocksource: arch_sys_counter: mask: 0xffffffffffffff max_cycles: 0x171015c90f, max_idle_ns: 440795203080 ns"}
- {"dt": "2022-09-19T23:15:36.581362", "lvl": "target", "msg": "[    0.000000] sched_clock: 56 bits at 99MHz, resolution 10ns, wraps every 4398046511101ns"}
- {"dt": "2022-09-19T23:15:36.584222", "lvl": "target", "msg": "[    0.008293] Console: colour dummy device 80x25"}
- {"dt": "2022-09-19T23:15:36.597048", "lvl": "target", "msg": "[    0.012374] printk: console [tty0] enabled"}
- {"dt": "2022-09-19T23:15:36.597361", "lvl": "target", "msg": "[    0.016436] printk: bootconsole [cdns0] disabled"}
- {"dt": "2022-09-19T23:15:36.613048", "lvl": "target", "msg": "[    0.021044] Calibrating delay loop (skipped), value calculated using timer frequency.. 199.99 BogoMIPS (lpj=399996)"}
- {"dt": "2022-09-19T23:15:36.613363", "lvl": "target", "msg": "[    0.021061] pid_max: default: 32768 minimum: 301"}
- {"dt": "2022-09-19T23:15:36.616215", "lvl": "target", "msg": "[    0.021238] Mount-cache hash table entries: 8192 (order: 4, 65536 bytes, linear)"}
- {"dt": "2022-09-19T23:15:36.629047", "lvl": "target", "msg": "[    0.021260] Mountpoint-cache hash table entries: 8192 (order: 4, 65536 bytes, linear)"}
- {"dt": "2022-09-19T23:15:36.629362", "lvl": "target", "msg": "[    0.022236] rcu: Hierarchical SRCU implementation."}
- {"dt": "2022-09-19T23:15:36.632213", "lvl": "target", "msg": "[    0.022468] EFI services will not be available."}
- {"dt": "2022-09-19T23:15:36.645049", "lvl": "target", "msg": "[    0.022594] smp: Bringing up secondary CPUs ..."}
- {"dt": "2022-09-19T23:15:36.645364", "lvl": "target", "msg": "[    0.022942] Detected VIPT I-cache on CPU1"}
- {"dt": "2022-09-19T23:15:36.648240", "lvl": "target", "msg": "[    0.022980] CPU1: Booted secondary processor 0x0000000001 [0x410fd034]"}
- {"dt": "2022-09-19T23:15:36.661074", "lvl": "target", "msg": "[    0.023355] Detected VIPT I-cache on CPU2"}
- {"dt": "2022-09-19T23:15:36.661383", "lvl": "target", "msg": "[    0.023377] CPU2: Booted secondary processor 0x0000000002 [0x410fd034]"}
- {"dt": "2022-09-19T23:15:36.664260", "lvl": "target", "msg": "[    0.023715] Detected VIPT I-cache on CPU3"}
- {"dt": "2022-09-19T23:15:36.677052", "lvl": "target", "msg": "[    0.023736] CPU3: Booted secondary processor 0x0000000003 [0x410fd034]"}
- {"dt": "2022-09-19T23:15:36.677365", "lvl": "target", "msg": "[    0.023776] smp: Brought up 1 node, 4 CPUs"}
- {"dt": "2022-09-19T23:15:36.680240", "lvl": "target", "msg": "[    0.023809] SMP: Total of 4 processors activated."}
- {"dt": "2022-09-19T23:15:36.693097", "lvl": "target", "msg": "[    0.023816] CPU features: detected: 32-bit EL0 Support"}
- {"dt": "2022-09-19T23:15:36.693408", "lvl": "target", "msg": "[    0.023824] CPU features: detected: CRC32 instructions"}
- {"dt": "2022-09-19T23:15:36.693649", "lvl": "target", "msg": "[    0.023864] CPU: All CPU(s) started at EL2"}
- {"dt": "2022-09-19T23:15:36.696281", "lvl": "target", "msg": "[    0.023881] alternatives: patching kernel code"}
- {"dt": "2022-09-19T23:15:36.709069", "lvl": "target", "msg": "[    0.024888] devtmpfs: initialized"}
- {"dt": "2022-09-19T23:15:36.709380", "lvl": "target", "msg": "[    0.030103] clocksource: jiffies: mask: 0xffffffff max_cycles: 0xffffffff, max_idle_ns: 7645041785100000 ns"}
- {"dt": "2022-09-19T23:15:36.725096", "lvl": "target", "msg": "[    0.030130] futex hash table entries: 1024 (order: 4, 65536 bytes, linear)"}
- {"dt": "2022-09-19T23:15:36.725409", "lvl": "target", "msg": "[    0.037862] pinctrl core: initialized pinctrl subsystem"}
- {"dt": "2022-09-19T23:15:36.725649", "lvl": "target", "msg": "[    0.038304] DMI not present or invalid."}
- {"dt": "2022-09-19T23:15:36.741052", "lvl": "target", "msg": "[    0.038520] NET: Registered PF_NETLINK/PF_ROUTE protocol family"}
- {"dt": "2022-09-19T23:15:36.741364", "lvl": "target", "msg": "[    0.039485] DMA: preallocated 512 KiB GFP_KERNEL pool for atomic allocations"}
- {"dt": "2022-09-19T23:15:36.744242", "lvl": "target", "msg": "[    0.039578] DMA: preallocated 512 KiB GFP_KERNEL|GFP_DMA32 pool for atomic allocations"}
- {"dt": "2022-09-19T23:15:36.757091", "lvl": "target", "msg": "[    0.039621] audit: initializing netlink subsys (disabled)"}
- {"dt": "2022-09-19T23:15:36.760285", "lvl": "target", "msg": "[    0.039699] audit: type=2000 audit(0.032:1): state=initialized audit_enabled=0 res=1"}
- {"dt": "2022-09-19T23:15:36.773091", "lvl": "target", "msg": "[    0.040039] hw-breakpoint: found 6 breakpoint and 4 watchpoint registers."}
- {"dt": "2022-09-19T23:15:36.773402", "lvl": "target", "msg": "[    0.040102] ASID allocator initialised with 65536 entries"}
- {"dt": "2022-09-19T23:15:36.776280", "lvl": "target", "msg": "[    0.040203] Serial: AMBA PL011 UART driver"}
- {"dt": "2022-09-19T23:15:36.789101", "lvl": "target", "msg": "[    0.057486] HugeTLB registered 1.00 GiB page size, pre-allocated 0 pages"}
- {"dt": "2022-09-19T23:15:36.789410", "lvl": "target", "msg": "[    0.057510] HugeTLB registered 32.0 MiB page size, pre-allocated 0 pages"}
- {"dt": "2022-09-19T23:15:36.805095", "lvl": "target", "msg": "[    0.057520] HugeTLB registered 2.00 MiB page size, pre-allocated 0 pages"}
- {"dt": "2022-09-19T23:15:36.805408", "lvl": "target", "msg": "[    0.057530] HugeTLB registered 64.0 KiB page size, pre-allocated 0 pages"}
- {"dt": "2022-09-19T23:15:36.808281", "lvl": "target", "msg": "[    1.020207] cryptd: max_cpu_qlen set to 1000"}
- {"dt": "2022-09-19T23:15:36.821093", "lvl": "target", "msg": "[    1.042405] DRBG: Continuing without Jitter RNG"}
- {"dt": "2022-09-19T23:15:36.821402", "lvl": "target", "msg": "[    1.141795] raid6: neonx8   gen()  2361 MB/s"}
- {"dt": "2022-09-19T23:15:36.821641", "lvl": "target", "msg": "[    1.209844] raid6: neonx8   xor()  1763 MB/s"}
- {"dt": "2022-09-19T23:15:36.824278", "lvl": "target", "msg": "[    1.277901] raid6: neonx4   gen()  2421 MB/s"}
- {"dt": "2022-09-19T23:15:36.837091", "lvl": "target", "msg": "[    1.345956] raid6: neonx4   xor()  1729 MB/s"}
- {"dt": "2022-09-19T23:15:36.837400", "lvl": "target", "msg": "[    1.414014] raid6: neonx2   gen()  2296 MB/s"}
- {"dt": "2022-09-19T23:15:36.837641", "lvl": "target", "msg": "[    1.482069] raid6: neonx2   xor()  1582 MB/s"}
- {"dt": "2022-09-19T23:15:36.840276", "lvl": "target", "msg": "[    1.550126] raid6: neonx1   gen()  1960 MB/s"}
- {"dt": "2022-09-19T23:15:36.853091", "lvl": "target", "msg": "[    1.618175] raid6: neonx1   xor()  1348 MB/s"}
- {"dt": "2022-09-19T23:15:36.853400", "lvl": "target", "msg": "[    1.686233] raid6: int64x8  gen()  1518 MB/s"}
- {"dt": "2022-09-19T23:15:36.853641", "lvl": "target", "msg": "[    1.754278] raid6: int64x8  xor()   859 MB/s"}
- {"dt": "2022-09-19T23:15:36.856275", "lvl": "target", "msg": "[    1.822347] raid6: int64x4  gen()  1776 MB/s"}
- {"dt": "2022-09-19T23:15:36.869086", "lvl": "target", "msg": "[    1.890393] raid6: int64x4  xor()   942 MB/s"}
- {"dt": "2022-09-19T23:15:36.869397", "lvl": "target", "msg": "[    1.958459] raid6: int64x2  gen()  1552 MB/s"}
- {"dt": "2022-09-19T23:15:36.872272", "lvl": "target", "msg": "[    2.026515] raid6: int64x2  xor()   829 MB/s"}
- {"dt": "2022-09-19T23:15:36.885091", "lvl": "target", "msg": "[    2.094591] raid6: int64x1  gen()  1148 MB/s"}
- {"dt": "2022-09-19T23:15:36.885401", "lvl": "target", "msg": "[    2.162644] raid6: int64x1  xor()   575 MB/s"}
- {"dt": "2022-09-19T23:15:36.885642", "lvl": "target", "msg": "[    2.162653] raid6: using algorithm neonx4 gen() 2421 MB/s"}
- {"dt": "2022-09-19T23:15:36.888274", "lvl": "target", "msg": "[    2.162662] raid6: .... xor() 1729 MB/s, rmw enabled"}
- {"dt": "2022-09-19T23:15:36.901053", "lvl": "target", "msg": "[    2.162670] raid6: using neon recovery algorithm"}
- {"dt": "2022-09-19T23:15:36.901365", "lvl": "target", "msg": "[    2.163121] iommu: Default domain type: Translated "}
- {"dt": "2022-09-19T23:15:36.904243", "lvl": "target", "msg": "[    2.163132] iommu: DMA domain TLB invalidation policy: strict mode "}
- {"dt": "2022-09-19T23:15:36.917095", "lvl": "target", "msg": "[    2.163340] SCSI subsystem initialized"}
- {"dt": "2022-09-19T23:15:36.917403", "lvl": "target", "msg": "[    2.163481] usbcore: registered new interface driver usbfs"}
- {"dt": "2022-09-19T23:15:36.920280", "lvl": "target", "msg": "[    2.163516] usbcore: registered new interface driver hub"}
- {"dt": "2022-09-19T23:15:36.933090", "lvl": "target", "msg": "[    2.163542] usbcore: registered new device driver usb"}
- {"dt": "2022-09-19T23:15:36.933401", "lvl": "target", "msg": "[    2.163595] mc: Linux media interface: v0.10"}
- {"dt": "2022-09-19T23:15:36.936276", "lvl": "target", "msg": "[    2.163618] videodev: Linux video capture interface: v2.00"}
- {"dt": "2022-09-19T23:15:36.949056", "lvl": "target", "msg": "[    2.163655] pps_core: LinuxPPS API ver. 1 registered"}
- {"dt": "2022-09-19T23:15:36.949367", "lvl": "target", "msg": "[    2.163664] pps_core: Software ver. 5.3.6 - Copyright 2005-2007 Rodolfo Giometti <giometti@linux.it>"}
- {"dt": "2022-09-19T23:15:36.952244", "lvl": "target", "msg": "[    2.163683] PTP clock support registered"}
- {"dt": "2022-09-19T23:15:36.965090", "lvl": "target", "msg": "[    2.163710] EDAC MC: Ver: 3.0.0"}
- {"dt": "2022-09-19T23:15:36.965407", "lvl": "target", "msg": "[    2.163976] zynqmp-ipi-mbox mailbox@ff990400: Registered ZynqMP IPI mbox with TX/RX channels."}
- {"dt": "2022-09-19T23:15:36.968275", "lvl": "target", "msg": "[    2.164165] FPGA manager framework"}
- {"dt": "2022-09-19T23:15:36.981057", "lvl": "target", "msg": "[    2.164264] Advanced Linux Sound Architecture Driver Initialized."}
- {"dt": "2022-09-19T23:15:36.981368", "lvl": "target", "msg": "[    2.164558] Bluetooth: Core ver 2.22"}
- {"dt": "2022-09-19T23:15:36.984251", "lvl": "target", "msg": "[    2.164582] NET: Registered PF_BLUETOOTH protocol family"}
- {"dt": "2022-09-19T23:15:36.997100", "lvl": "target", "msg": "[    2.164591] Bluetooth: HCI device and connection manager initialized"}
- {"dt": "2022-09-19T23:15:36.997412", "lvl": "target", "msg": "[    2.164603] Bluetooth: HCI socket layer initialized"}
- {"dt": "2022-09-19T23:15:37.000286", "lvl": "target", "msg": "[    2.164612] Bluetooth: L2CAP socket layer initialized"}
- {"dt": "2022-09-19T23:15:37.013092", "lvl": "target", "msg": "[    2.164627] Bluetooth: SCO socket layer initialized"}
- {"dt": "2022-09-19T23:15:37.013404", "lvl": "target", "msg": "[    2.164943] clocksource: Switched to clocksource arch_sys_counter"}
- {"dt": "2022-09-19T23:15:37.013646", "lvl": "target", "msg": "[    2.165058] VFS: Disk quotas dquot_6.6.0"}
- {"dt": "2022-09-19T23:15:37.029090", "lvl": "target", "msg": "[    2.165097] VFS: Dquot-cache hash table entries: 512 (order 0, 4096 bytes)"}
- {"dt": "2022-09-19T23:15:37.029402", "lvl": "target", "msg": "[    2.168884] NET: Registered PF_INET protocol family"}
- {"dt": "2022-09-19T23:15:37.032274", "lvl": "target", "msg": "[    2.169029] IP idents hash table entries: 65536 (order: 7, 524288 bytes, linear)"}
- {"dt": "2022-09-19T23:15:37.045094", "lvl": "target", "msg": "[    2.170462] tcp_listen_portaddr_hash hash table entries: 2048 (order: 3, 32768 bytes, linear)"}
- {"dt": "2022-09-19T23:15:37.048278", "lvl": "target", "msg": "[    2.170512] TCP established hash table entries: 32768 (order: 6, 262144 bytes, linear)"}
- {"dt": "2022-09-19T23:15:37.061088", "lvl": "target", "msg": "[    2.170705] TCP bind hash table entries: 32768 (order: 7, 524288 bytes, linear)"}
- {"dt": "2022-09-19T23:15:37.064274", "lvl": "target", "msg": "[    2.171071] TCP: Hash tables configured (established 32768 bind 32768)"}
- {"dt": "2022-09-19T23:15:37.077056", "lvl": "target", "msg": "[    2.171145] UDP hash table entries: 2048 (order: 4, 65536 bytes, linear)"}
- {"dt": "2022-09-19T23:15:37.077369", "lvl": "target", "msg": "[    2.171220] UDP-Lite hash table entries: 2048 (order: 4, 65536 bytes, linear)"}
- {"dt": "2022-09-19T23:15:37.080244", "lvl": "target", "msg": "[    2.171367] NET: Registered PF_UNIX/PF_LOCAL protocol family"}
- {"dt": "2022-09-19T23:15:37.093090", "lvl": "target", "msg": "[    2.171657] RPC: Registered named UNIX socket transport module."}
- {"dt": "2022-09-19T23:15:37.093401", "lvl": "target", "msg": "[    2.171668] RPC: Registered udp transport module."}
- {"dt": "2022-09-19T23:15:37.096255", "lvl": "target", "msg": "[    2.171676] RPC: Registered tcp transport module."}
- {"dt": "2022-09-19T23:15:37.109094", "lvl": "target", "msg": "[    2.171683] RPC: Registered tcp NFSv4.1 backchannel transport module."}
- {"dt": "2022-09-19T23:15:37.109406", "lvl": "target", "msg": "[    2.172237] PCI: CLS 0 bytes, default 64"}
- {"dt": "2022-09-19T23:15:37.112263", "lvl": "target", "msg": "[    2.172376] Trying to unpack rootfs image as initramfs..."}
- {"dt": "2022-09-19T23:15:37.125126", "lvl": "target", "msg": "[    2.181664] armv8-pmu pmu: hw perfevents: no interrupt-affinity property, guessing."}
- {"dt": "2022-09-19T23:15:37.128287", "lvl": "target", "msg": "[    2.182106] hw perfevents: enabled with armv8_pmuv3 PMU driver, 7 counters available"}
- {"dt": "2022-09-19T23:15:37.141160", "lvl": "target", "msg": "[    2.305782] Freeing initrd memory: 3528K"}
- {"dt": "2022-09-19T23:15:37.141455", "lvl": "target", "msg": "[    2.357627] Initialise system trusted keyrings"}
- {"dt": "2022-09-19T23:15:37.144309", "lvl": "target", "msg": "[    2.357730] workingset: timestamp_bits=46 max_order=20 bucket_order=0"}
- {"dt": "2022-09-19T23:15:37.157095", "lvl": "target", "msg": "[    2.358381] NFS: Registering the id_resolver key type"}
- {"dt": "2022-09-19T23:15:37.157406", "lvl": "target", "msg": "[    2.358399] Key type id_resolver registered"}
- {"dt": "2022-09-19T23:15:37.157644", "lvl": "target", "msg": "[    2.358407] Key type id_legacy registered"}
- {"dt": "2022-09-19T23:15:37.173090", "lvl": "target", "msg": "[    2.358430] nfs4filelayout_init: NFSv4 File Layout Driver Registering..."}
- {"dt": "2022-09-19T23:15:37.173403", "lvl": "target", "msg": "[    2.358440] nfs4flexfilelayout_init: NFSv4 Flexfile Layout Driver Registering..."}
- {"dt": "2022-09-19T23:15:37.176268", "lvl": "target", "msg": "[    2.358462] jffs2: version 2.2. (NAND) (SUMMARY)  \xA9 2001-2006 Red Hat, Inc."}
- {"dt": "2022-09-19T23:15:37.189092", "lvl": "target", "msg": "[    2.389885] NET: Registered PF_ALG protocol family"}
- {"dt": "2022-09-19T23:15:37.189403", "lvl": "target", "msg": "[    2.389901] xor: measuring software checksum speed"}
- {"dt": "2022-09-19T23:15:37.192263", "lvl": "target", "msg": "[    2.393665]    8regs           :  2626 MB/sec"}
- {"dt": "2022-09-19T23:15:37.205094", "lvl": "target", "msg": "[    2.396836]    32regs          :  3110 MB/sec"}
- {"dt": "2022-09-19T23:15:37.205404", "lvl": "target", "msg": "[    2.400684]    arm64_neon      :  2564 MB/sec"}
- {"dt": "2022-09-19T23:15:37.205644", "lvl": "target", "msg": "[    2.400693] xor: using function: 32regs (3110 MB/sec)"}
- {"dt": "2022-09-19T23:15:37.208264", "lvl": "target", "msg": "[    2.400703] Key type asymmetric registered"}
- {"dt": "2022-09-19T23:15:37.221129", "lvl": "target", "msg": "[    2.400711] Asymmetric key parser 'x509' registered"}
- {"dt": "2022-09-19T23:15:37.221440", "lvl": "target", "msg": "[    2.400758] Block layer SCSI generic (bsg) driver version 0.4 loaded (major 244)"}
- {"dt": "2022-09-19T23:15:37.224300", "lvl": "target", "msg": "[    2.400771] io scheduler mq-deadline registered"}
- {"dt": "2022-09-19T23:15:37.237112", "lvl": "target", "msg": "[    2.400779] io scheduler kyber registered"}
- {"dt": "2022-09-19T23:15:37.237423", "lvl": "target", "msg": "[    2.425552] Serial: 8250/16550 driver, 4 ports, IRQ sharing disabled"}
- {"dt": "2022-09-19T23:15:37.240297", "lvl": "target", "msg": "[    2.426548] Serial: AMBA driver"}
- {"dt": "2022-09-19T23:15:37.253103", "lvl": "target", "msg": "[    2.427278] cacheinfo: Unable to detect cache hierarchy for CPU 0"}
- {"dt": "2022-09-19T23:15:37.253420", "lvl": "target", "msg": "[    2.431260] brd: module loaded"}
- {"dt": "2022-09-19T23:15:37.253661", "lvl": "target", "msg": "[    2.434424] loop: module loaded"}
- {"dt": "2022-09-19T23:15:37.256277", "lvl": "target", "msg": "[    2.435208] mtdoops: mtd device (mtddev=name/number) must be supplied"}
- {"dt": "2022-09-19T23:15:37.269117", "lvl": "target", "msg": "[    2.437772] tun: Universal TUN/TAP device driver, 1.6"}
- {"dt": "2022-09-19T23:15:37.269425", "lvl": "target", "msg": "[    2.437850] CAN device driver interface"}
- {"dt": "2022-09-19T23:15:37.272290", "lvl": "target", "msg": "[    2.438373] SPI driver wl1271_spi has no spi_device_id for ti,wl1271"}
- {"dt": "2022-09-19T23:15:37.284990", "lvl": "target", "msg": "[    2.438383] SPI driver wl1271_spi has no spi_device_id for ti,wl1273"}
- {"dt": "2022-09-19T23:15:37.288162", "lvl": "target", "msg": "[    2.438392] SPI driver wl1271_spi has no spi_device_id for ti,wl1281"}
- {"dt": "2022-09-19T23:15:37.301009", "lvl": "target", "msg": "[    2.438401] SPI driver wl1271_spi has no spi_device_id for ti,wl1283"}
- {"dt": "2022-09-19T23:15:37.301323", "lvl": "target", "msg": "[    2.438409] SPI driver wl1271_spi has no spi_device_id for ti,wl1285"}
- {"dt": "2022-09-19T23:15:37.304180", "lvl": "target", "msg": "[    2.438417] SPI driver wl1271_spi has no spi_device_id for ti,wl1801"}
- {"dt": "2022-09-19T23:15:37.316999", "lvl": "target", "msg": "[    2.438426] SPI driver wl1271_spi has no spi_device_id for ti,wl1805"}
- {"dt": "2022-09-19T23:15:37.320163", "lvl": "target", "msg": "[    2.438434] SPI driver wl1271_spi has no spi_device_id for ti,wl1807"}
- {"dt": "2022-09-19T23:15:37.333030", "lvl": "target", "msg": "[    2.438443] SPI driver wl1271_spi has no spi_device_id for ti,wl1831"}
- {"dt": "2022-09-19T23:15:37.333340", "lvl": "target", "msg": "[    2.438451] SPI driver wl1271_spi has no spi_device_id for ti,wl1835"}
- {"dt": "2022-09-19T23:15:37.336194", "lvl": "target", "msg": "[    2.438459] SPI driver wl1271_spi has no spi_device_id for ti,wl1837"}
- {"dt": "2022-09-19T23:15:37.348995", "lvl": "target", "msg": "[    2.438539] usbcore: registered new interface driver asix"}
- {"dt": "2022-09-19T23:15:37.352162", "lvl": "target", "msg": "[    2.438583] usbcore: registered new interface driver ax88179_178a"}
- {"dt": "2022-09-19T23:15:37.364998", "lvl": "target", "msg": "[    2.438609] usbcore: registered new interface driver cdc_ether"}
- {"dt": "2022-09-19T23:15:37.365311", "lvl": "target", "msg": "[    2.438634] usbcore: registered new interface driver net1080"}
- {"dt": "2022-09-19T23:15:37.368162", "lvl": "target", "msg": "[    2.438659] usbcore: registered new interface driver cdc_subset"}
- {"dt": "2022-09-19T23:15:37.380992", "lvl": "target", "msg": "[    2.438685] usbcore: registered new interface driver zaurus"}
- {"dt": "2022-09-19T23:15:37.381305", "lvl": "target", "msg": "[    2.438721] usbcore: registered new interface driver cdc_ncm"}
- {"dt": "2022-09-19T23:15:37.384167", "lvl": "target", "msg": "[    2.439343] usbcore: registered new interface driver uas"}
- {"dt": "2022-09-19T23:15:37.396992", "lvl": "target", "msg": "[    2.439377] usbcore: registered new interface driver usb-storage"}
- {"dt": "2022-09-19T23:15:37.397304", "lvl": "target", "msg": "[    2.439982] rtc_zynqmp ffa60000.rtc: registered as rtc0"}
- {"dt": "2022-09-19T23:15:37.413009", "lvl": "target", "msg": "[    2.440003] rtc_zynqmp ffa60000.rtc: setting system clock to 1970-01-01T00:00:06 UTC (6)"}
- {"dt": "2022-09-19T23:15:37.413323", "lvl": "target", "msg": "[    2.440065] i2c_dev: i2c /dev entries driver"}
- {"dt": "2022-09-19T23:15:37.413565", "lvl": "target", "msg": "[    2.441472] usbcore: registered new interface driver uvcvideo"}
- {"dt": "2022-09-19T23:15:37.416171", "lvl": "target", "msg": "[    2.442194] Bluetooth: HCI UART driver ver 2.3"}
- {"dt": "2022-09-19T23:15:37.428981", "lvl": "target", "msg": "[    2.442205] Bluetooth: HCI UART protocol H4 registered"}
- {"dt": "2022-09-19T23:15:37.429297", "lvl": "target", "msg": "[    2.442214] Bluetooth: HCI UART protocol BCSP registered"}
- {"dt": "2022-09-19T23:15:37.432165", "lvl": "target", "msg": "[    2.442236] Bluetooth: HCI UART protocol LL registered"}
- {"dt": "2022-09-19T23:15:37.444977", "lvl": "target", "msg": "[    2.442245] Bluetooth: HCI UART protocol ATH3K registered"}
- {"dt": "2022-09-19T23:15:37.445294", "lvl": "target", "msg": "[    2.442265] Bluetooth: HCI UART protocol Three-wire (H5) registered"}
- {"dt": "2022-09-19T23:15:37.461015", "lvl": "target", "msg": "[    2.442303] Bluetooth: HCI UART protocol Intel registered"}
- {"dt": "2022-09-19T23:15:37.461326", "lvl": "target", "msg": "[    2.442324] Bluetooth: HCI UART protocol QCA registered"}
- {"dt": "2022-09-19T23:15:37.461566", "lvl": "target", "msg": "[    2.442353] usbcore: registered new interface driver bcm203x"}
- {"dt": "2022-09-19T23:15:37.476988", "lvl": "target", "msg": "[    2.442380] usbcore: registered new interface driver bpa10x"}
- {"dt": "2022-09-19T23:15:37.477310", "lvl": "target", "msg": "[    2.442411] usbcore: registered new interface driver bfusb"}
- {"dt": "2022-09-19T23:15:37.480160", "lvl": "target", "msg": "[    2.442439] usbcore: registered new interface driver btusb"}
- {"dt": "2022-09-19T23:15:37.493019", "lvl": "target", "msg": "[    2.442477] usbcore: registered new interface driver ath3k"}
- {"dt": "2022-09-19T23:15:37.493332", "lvl": "target", "msg": "[    2.442561] EDAC MC: ECC not enabled"}
- {"dt": "2022-09-19T23:15:37.496189", "lvl": "target", "msg": "[    2.442681] EDAC DEVICE0: Giving out device to module edac controller cache_err: DEV edac (POLLED)"}
- {"dt": "2022-09-19T23:15:37.508997", "lvl": "target", "msg": "[    2.442834] EDAC DEVICE1: Giving out device to module zynqmp-ocm-edac controller zynqmp_ocm: DEV ff960000.memory-controller (INTERRUPT)"}
- {"dt": "2022-09-19T23:15:37.512162", "lvl": "target", "msg": "[    2.443184] sdhci: Secure Digital Host Controller Interface driver"}
- {"dt": "2022-09-19T23:15:37.524993", "lvl": "target", "msg": "[    2.443194] sdhci: Copyright(c) Pierre Ossman"}
- {"dt": "2022-09-19T23:15:37.525302", "lvl": "target", "msg": "[    2.443201] sdhci-pltfm: SDHCI platform and OF driver helper"}
- {"dt": "2022-09-19T23:15:37.528163", "lvl": "target", "msg": "[    2.443521] ledtrig-cpu: registered to indicate activity on CPUs"}
- {"dt": "2022-09-19T23:15:37.540989", "lvl": "target", "msg": "[    2.443622] SMCCC: SOC_ID: ARCH_SOC_ID not implemented, skipping ...."}
- {"dt": "2022-09-19T23:15:37.544162", "lvl": "target", "msg": "[    2.443692] zynqmp_firmware_probe Platform Management API v1.1"}
- {"dt": "2022-09-19T23:15:37.556991", "lvl": "target", "msg": "[    2.443705] zynqmp_firmware_probe Trustzone version v1.0"}
- {"dt": "2022-09-19T23:15:37.557304", "lvl": "target", "msg": "[    2.471667] securefw securefw: securefw probed"}
- {"dt": "2022-09-19T23:15:37.560162", "lvl": "target", "msg": "[    2.471911] alg: No test for xilinx-zynqmp-aes (zynqmp-aes)"}
- {"dt": "2022-09-19T23:15:37.572992", "lvl": "target", "msg": "[    2.471947] zynqmp_aes firmware:zynqmp-firmware:zynqmp-aes: AES Successfully Registered"}
- {"dt": "2022-09-19T23:15:37.573305", "lvl": "target", "msg": "[    2.472115] alg: No test for xilinx-keccak-384 (zynqmp-keccak-384)"}
- {"dt": "2022-09-19T23:15:37.576163", "lvl": "target", "msg": "[    2.472284] alg: No test for xilinx-zynqmp-rsa (zynqmp-rsa)"}
- {"dt": "2022-09-19T23:15:37.589021", "lvl": "target", "msg": "[    2.472430] usbcore: registered new interface driver usbhid"}
- {"dt": "2022-09-19T23:15:37.589332", "lvl": "target", "msg": "[    2.472441] usbhid: USB HID core driver"}
- {"dt": "2022-09-19T23:15:37.592181", "lvl": "target", "msg": "[    2.475572] fpga_manager fpga0: Xilinx ZynqMP FPGA Manager registered"}
- {"dt": "2022-09-19T23:15:37.604985", "lvl": "target", "msg": "[    2.475941] usbcore: registered new interface driver snd-usb-audio"}
- {"dt": "2022-09-19T23:15:37.608157", "lvl": "target", "msg": "[    2.476658] pktgen: Packet Generator for packet performance testing. Version: 2.75"}
- {"dt": "2022-09-19T23:15:37.620993", "lvl": "target", "msg": "[    2.477387] Initializing XFRM netlink socket"}
- {"dt": "2022-09-19T23:15:37.621306", "lvl": "target", "msg": "[    2.477460] NET: Registered PF_INET6 protocol family"}
- {"dt": "2022-09-19T23:15:37.621546", "lvl": "target", "msg": "[    2.477900] Segment Routing with IPv6"}
- {"dt": "2022-09-19T23:15:37.624147", "lvl": "target", "msg": "[    2.477921] In-situ OAM (IOAM) with IPv6"}
- {"dt": "2022-09-19T23:15:37.636984", "lvl": "target", "msg": "[    2.477989] sit: IPv6, IPv4 and MPLS over IPv4 tunneling driver"}
- {"dt": "2022-09-19T23:15:37.637306", "lvl": "target", "msg": "[    2.478302] NET: Registered PF_PACKET protocol family"}
- {"dt": "2022-09-19T23:15:37.640133", "lvl": "target", "msg": "[    2.478320] NET: Registered PF_KEY protocol family"}
- {"dt": "2022-09-19T23:15:37.652988", "lvl": "target", "msg": "[    2.478341] can: controller area network core"}
- {"dt": "2022-09-19T23:15:37.653298", "lvl": "target", "msg": "[    2.478370] NET: Registered PF_CAN protocol family"}
- {"dt": "2022-09-19T23:15:37.653538", "lvl": "target", "msg": "[    2.478379] can: raw protocol"}
- {"dt": "2022-09-19T23:15:37.656136", "lvl": "target", "msg": "[    2.478388] can: broadcast manager protocol"}
- {"dt": "2022-09-19T23:15:37.669002", "lvl": "target", "msg": "[    2.478398] can: netlink gateway - max_hops=1"}
- {"dt": "2022-09-19T23:15:37.669314", "lvl": "target", "msg": "[    2.478471] Bluetooth: RFCOMM TTY layer initialized"}
- {"dt": "2022-09-19T23:15:37.672158", "lvl": "target", "msg": "[    2.478485] Bluetooth: RFCOMM socket layer initialized"}
- {"dt": "2022-09-19T23:15:37.672453", "lvl": "target", "msg": "[    2.478502] Bluetooth: RFCOMM ver 1.11"}
- {"dt": "2022-09-19T23:15:37.685008", "lvl": "target", "msg": "[    2.478514] Bluetooth: BNEP (Ethernet Emulation) ver 1.3"}
- {"dt": "2022-09-19T23:15:37.685320", "lvl": "target", "msg": "[    2.478523] Bluetooth: BNEP filters: protocol multicast"}
- {"dt": "2022-09-19T23:15:37.688165", "lvl": "target", "msg": "[    2.478533] Bluetooth: BNEP socket layer initialized"}
- {"dt": "2022-09-19T23:15:37.700976", "lvl": "target", "msg": "[    2.478541] Bluetooth: HIDP (Human Interface Emulation) ver 1.2"}
- {"dt": "2022-09-19T23:15:37.701289", "lvl": "target", "msg": "[    2.478551] Bluetooth: HIDP socket layer initialized"}
- {"dt": "2022-09-19T23:15:37.704132", "lvl": "target", "msg": "[    2.478584] 8021q: 802.1Q VLAN Support v1.8"}
- {"dt": "2022-09-19T23:15:37.717011", "lvl": "target", "msg": "[    2.478685] 9pnet: Installing 9P2000 support"}
- {"dt": "2022-09-19T23:15:37.717320", "lvl": "target", "msg": "[    2.478709] Key type dns_resolver registered"}
- {"dt": "2022-09-19T23:15:37.717559", "lvl": "target", "msg": "[    2.478809] registered taskstats version 1"}
- {"dt": "2022-09-19T23:15:37.720166", "lvl": "target", "msg": "[    2.478818] Loading compiled-in X.509 certificates"}
- {"dt": "2022-09-19T23:15:37.733006", "lvl": "target", "msg": "[    2.479842] Btrfs loaded, crc32c=crc32c-generic, zoned=no, fsverity=no"}
- {"dt": "2022-09-19T23:15:37.736178", "lvl": "target", "msg": "[    2.488394] ff010000.serial: ttyPS1 at MMIO 0xff010000 (irq = 52, base_baud = 6249999) is a xuartps"}
- {"dt": "2022-09-19T23:15:37.748986", "lvl": "target", "msg": "[    3.899194] printk: console [ttyPS1] enabled"}
- {"dt": "2022-09-19T23:15:37.749297", "lvl": "target", "msg": "[    3.903900] of-fpga-region fpga-full: FPGA Region probed"}
- {"dt": "2022-09-19T23:15:37.764953", "lvl": "target", "msg": "[    3.910077] xilinx-zynqmp-dma fd500000.dma-controller: ZynqMP DMA driver Probe success"}
- {"dt": "2022-09-19T23:15:37.765266", "lvl": "target", "msg": "[    3.918149] xilinx-zynqmp-dma fd510000.dma-controller: ZynqMP DMA driver Probe success"}
- {"dt": "2022-09-19T23:15:37.780967", "lvl": "target", "msg": "[    3.926220] xilinx-zynqmp-dma fd520000.dma-controller: ZynqMP DMA driver Probe success"}
- {"dt": "2022-09-19T23:15:37.781278", "lvl": "target", "msg": "[    3.934293] xilinx-zynqmp-dma fd530000.dma-controller: ZynqMP DMA driver Probe success"}
- {"dt": "2022-09-19T23:15:37.796961", "lvl": "target", "msg": "[    3.942369] xilinx-zynqmp-dma fd540000.dma-controller: ZynqMP DMA driver Probe success"}
- {"dt": "2022-09-19T23:15:37.797274", "lvl": "target", "msg": "[    3.950443] xilinx-zynqmp-dma fd550000.dma-controller: ZynqMP DMA driver Probe success"}
- {"dt": "2022-09-19T23:15:37.812911", "lvl": "target", "msg": "[    3.958518] xilinx-zynqmp-dma fd560000.dma-controller: ZynqMP DMA driver Probe success"}
- {"dt": "2022-09-19T23:15:37.813221", "lvl": "target", "msg": "[    3.966589] xilinx-zynqmp-dma fd570000.dma-controller: ZynqMP DMA driver Probe success"}
- {"dt": "2022-09-19T23:15:37.828952", "lvl": "target", "msg": "[    3.974728] xilinx-zynqmp-dma ffa80000.dma-controller: ZynqMP DMA driver Probe success"}
- {"dt": "2022-09-19T23:15:37.829264", "lvl": "target", "msg": "[    3.982804] xilinx-zynqmp-dma ffa90000.dma-controller: ZynqMP DMA driver Probe success"}
- {"dt": "2022-09-19T23:15:37.844951", "lvl": "target", "msg": "[    3.990876] xilinx-zynqmp-dma ffaa0000.dma-controller: ZynqMP DMA driver Probe success"}
- {"dt": "2022-09-19T23:15:37.845265", "lvl": "target", "msg": "[    3.998949] xilinx-zynqmp-dma ffab0000.dma-controller: ZynqMP DMA driver Probe success"}
- {"dt": "2022-09-19T23:15:37.860951", "lvl": "target", "msg": "[    4.007022] xilinx-zynqmp-dma ffac0000.dma-controller: ZynqMP DMA driver Probe success"}
- {"dt": "2022-09-19T23:15:37.861262", "lvl": "target", "msg": "[    4.015092] xilinx-zynqmp-dma ffad0000.dma-controller: ZynqMP DMA driver Probe success"}
- {"dt": "2022-09-19T23:15:37.876992", "lvl": "target", "msg": "[    4.023167] xilinx-zynqmp-dma ffae0000.dma-controller: ZynqMP DMA driver Probe success"}
- {"dt": "2022-09-19T23:15:37.877305", "lvl": "target", "msg": "[    4.031240] xilinx-zynqmp-dma ffaf0000.dma-controller: ZynqMP DMA driver Probe success"}
- {"dt": "2022-09-19T23:15:37.892946", "lvl": "target", "msg": "[    4.039624] xilinx-zynqmp-dpdma fd4c0000.dma-controller: Xilinx DPDMA engine is probed"}
- {"dt": "2022-09-19T23:15:37.896095", "lvl": "target", "msg": "[    4.050777] zynqmp-display fd4a0000.display: vtc bridge property not present"}
- {"dt": "2022-09-19T23:15:37.908983", "lvl": "target", "msg": "[    4.060673] xilinx-dp-snd-codec fd4a0000.display:zynqmp_dp_snd_codec0: Xilinx DisplayPort Sound Codec probed"}
- {"dt": "2022-09-19T23:15:37.924970", "lvl": "target", "msg": "[    4.070741] xilinx-dp-snd-pcm zynqmp_dp_snd_pcm0: Xilinx DisplayPort Sound PCM probed"}
- {"dt": "2022-09-19T23:15:37.925286", "lvl": "target", "msg": "[    4.078773] xilinx-dp-snd-pcm zynqmp_dp_snd_pcm1: Xilinx DisplayPort Sound PCM probed"}
- {"dt": "2022-09-19T23:15:37.940985", "lvl": "target", "msg": "[    4.087689] xilinx-dp-snd-card fd4a0000.display:zynqmp_dp_snd_card: Xilinx DisplayPort Sound Card probed"}
- {"dt": "2022-09-19T23:15:37.944137", "lvl": "target", "msg": "[    4.091653] zynqmp_pll_disable() clock disable failed for dpll_int, ret = -13"}
- {"dt": "2022-09-19T23:15:37.956979", "lvl": "target", "msg": "[    4.097264] OF: graph: no port node found in /axi/display@fd4a0000"}
- {"dt": "2022-09-19T23:15:37.960121", "lvl": "target", "msg": "[    4.110803] xlnx-drm xlnx-drm.0: bound fd4a0000.display (ops 0xffff800008f031e0)"}
- {"dt": "2022-09-19T23:15:38.180909", "lvl": "target", "msg": "[    4.316553] Console: switching to colour frame buffer device 128x48"}
- {"dt": "2022-09-19T23:15:38.184129", "lvl": "target", "msg": "[    4.339521] zynqmp-display fd4a0000.display: [drm] fb0: xlnxdrmfb frame buffer device"}
- {"dt": "2022-09-19T23:15:38.196910", "lvl": "target", "msg": "[    4.347630] [drm] Initialized xlnx 1.0.0 20130509 for fd4a0000.display on minor 0"}
- {"dt": "2022-09-19T23:15:38.200132", "lvl": "target", "msg": "[    4.355181] zynqmp-display fd4a0000.display: ZynqMP DisplayPort Subsystem driver probed"}
- {"dt": "2022-09-19T23:15:38.212922", "lvl": "target", "msg": "[    4.364966] spi-nor spi0.0: mt25qu512a (65536 Kbytes)"}
- {"dt": "2022-09-19T23:15:38.216127", "lvl": "target", "msg": "[    4.370128] 16 fixed-partitions partitions found on MTD device spi0.0"}
- {"dt": "2022-09-19T23:15:38.228928", "lvl": "target", "msg": "[    4.376629] Creating 16 MTD partitions on \\\"spi0.0\\\":"}
- {"dt": "2022-09-19T23:15:38.229237", "lvl": "target", "msg": "[    4.381556] 0x000000000000-0x000000080000 : \\\"Image Selector\\\""}
- {"dt": "2022-09-19T23:15:38.232129", "lvl": "target", "msg": "[    4.388085] 0x000000080000-0x000000100000 : \\\"Image Selector Golden\\\""}
- {"dt": "2022-09-19T23:15:38.244923", "lvl": "target", "msg": "[    4.394736] tpm_tis_spi spi2.0: 2.0 TPM (device-id 0x1B, rev-id 22)"}
- {"dt": "2022-09-19T23:15:38.245236", "lvl": "target", "msg": "[    4.395140] 0x000000100000-0x000000120000 : \\\"Persistent Register\\\""}
- {"dt": "2022-09-19T23:15:38.260964", "lvl": "target", "msg": "[    4.407917] 0x000000120000-0x000000140000 : \\\"Persistent Register Backup\\\""}
- {"dt": "2022-09-19T23:15:38.261276", "lvl": "target", "msg": "[    4.415376] 0x000000140000-0x000000200000 : \\\"Open_1\\\""}
- {"dt": "2022-09-19T23:15:38.264135", "lvl": "target", "msg": "[    4.420639] tpm tpm0: A TPM error (256) occurred attempting the self test"}
- {"dt": "2022-09-19T23:15:38.276964", "lvl": "target", "msg": "[    4.421113] 0x000000200000-0x000000f00000 : \\\"Image A (FSBL, PMU, ATF, U-Boot)\\\""}
- {"dt": "2022-09-19T23:15:38.277279", "lvl": "target", "msg": "[    4.427475] tpm tpm0: starting up the TPM manually"}
- {"dt": "2022-09-19T23:15:38.292975", "lvl": "target", "msg": "[    4.435397] 0x000000f00000-0x000000f80000 : \\\"ImgSel Image A Catch\\\""}
- {"dt": "2022-09-19T23:15:38.293286", "lvl": "target", "msg": "[    4.446465] 0x000000f80000-0x000001c80000 : \\\"Image B (FSBL, PMU, ATF, U-Boot)\\\""}
- {"dt": "2022-09-19T23:15:38.296143", "lvl": "target", "msg": "[    4.446475] random: fast init done"}
- {"dt": "2022-09-19T23:15:38.308966", "lvl": "target", "msg": "[    4.457891] 0x000001c80000-0x000001d00000 : \\\"ImgSel Image B Catch\\\""}
- {"dt": "2022-09-19T23:15:38.309280", "lvl": "target", "msg": "[    4.464797] 0x000001d00000-0x000001e00000 : \\\"Open_2\\\""}
- {"dt": "2022-09-19T23:15:38.312120", "lvl": "target", "msg": "[    4.470519] 0x000001e00000-0x000002000000 : \\\"Recovery Image\\\""}
- {"dt": "2022-09-19T23:15:38.324884", "lvl": "target", "msg": "[    4.476915] 0x000002000000-0x000002200000 : \\\"Recovery Image Backup\\\""}
- {"dt": "2022-09-19T23:15:38.327982", "lvl": "target", "msg": "[    4.483952] 0x000002200000-0x000002220000 : \\\"U-Boot storage variables\\\""}
- {"dt": "2022-09-19T23:15:38.340946", "lvl": "target", "msg": "[    4.493208] 0x000002220000-0x000002240000 : \\\"U-Boot storage variables backup\\\""}
- {"dt": "2022-09-19T23:15:38.345317", "lvl": "target", "msg": "[    4.503034] 0x000002240000-0x000002250000 : \\\"SHA256\\\""}
- {"dt": "2022-09-19T23:15:38.356890", "lvl": "target", "msg": "[    4.510655] 0x000002250000-0x000004000000 : \\\"User\\\""}
- {"dt": "2022-09-19T23:15:38.372874", "lvl": "target", "msg": "[    4.519908] macb ff0e0000.ethernet: Not enabling partial store and forward"}
- {"dt": "2022-09-19T23:15:38.388966", "lvl": "target", "msg": "[    4.533288] macb ff0e0000.ethernet eth0: Cadence GEM rev 0x50070106 at 0xff0e0000 irq 37 (00:0a:35:0e:88:50)"}
- {"dt": "2022-09-19T23:15:38.389363", "lvl": "target", "msg": "[    4.545560] xilinx-axipmon ffa00000.perf-monitor: Probed Xilinx APM"}
- {"dt": "2022-09-19T23:15:38.404939", "lvl": "target", "msg": "[    4.554068] xilinx-axipmon fd0b0000.perf-monitor: Probed Xilinx APM"}
- {"dt": "2022-09-19T23:15:38.405262", "lvl": "target", "msg": "[    4.562466] xilinx-axipmon fd490000.perf-monitor: Probed Xilinx APM"}
- {"dt": "2022-09-19T23:15:38.424076", "lvl": "target", "msg": "[    4.570826] xilinx-axipmon ffa10000.perf-monitor: Probed Xilinx APM"}
- {"dt": "2022-09-19T23:15:38.452956", "lvl": "target", "msg": "[    4.602303] xhci-hcd xhci-hcd.1.auto: xHCI Host Controller"}
- {"dt": "2022-09-19T23:15:38.453289", "lvl": "target", "msg": "[    4.609618] xhci-hcd xhci-hcd.1.auto: new USB bus registered, assigned bus number 1"}
- {"dt": "2022-09-19T23:15:38.468963", "lvl": "target", "msg": "[    4.619203] xhci-hcd xhci-hcd.1.auto: hcc params 0x0238f625 hci version 0x100 quirks 0x0000000002010810"}
- {"dt": "2022-09-19T23:15:38.472115", "lvl": "target", "msg": "[    4.630444] xhci-hcd xhci-hcd.1.auto: irq 58, io mem 0xfe200000"}
- {"dt": "2022-09-19T23:15:38.484963", "lvl": "target", "msg": "[    4.638359] usb usb1: New USB device found, idVendor=1d6b, idProduct=0002, bcdDevice= 5.15"}
- {"dt": "2022-09-19T23:15:38.500960", "lvl": "target", "msg": "[    4.648441] usb usb1: New USB device strings: Mfr=3, Product=2, SerialNumber=1"}
- {"dt": "2022-09-19T23:15:38.501272", "lvl": "target", "msg": "[    4.657457] usb usb1: Product: xHCI Host Controller"}
- {"dt": "2022-09-19T23:15:38.516951", "lvl": "target", "msg": "[    4.664098] usb usb1: Manufacturer: Linux 5.15.19-xilinx-v2022.1 xhci-hcd"}
- {"dt": "2022-09-19T23:15:38.520088", "lvl": "target", "msg": "[    4.672657] usb usb1: SerialNumber: xhci-hcd.1.auto"}
- {"dt": "2022-09-19T23:15:38.520382", "lvl": "target", "msg": "[    4.679631] hub 1-0:1.0: USB hub found"}
- {"dt": "2022-09-19T23:15:38.532974", "lvl": "target", "msg": "[    4.685115] hub 1-0:1.0: 1 port detected"}
- {"dt": "2022-09-19T23:15:38.533286", "lvl": "target", "msg": "[    4.690898] xhci-hcd xhci-hcd.1.auto: xHCI Host Controller"}
- {"dt": "2022-09-19T23:15:38.548956", "lvl": "target", "msg": "[    4.698071] xhci-hcd xhci-hcd.1.auto: new USB bus registered, assigned bus number 2"}
- {"dt": "2022-09-19T23:15:38.552108", "lvl": "target", "msg": "[    4.707413] xhci-hcd xhci-hcd.1.auto: Host supports USB 3.0 SuperSpeed"}
- {"dt": "2022-09-19T23:15:38.564973", "lvl": "target", "msg": "[    4.715745] usb usb2: New USB device found, idVendor=1d6b, idProduct=0003, bcdDevice= 5.15"}
- {"dt": "2022-09-19T23:15:38.580954", "lvl": "target", "msg": "[    4.725686] usb usb2: New USB device strings: Mfr=3, Product=2, SerialNumber=1"}
- {"dt": "2022-09-19T23:15:38.581267", "lvl": "target", "msg": "[    4.734572] usb usb2: Product: xHCI Host Controller"}
- {"dt": "2022-09-19T23:15:38.584103", "lvl": "target", "msg": "[    4.741071] usb usb2: Manufacturer: Linux 5.15.19-xilinx-v2022.1 xhci-hcd"}
- {"dt": "2022-09-19T23:15:38.596968", "lvl": "target", "msg": "[    4.749482] usb usb2: SerialNumber: xhci-hcd.1.auto"}
- {"dt": "2022-09-19T23:15:38.597282", "lvl": "target", "msg": "[    4.756197] hub 2-0:1.0: USB hub found"}
- {"dt": "2022-09-19T23:15:38.612966", "lvl": "target", "msg": "[    4.761548] hub 2-0:1.0: 1 port detected"}
- {"dt": "2022-09-19T23:15:38.616099", "lvl": "target", "msg": "[    4.768826] at24 1-0050: supply vcc not found, using dummy regulator"}
- {"dt": "2022-09-19T23:15:38.628960", "lvl": "target", "msg": "[    4.777072] at24 1-0050: 8192 byte 24c64 EEPROM, writable, 1 bytes/write"}
- {"dt": "2022-09-19T23:15:38.629282", "lvl": "target", "msg": "[    4.785518] at24 1-0051: supply vcc not found, using dummy regulator"}
- {"dt": "2022-09-19T23:15:38.644962", "lvl": "target", "msg": "[    4.793755] at24 1-0051: 8192 byte 24c64 EEPROM, writable, 1 bytes/write"}
- {"dt": "2022-09-19T23:15:38.645277", "lvl": "target", "msg": "[    4.802252] cdns-i2c ff030000.i2c: 400 kHz mmio ff030000 irq 39"}
- {"dt": "2022-09-19T23:15:38.660956", "lvl": "target", "msg": "[    4.811202] cdns-wdt fd4d0000.watchdog: Xilinx Watchdog Timer with timeout 60s"}
- {"dt": "2022-09-19T23:15:38.664106", "lvl": "target", "msg": "[    4.820428] cdns-wdt ff150000.watchdog: Xilinx Watchdog Timer with timeout 10s"}
- {"dt": "2022-09-19T23:15:38.676963", "lvl": "target", "msg": "[    4.830315] zynqmp-pinctrl firmware:zynqmp-firmware:pinctrl: set mux failed for pin 13"}
- {"dt": "2022-09-19T23:15:38.692966", "lvl": "target", "msg": "[    4.832319] clk: couldn't set sdio1_ref clk rate to 187498123 (-16), current rate: 187499999"}
- {"dt": "2022-09-19T23:15:38.696136", "lvl": "target", "msg": "[    4.840051] sdhci-arasan ff160000.mmc: Error applying setting, reverse things back"}
- {"dt": "2022-09-19T23:15:38.708954", "lvl": "target", "msg": "[    4.840330] input: gpio-keys as /devices/platform/gpio-keys/input/input0"}
- {"dt": "2022-09-19T23:15:38.709263", "lvl": "target", "msg": "[    4.840618] of_cfs_init"}
- {"dt": "2022-09-19T23:15:38.709503", "lvl": "target", "msg": "[    4.840640] of_cfs_init: OK"}
- {"dt": "2022-09-19T23:15:38.724962", "lvl": "target", "msg": "[    4.840771] cfg80211: Loading compiled-in X.509 certificates for regulatory database"}
- {"dt": "2022-09-19T23:15:38.740970", "lvl": "target", "msg": "[    4.850423] clk: couldn't set sdio1_ref clk rate to 187498123 (-16), current rate: 187499999"}
- {"dt": "2022-09-19T23:15:38.741285", "lvl": "target", "msg": "[    4.859396] zynqmp_clk_divider_set_rate() set divider failed for sdio0_ref_div1, ret = -13"}
- {"dt": "2022-09-19T23:15:38.756953", "lvl": "target", "msg": "[    4.905553] zynqmp_gpd_attach_dev() domain13 request failed for node 39: -13"}
- {"dt": "2022-09-19T23:15:38.760043", "lvl": "target", "msg": "[    4.914347] sdhci-arasan ff160000.mmc: failed to add to PM domain domain13: -13"}
- {"dt": "2022-09-19T23:15:38.772952", "lvl": "target", "msg": "[    4.923433] sdhci-arasan: probe of ff160000.mmc failed with error -13"}
- {"dt": "2022-09-19T23:15:38.788960", "lvl": "target", "msg": "[    4.938766] mmc1: SDHCI controller on ff170000.mmc [ff170000.mmc] using ADMA 64-bit"}
- {"dt": "2022-09-19T23:15:38.792113", "lvl": "target", "msg": "[    4.944991] usb 1-1: new high-speed USB device number 2 using xhci-hcd"}
- {"dt": "2022-09-19T23:15:38.820952", "lvl": "target", "msg": "[    4.966749] cfg80211: Loaded X.509 cert 'sforshee: 00b28ddf47aef9cea7'"}
- {"dt": "2022-09-19T23:15:38.821265", "lvl": "target", "msg": "[    4.976212] ALSA device list:"}
- {"dt": "2022-09-19T23:15:38.824088", "lvl": "target", "msg": "[    4.980951]   #0: DisplayPort monitor"}
- {"dt": "2022-09-19T23:15:38.836961", "lvl": "target", "msg": "[    4.986683] platform regulatory.0: Direct firmware load for regulatory.db failed with error -2"}
- {"dt": "2022-09-19T23:15:38.840114", "lvl": "target", "msg": "[    4.997169] cfg80211: failed to load regulatory.db"}
- {"dt": "2022-09-19T23:15:38.900969", "lvl": "target", "msg": "[    5.055735] Freeing unused kernel memory: 2176K"}
- {"dt": "2022-09-19T23:15:38.904105", "lvl": "target", "msg": "[    5.062209] Run /init as init process"}
- {"dt": "2022-09-19T23:15:38.936078", "lvl": "target", "msg": "INIT: version 3.01 booting"}
- {"dt": "2022-09-19T23:15:38.948952", "lvl": "target", "msg": "[    5.101510] usb 1-1: New USB device found, idVendor=0424, idProduct=2744, bcdDevice= 2.21"}
- {"dt": "2022-09-19T23:15:38.964969", "lvl": "target", "msg": "[    5.111623] usb 1-1: New USB device strings: Mfr=1, Product=2, SerialNumber=0"}
- {"dt": "2022-09-19T23:15:38.968107", "lvl": "target", "msg": "[    5.120661] usb 1-1: Product: USB2744"}
- {"dt": "2022-09-19T23:15:38.968402", "lvl": "target", "msg": "[    5.126181] usb 1-1: Manufacturer: Microchip Tech"}
- {"dt": "2022-09-19T23:15:39.032064", "lvl": "target", "msg": "Starting udev"}
- {"dt": "2022-09-19T23:15:39.044960", "lvl": "target", "msg": "[    5.195837] hub 1-1:1.0: USB hub found"}
- {"dt": "2022-09-19T23:15:39.048097", "lvl": "target", "msg": "[    5.201682] hub 1-1:1.0: 5 ports detected"}
- {"dt": "2022-09-19T23:15:39.060965", "lvl": "target", "msg": "[    5.210268] udevd[265]: starting version 3.2.10"}
- {"dt": "2022-09-19T23:15:39.061279", "lvl": "target", "msg": "[    5.216913] random: udevd: uninitialized urandom read (16 bytes read)"}
- {"dt": "2022-09-19T23:15:39.076941", "lvl": "target", "msg": "[    5.225280] random: udevd: uninitialized urandom read (16 bytes read)"}
- {"dt": "2022-09-19T23:15:39.080094", "lvl": "target", "msg": "[    5.233566] random: udevd: uninitialized urandom read (16 bytes read)"}
- {"dt": "2022-09-19T23:15:39.096078", "lvl": "target", "msg": "[    5.246402] udevd[266]: starting eudev-3.2.10"}
- {"dt": "2022-09-19T23:15:39.112102", "lvl": "target", "msg": "[    5.259718] usb 2-1: new SuperSpeed USB device number 2 using xhci-hcd"}
- {"dt": "2022-09-19T23:15:39.140970", "lvl": "target", "msg": "[    5.285339] usb 2-1: New USB device found, idVendor=0424, idProduct=5744, bcdDevice= 2.21"}
- {"dt": "2022-09-19T23:15:39.141296", "lvl": "target", "msg": "[    5.295404] usb 2-1: New USB device strings: Mfr=2, Product=3, SerialNumber=0"}
- {"dt": "2022-09-19T23:15:39.144053", "lvl": "target", "msg": "[    5.304423] usb 2-1: Product: USB5744"}
- {"dt": "2022-09-19T23:15:39.160079", "lvl": "target", "msg": "[    5.309939] usb 2-1: Manufacturer: Microchip Tech"}
- {"dt": "2022-09-19T23:15:39.220965", "lvl": "target", "msg": "[    5.371851] hub 2-1:1.0: USB hub found"}
- {"dt": "2022-09-19T23:15:39.224103", "lvl": "target", "msg": "[    5.377630] hub 2-1:1.0: 4 ports detected"}
- {"dt": "2022-09-19T23:15:39.432091", "lvl": "target", "msg": "[    5.576971] usb 1-1.4: new high-speed USB device number 3 using xhci-hcd"}
- {"dt": "2022-09-19T23:15:39.540968", "lvl": "target", "msg": "[    5.690701] usb 1-1.4: New USB device found, idVendor=ffff, idProduct=5678, bcdDevice= 2.00"}
- {"dt": "2022-09-19T23:15:39.544097", "lvl": "target", "msg": "[    5.700981] usb 1-1.4: New USB device strings: Mfr=1, Product=2, SerialNumber=3"}
- {"dt": "2022-09-19T23:15:39.557075", "lvl": "target", "msg": "[    5.710154] usb 1-1.4: Product: Disk 2.0"}
- {"dt": "2022-09-19T23:15:39.560105", "lvl": "target", "msg": "[    5.710165] usb 1-1.4: Manufacturer: USB"}
- {"dt": "2022-09-19T23:15:39.572958", "lvl": "target", "msg": "[    5.710170] usb 1-1.4: SerialNumber: 9008081036552619038"}
- {"dt": "2022-09-19T23:15:39.576102", "lvl": "target", "msg": "[    5.711196] usb-storage 1-1.4:1.0: USB Mass Storage device detected"}
- {"dt": "2022-09-19T23:15:39.592063", "lvl": "target", "msg": "[    5.737439] scsi host0: usb-storage 1-1.4:1.0"}
- {"dt": "2022-09-19T23:15:39.652965", "lvl": "target", "msg": "[    5.797080] macb ff0e0000.ethernet eth0: PHY [ff0e0000.ethernet-ffffffff:01] driver [TI DP83867] (irq=POLL)"}
- {"dt": "2022-09-19T23:15:39.656100", "lvl": "target", "msg": "[    5.810413] macb ff0e0000.ethernet eth0: configuring for phy/rgmii-id link mode"}
- {"dt": "2022-09-19T23:15:39.668966", "lvl": "target", "msg": "[    5.820166] pps pps0: new PPS source ptp0"}
- {"dt": "2022-09-19T23:15:39.669279", "lvl": "target", "msg": "[    5.820961] usb 1-1.5: new high-speed USB device number 4 using xhci-hcd"}
- {"dt": "2022-09-19T23:15:39.688062", "lvl": "target", "msg": "[    5.834576] macb ff0e0000.ethernet: gem-ptp-timer ptp clock registered."}
- {"dt": "2022-09-19T23:15:39.780998", "lvl": "target", "msg": "[    5.933642] usb 1-1.5: New USB device found, idVendor=0424, idProduct=2740, bcdDevice= 2.00"}
- {"dt": "2022-09-19T23:15:39.796972", "lvl": "target", "msg": "[    5.943843] usb 1-1.5: New USB device strings: Mfr=1, Product=2, SerialNumber=0"}
- {"dt": "2022-09-19T23:15:39.797288", "lvl": "target", "msg": "[    5.952959] usb 1-1.5: Product: Hub Controller"}
- {"dt": "2022-09-19T23:15:39.800074", "lvl": "target", "msg": "[    5.959166] usb 1-1.5: Manufacturer: Microchip Tech"}
- {"dt": "2022-09-19T23:15:40.100884", "lvl": "target", "msg": "[    6.259829] mmc1: new SDHC card at address 0001"}
- {"dt": "2022-09-19T23:15:40.120014", "lvl": "target", "msg": "[    6.266564] mmcblk1: mmc1:0001 SD16G 14.6 GiB "}
- {"dt": "2022-09-19T23:15:40.120309", "lvl": "target", "msg": "[    6.274559]  mmcblk1: p1"}
- {"dt": "2022-09-19T23:15:40.612860", "lvl": "target", "msg": "[    6.761512] scsi 0:0:0:0: Direct-Access     VendorCo ProductCode      2.00 PQ: 0 ANSI: 4"}
- {"dt": "2022-09-19T23:15:40.616030", "lvl": "target", "msg": "[    6.772002] sd 0:0:0:0: [sda] 61440000 512-byte logical blocks: (31.5 GB/29.3 GiB)"}
- {"dt": "2022-09-19T23:15:40.628849", "lvl": "target", "msg": "[    6.781735] sd 0:0:0:0: [sda] Write Protect is off"}
- {"dt": "2022-09-19T23:15:40.631995", "lvl": "target", "msg": "[    6.788437] sd 0:0:0:0: [sda] No Caching mode page found"}
- {"dt": "2022-09-19T23:15:40.644850", "lvl": "target", "msg": "[    6.795535] sd 0:0:0:0: [sda] Assuming drive cache: write through"}
- {"dt": "2022-09-19T23:15:40.647996", "lvl": "target", "msg": "[    6.805166]  sda: sda1 sda2"}
- {"dt": "2022-09-19T23:15:40.663968", "lvl": "target", "msg": "[    6.810563] sd 0:0:0:0: [sda] Attached SCSI removable disk"}
- {"dt": "2022-09-19T23:15:42.724766", "lvl": "target", "msg": "[    8.874633] macb ff0e0000.ethernet eth0: Link is Up - 1Gbps/Full - flow control off"}
- {"dt": "2022-09-19T23:15:42.727854", "lvl": "target", "msg": "[    8.884205] IPv6: ADDRCONF(NETDEV_CHANGE): eth0: link becomes ready"}
- {"dt": "2022-09-19T23:15:45.092678", "lvl": "target", "msg": "[   11.240964] random: crng init done"}
- {"dt": "2022-09-19T23:15:45.095812", "lvl": "target", "msg": "[   11.246318] random: 4 urandom warning(s) missed due to ratelimiting"}
- {"dt": "2022-09-19T23:15:46.916773", "lvl": "target", "msg": ""}
- {"dt": "2022-09-19T23:15:46.932682", "lvl": "target", "msg": "Poky (Yocto Project Reference Distro) 3.4+snapshot-09631806b21144dee760ca6917edce49212d4a72 kira-recovery /dev/ttyPS1"}
- {"dt": "2022-09-19T23:15:46.932983", "lvl": "target", "msg": ""}
- {"dt": "2022-09-19T23:15:46.935897", "lvl": "debug", "msg": "Matched prompt #8: login:"}
- {"dt": "2022-09-19T23:15:46.936194", "lvl": "results", "msg": {"case": "kernel-messages", "definition": "lava", "duration": "13.45", "extra": {"extra": [{"success": "login:"}]}, "level": "2.3.1", "namespace": "common", "result": "pass"}}
- {"dt": "2022-09-19T23:15:46.936672", "lvl": "debug", "msg": "Sending username root"}
- {"dt": "2022-09-19T23:15:46.936917", "lvl": "input", "msg": "root\n"}
- {"dt": "2022-09-19T23:15:47.037882", "lvl": "target", "msg": "kira-recovery login:root"}
- {"dt": "2022-09-19T23:15:47.038217", "lvl": "debug", "msg": "Setting prompt string to ['kira-recovery:']"}
- {"dt": "2022-09-19T23:15:47.038459", "lvl": "info", "msg": "Waiting for password prompt"}
- {"dt": "2022-09-19T23:15:47.038745", "lvl": "debug", "msg": "login-action: Wait for prompt ['kira-recovery:', 'Password:', 'Login timed out'] (timeout 00:01:20)"}
- {"dt": "2022-09-19T23:15:47.039363", "lvl": "target", "msg": " root"}
- {"dt": "2022-09-19T23:15:47.047792", "lvl": "target", "msg": "root"}
- {"dt": "2022-09-19T23:15:50.055928", "lvl": "debug", "msg": "Sending password root"}
- {"dt": "2022-09-19T23:15:50.056325", "lvl": "input", "msg": "root\n"}
- {"dt": "2022-09-19T23:15:50.157243", "lvl": "target", "msg": "7[r[999;999H[6nroot@kira-recovery:~# root"}
- {"dt": "2022-09-19T23:15:50.157626", "lvl": "debug", "msg": "Setting prompt string to ['kira-recovery:']"}
- {"dt": "2022-09-19T23:15:50.157928", "lvl": "debug", "msg": "login-action: Wait for prompt ['kira-recovery:', 'Login incorrect', 'Login timed out'] (timeout 00:01:17)"}
- {"dt": "2022-09-19T23:15:50.158272", "lvl": "target", "msg": "root"}
- {"dt": "2022-09-19T23:15:50.167421", "lvl": "target", "msg": "root"}
- {"dt": "2022-09-19T23:15:50.167726", "lvl": "target", "msg": "-sh: root: not found"}
- {"dt": "2022-09-19T23:15:50.167941", "lvl": "target", "msg": "root@kira-recovery:~# "}
- {"dt": "2022-09-19T23:15:50.168359", "lvl": "debug", "msg": "Setting prompt string to ['kira-recovery:']"}
- {"dt": "2022-09-19T23:15:50.168640", "lvl": "debug", "msg": "end: 2.3.1 login-action (duration 00:00:17) [common]"}
- {"dt": "2022-09-19T23:15:50.168862", "lvl": "results", "msg": {"case": "login-action", "definition": "lava", "duration": "16.69", "extra": {"success": "login:"}, "level": "2.3.1", "namespace": "common", "result": "pass"}}
- {"dt": "2022-09-19T23:15:50.169340", "lvl": "debug", "msg": "end: 2.3 auto-login-action (duration 00:00:28) [common]"}
- {"dt": "2022-09-19T23:15:50.169596", "lvl": "info", "msg": "end: 2 minimal-boot (duration 00:00:43) [common]"}
- {"dt": "2022-09-19T23:15:50.169853", "lvl": "info", "msg": "start: 3 finalize (timeout 00:10:00) [common]"}
- {"dt": "2022-09-19T23:15:50.170152", "lvl": "debug", "msg": "start: 3.1 power-off (timeout 00:00:10) [common]"}
- {"dt": "2022-09-19T23:15:50.170552", "lvl": "debug", "msg": "Calling: 'nice' '/usr/local/bin/relayctl' 'relay3' '1' 'off'"}
- {"dt": "2022-09-19T23:15:50.219323", "lvl": "debug", "msg": "Returned 0 in 0 seconds"}
- {"dt": "2022-09-19T23:15:50.320530", "lvl": "debug", "msg": "Calling: 'nice' '/usr/local/bin/relayctl' 'relay3' '2' 'off'"}
- {"dt": "2022-09-19T23:15:50.369750", "lvl": "debug", "msg": "Returned 0 in 0 seconds"}
- {"dt": "2022-09-19T23:15:50.471006", "lvl": "debug", "msg": "end: 3.1 power-off (duration 00:00:00) [common]"}
- {"dt": "2022-09-19T23:15:50.471349", "lvl": "results", "msg": {"case": "power-off", "definition": "lava", "duration": "0.30", "extra": {"status": "success"}, "level": "3.1", "namespace": "common", "result": "pass"}}
- {"dt": "2022-09-19T23:15:50.471856", "lvl": "debug", "msg": "start: 3.2 read-feedback (timeout 00:10:00) [common]"}
- {"dt": "2022-09-19T23:15:50.472458", "lvl": "debug", "msg": "Listened to connection for namespace 'common' for up to 1s"}
- {"dt": "2022-09-19T23:15:50.473008", "lvl": "debug", "msg": "Listened to connection for namespace 'common' for up to 1s"}
- {"dt": "2022-09-19T23:15:51.477309", "lvl": "info", "msg": "Finalising connection for namespace 'common'"}
- {"dt": "2022-09-19T23:15:51.477656", "lvl": "info", "msg": "Disconnecting from telnet: Finalise"}
- {"dt": "2022-09-19T23:15:51.477902", "lvl": "input", "msg": "]"}
- {"dt": "2022-09-19T23:15:51.478222", "lvl": "input", "msg": "quit\n"}
- {"dt": "2022-09-19T23:15:51.579204", "lvl": "target", "msg": "root@kira-recovery:~# \x1Dquit"}
- {"dt": "2022-09-19T23:15:51.680300", "lvl": "debug", "msg": "end: 3.2 read-feedback (duration 00:00:01) [common]"}
- {"dt": "2022-09-19T23:15:51.680662", "lvl": "info", "msg": "end: 3 finalize (duration 00:00:02) [common]"}
- {"dt": "2022-09-19T23:15:51.680992", "lvl": "info", "msg": "Cleaning after the job"}
- {"dt": "2022-09-19T23:15:51.681325", "lvl": "debug", "msg": "Cleaning up download directory: /var/lib/lava/dispatcher/tmp/281/deploy-flasher-1v7bnjxe/boot"}
- {"dt": "2022-09-19T23:15:51.682406", "lvl": "debug", "msg": "Cleaning up download directory: /var/lib/lava/dispatcher/tmp/281/deploy-flasher-1v7bnjxe/sd"}
- {"dt": "2022-09-19T23:15:51.699125", "lvl": "info", "msg": "Root tmp directory removed at /var/lib/lava/dispatcher/tmp/281"}
- {"dt": "2022-09-19T23:15:51.699780", "lvl": "info", "msg": "Job finished correctly"}
- {"dt": "2022-09-19T23:15:51.700036", "lvl": "results", "msg": {"case": "job", "definition": "lava", "result": "pass"}}
